ASxxxx Linker V02.00 + NoICE + sdld,  page 1.
Hexadecimal  [32-Bits]

Area                                    Addr        Size        Decimal Bytes (Attributes)
--------------------------------        ----        ----        ------- ----- ------------
CABS                                00000000    00000000 =           0. bytes (ABS,CON,CODE)

      Value  Global                              Global Defined In Module
      -----  --------------------------------   ------------------------
     0C:   00000000  l_CABS                          
     0C:   00000000  l_GSINIT                        
     0C:   00000000  l_GSINIT1                       
     0C:   00000000  l_GSINIT5                       
     0C:   00000000  l_IABS                          
     0C:   00000000  l_ISEG                          
     0C:   00000000  l_OSEG                          
     0C:   00000000  l_PSEG                          
     0C:   00000000  l_REG_BANK_1                    
     0C:   00000000  l_REG_BANK_2                    
     0C:   00000000  l_REG_BANK_3                    
     0C:   00000000  l_RSEG                          
     0C:   00000000  l_RSEG0                         
     0C:   00000000  l_RSEG1                         
     0C:   00000000  l_XABS                          
     0C:   00000000  l_XINIT                         
     0C:   00000000  l_XISEG                         
     0C:   00000000  l_XSEG                          
     0C:   00000000  l__CODE                         
     0C:   00000000  s_BSEG                          
     0C:   00000000  s_CABS                          
     0C:   00000000  s_DSEG                          
     0C:   00000000  s_HOME                          
     0C:   00000000  s_IABS                          
     0C:   00000000  s_ISEG                          
     0C:   00000000  s_PSEG                          
     0C:   00000000  s_REG_BANK_0                    
     0C:   00000000  s_RSEG                          
     0C:   00000000  s_RSEG0                         
     0C:   00000000  s_RSEG1                         
     0C:   00000000  s_XABS                          
     0C:   00000000  s_XISEG                         
     0C:   00000000  s_XSEG                          
     0C:   00000001  l_BIT_BANK                      
     0C:   00000003  l_BSEG_BYTES                    
     0C:   00000003  l_GSFINAL                       
     0C:   00000003  l_GSINIT0                       
     0C:   00000008  l_REG_BANK_0                    
     0C:   00000008  s_REG_BANK_1                    
     0C:   0000000A  l_GSINIT2                       
     0C:   00000010  s_REG_BANK_2                    
     0C:   00000013  l_BSEG                          
     0C:   00000018  s_REG_BANK_3                    
     0C:   0000001C  l_CONST                         
     0C:   00000020  s_BSEG_BYTES                    
     0C:   00000020  s__CODE                         
     0C:   00000022  l_GSINIT3                       
     0C:   00000023  l_HOME                          
     0C:   00000023  s_BIT_BANK                      
     0C:   00000023  s_GSINIT0                       
ASxxxx Linker V02.00 + NoICE + sdld,  page 2.
Hexadecimal  [32-Bits]

Area                                    Addr        Size        Decimal Bytes (Attributes)
--------------------------------        ----        ----        ------- ----- ------------
CABS                                00000000    00000000 =           0. bytes (ABS,CON,CODE)

      Value  Global                              Global Defined In Module
      -----  --------------------------------   ------------------------
     0C:   00000023  s_OSEG                          
     0C:   00000026  s_GSINIT1                       
     0C:   00000026  s_GSINIT2                       
     0C:   0000002A  l_GSINIT4                       
     0C:   00000030  s_GSINIT3                       
     0C:   00000052  s_GSINIT4                       
     0C:   00000069  l_DSEG                          
     0C:   0000007C  s_GSFINAL                       
     0C:   0000007C  s_GSINIT                        
     0C:   0000007C  s_GSINIT5                       
     0C:   0000007C  s_SSEG                          
     0C:   0000007F  s_CSEG                          
     0C:   00000084  l_SSEG                          
     0C:   00000100  l_IRAM                          
     0C:   00001793  l_CSEG                          
     0C:   00001812  s_CONST                         
     0C:   0000182E  s_XINIT                         

ASxxxx Linker V02.00 + NoICE + sdld,  page 3.
Hexadecimal  [32-Bits]

Area                                    Addr        Size        Decimal Bytes (Attributes)
--------------------------------        ----        ----        ------- ----- ------------
.	.ABS.                             00000000    00000000 =           0. bytes (ABS,CON)

      Value  Global                              Global Defined In Module
      -----  --------------------------------   ------------------------
           00000000  .__.ABS.                           _startup
           00000000  G$RAM$0$0                          fb_app_rollo10
           00000000  _RAM                               fb_app_rollo10
           00000009  G$delay_toggle$0$0                 fb_app_rollo10
           00000009  G$timer$0$0                        fb_app_rollo10
           00000009  _delay_toggle                      fb_app_rollo10
           00000009  _timer                             fb_app_rollo10
           0000000B  G$objects_move$0$0                 fb_app_rollo10
           0000000B  _objects_move                      fb_app_rollo10
           0000000C  G$objects_smove$0$0                fb_app_rollo10
           0000000C  _objects_smove                     fb_app_rollo10
           0000000D  G$portbuffer$0$0                   fb_app_rollo10
           0000000D  _portbuffer                        fb_app_rollo10
           0000000E  G$oldportbuffer$0$0                fb_app_rollo10
           0000000E  _oldportbuffer                     fb_app_rollo10
           0000000F  G$blocked$0$0                      fb_app_rollo10
           0000000F  _blocked                           fb_app_rollo10
           00000010  G$timerbase$0$0                    fb_app_rollo10
           00000010  _timerbase                         fb_app_rollo10
           00000080  G$P0$0$0                           fb_lpc922
           00000080  G$P0_0$0$0                         fb_lpc922
           00000080  _P0                                fb_lpc922
           00000080  _P0_0                              fb_lpc922
           00000081  G$P0_1$0$0                         fb_lpc922
           00000081  G$SP$0$0                           fb_lpc922
           00000081  _P0_1                              fb_lpc922
           00000081  _SP                                fb_lpc922
           00000082  G$DPL$0$0                          fb_lpc922
           00000082  G$P0_2$0$0                         fb_lpc922
           00000082  _DPL                               fb_lpc922
           00000082  _P0_2                              fb_lpc922
           00000083  G$DPH$0$0                          fb_lpc922
           00000083  G$P0_3$0$0                         fb_lpc922
           00000083  _DPH                               fb_lpc922
           00000083  _P0_3                              fb_lpc922
           00000084  G$P0M1$0$0                         fb_lpc922
           00000084  G$P0_4$0$0                         fb_lpc922
           00000084  _P0M1                              fb_lpc922
           00000084  _P0_4                              fb_lpc922
           00000085  G$P0M2$0$0                         fb_lpc922
           00000085  G$P0_5$0$0                         fb_lpc922
           00000085  _P0M2                              fb_lpc922
           00000085  _P0_5                              fb_lpc922
           00000086  G$KBMASK$0$0                       fb_lpc922
           00000086  G$P0_6$0$0                         fb_lpc922
           00000086  _KBMASK                            fb_lpc922
           00000086  _P0_6                              fb_lpc922
           00000087  G$P0_7$0$0                         fb_lpc922
           00000087  G$PCON$0$0                         fb_lpc922
           00000087  _P0_7                              fb_lpc922
ASxxxx Linker V02.00 + NoICE + sdld,  page 4.
Hexadecimal  [32-Bits]

Area                                    Addr        Size        Decimal Bytes (Attributes)
--------------------------------        ----        ----        ------- ----- ------------
.	.ABS.                             00000000    00000000 =           0. bytes (ABS,CON)

      Value  Global                              Global Defined In Module
      -----  --------------------------------   ------------------------
           00000087  _PCON                              fb_lpc922
           00000088  G$TCON$0$0                         fb_lpc922
           00000088  G$TCON_0$0$0                       fb_lpc922
           00000088  _TCON                              fb_lpc922
           00000088  _TCON_0                            fb_lpc922
           00000089  G$TCON_1$0$0                       fb_lpc922
           00000089  G$TMOD$0$0                         fb_lpc922
           00000089  _TCON_1                            fb_lpc922
           00000089  _TMOD                              fb_lpc922
           0000008A  G$TCON_2$0$0                       fb_lpc922
           0000008A  G$TL0$0$0                          fb_lpc922
           0000008A  _TCON_2                            fb_lpc922
           0000008A  _TL0                               fb_lpc922
           0000008B  G$TCON_3$0$0                       fb_lpc922
           0000008B  G$TL1$0$0                          fb_lpc922
           0000008B  _TCON_3                            fb_lpc922
           0000008B  _TL1                               fb_lpc922
           0000008C  G$TCON_4$0$0                       fb_lpc922
           0000008C  G$TH0$0$0                          fb_lpc922
           0000008C  _TCON_4                            fb_lpc922
           0000008C  _TH0                               fb_lpc922
           0000008D  G$TCON_5$0$0                       fb_lpc922
           0000008D  G$TH1$0$0                          fb_lpc922
           0000008D  _TCON_5                            fb_lpc922
           0000008D  _TH1                               fb_lpc922
           0000008E  G$TCON_6$0$0                       fb_lpc922
           0000008E  _TCON_6                            fb_lpc922
           0000008F  G$TAMOD$0$0                        fb_lpc922
           0000008F  G$TCON_7$0$0                       fb_lpc922
           0000008F  _TAMOD                             fb_lpc922
           0000008F  _TCON_7                            fb_lpc922
           00000090  G$P1$0$0                           fb_lpc922
           00000090  G$P1_0$0$0                         fb_lpc922
           00000090  _P1                                fb_lpc922
           00000090  _P1_0                              fb_lpc922
           00000091  G$P1M1$0$0                         fb_lpc922
           00000091  G$P1_1$0$0                         fb_lpc922
           00000091  _P1M1                              fb_lpc922
           00000091  _P1_1                              fb_lpc922
           00000092  G$P1M2$0$0                         fb_lpc922
           00000092  G$P1_2$0$0                         fb_lpc922
           00000092  _P1M2                              fb_lpc922
           00000092  _P1_2                              fb_lpc922
           00000093  G$KBPATN$0$0                       fb_lpc922
           00000093  G$P1_3$0$0                         fb_lpc922
           00000093  _KBPATN                            fb_lpc922
           00000093  _P1_3                              fb_lpc922
           00000094  G$KBCON$0$0                        fb_lpc922
           00000094  G$P1_4$0$0                         fb_lpc922
           00000094  _KBCON                             fb_lpc922
           00000094  _P1_4                              fb_lpc922
ASxxxx Linker V02.00 + NoICE + sdld,  page 5.
Hexadecimal  [32-Bits]

Area                                    Addr        Size        Decimal Bytes (Attributes)
--------------------------------        ----        ----        ------- ----- ------------
.	.ABS.                             00000000    00000000 =           0. bytes (ABS,CON)

      Value  Global                              Global Defined In Module
      -----  --------------------------------   ------------------------
           00000095  G$DIVM$0$0                         fb_lpc922
           00000095  G$P1_5$0$0                         fb_lpc922
           00000095  _DIVM                              fb_lpc922
           00000095  _P1_5                              fb_lpc922
           00000096  G$P1_6$0$0                         fb_lpc922
           00000096  G$TRIM$0$0                         fb_lpc922
           00000096  _P1_6                              fb_lpc922
           00000096  _TRIM                              fb_lpc922
           00000097  G$P1_7$0$0                         fb_lpc922
           00000097  _P1_7                              fb_lpc922
           00000098  G$SCON$0$0                         fb_lpc922
           00000098  G$SCON_0$0$0                       fb_lpc922
           00000098  _SCON                              fb_lpc922
           00000098  _SCON_0                            fb_lpc922
           00000099  G$SBUF$0$0                         fb_lpc922
           00000099  G$SCON_1$0$0                       fb_lpc922
           00000099  _SBUF                              fb_lpc922
           00000099  _SCON_1                            fb_lpc922
           0000009A  G$SCON_2$0$0                       fb_lpc922
           0000009A  _SCON_2                            fb_lpc922
           0000009B  G$SCON_3$0$0                       fb_lpc922
           0000009B  _SCON_3                            fb_lpc922
           0000009C  G$SCON_4$0$0                       fb_lpc922
           0000009C  _SCON_4                            fb_lpc922
           0000009D  G$SCON_5$0$0                       fb_lpc922
           0000009D  _SCON_5                            fb_lpc922
           0000009E  G$SCON_6$0$0                       fb_lpc922
           0000009E  _SCON_6                            fb_lpc922
           0000009F  G$SCON_7$0$0                       fb_lpc922
           0000009F  _SCON_7                            fb_lpc922
           000000A0  __XPAGE                            
           000000A2  G$AUXR1$0$0                        fb_lpc922
           000000A2  _AUXR1                             fb_lpc922
           000000A7  G$WDCON$0$0                        fb_lpc922
           000000A7  _WDCON                             fb_lpc922
           000000A8  G$IEN0$0$0                         fb_lpc922
           000000A8  G$IEN0_0$0$0                       fb_lpc922
           000000A8  _IEN0                              fb_lpc922
           000000A8  _IEN0_0                            fb_lpc922
           000000A9  G$IEN0_1$0$0                       fb_lpc922
           000000A9  G$SADDR$0$0                        fb_lpc922
           000000A9  _IEN0_1                            fb_lpc922
           000000A9  _SADDR                             fb_lpc922
           000000AA  G$IEN0_2$0$0                       fb_lpc922
           000000AA  _IEN0_2                            fb_lpc922
           000000AB  G$IEN0_3$0$0                       fb_lpc922
           000000AB  _IEN0_3                            fb_lpc922
           000000AC  G$CMP1$0$0                         fb_lpc922
           000000AC  G$IEN0_4$0$0                       fb_lpc922
           000000AC  _CMP1                              fb_lpc922
           000000AC  _IEN0_4                            fb_lpc922
ASxxxx Linker V02.00 + NoICE + sdld,  page 6.
Hexadecimal  [32-Bits]

Area                                    Addr        Size        Decimal Bytes (Attributes)
--------------------------------        ----        ----        ------- ----- ------------
.	.ABS.                             00000000    00000000 =           0. bytes (ABS,CON)

      Value  Global                              Global Defined In Module
      -----  --------------------------------   ------------------------
           000000AD  G$CMP2$0$0                         fb_lpc922
           000000AD  G$IEN0_5$0$0                       fb_lpc922
           000000AD  _CMP2                              fb_lpc922
           000000AD  _IEN0_5                            fb_lpc922
           000000AE  G$IEN0_6$0$0                       fb_lpc922
           000000AE  _IEN0_6                            fb_lpc922
           000000AF  G$IEN0_7$0$0                       fb_lpc922
           000000AF  _IEN0_7                            fb_lpc922
           000000B0  G$P3$0$0                           fb_lpc922
           000000B0  G$P3_0$0$0                         fb_lpc922
           000000B0  _P3                                fb_lpc922
           000000B0  _P3_0                              fb_lpc922
           000000B1  G$P3M1$0$0                         fb_lpc922
           000000B1  G$P3_1$0$0                         fb_lpc922
           000000B1  _P3M1                              fb_lpc922
           000000B1  _P3_1                              fb_lpc922
           000000B2  G$P3M2$0$0                         fb_lpc922
           000000B2  _P3M2                              fb_lpc922
           000000B5  G$PCONA$0$0                        fb_lpc922
           000000B5  _PCONA                             fb_lpc922
           000000B7  G$IP0H$0$0                         fb_lpc922
           000000B7  _IP0H                              fb_lpc922
           000000B8  G$IP0$0$0                          fb_lpc922
           000000B8  G$IP0_0$0$0                        fb_lpc922
           000000B8  _IP0                               fb_lpc922
           000000B8  _IP0_0                             fb_lpc922
           000000B9  G$IP0_1$0$0                        fb_lpc922
           000000B9  G$SADEN$0$0                        fb_lpc922
           000000B9  _IP0_1                             fb_lpc922
           000000B9  _SADEN                             fb_lpc922
           000000BA  G$IP0_2$0$0                        fb_lpc922
           000000BA  G$SSTAT$0$0                        fb_lpc922
           000000BA  _IP0_2                             fb_lpc922
           000000BA  _SSTAT                             fb_lpc922
           000000BB  G$IP0_3$0$0                        fb_lpc922
           000000BB  _IP0_3                             fb_lpc922
           000000BC  G$IP0_4$0$0                        fb_lpc922
           000000BC  _IP0_4                             fb_lpc922
           000000BD  G$BRGCON$0$0                       fb_lpc922
           000000BD  G$IP0_5$0$0                        fb_lpc922
           000000BD  _BRGCON                            fb_lpc922
           000000BD  _IP0_5                             fb_lpc922
           000000BE  G$BRGR0$0$0                        fb_lpc922
           000000BE  G$IP0_6$0$0                        fb_lpc922
           000000BE  _BRGR0                             fb_lpc922
           000000BE  _IP0_6                             fb_lpc922
           000000BF  G$BRGR1$0$0                        fb_lpc922
           000000BF  _BRGR1                             fb_lpc922
           000000C1  G$WDL$0$0                          fb_lpc922
           000000C1  _WDL                               fb_lpc922
           000000C2  G$WFEED1$0$0                       fb_lpc922
ASxxxx Linker V02.00 + NoICE + sdld,  page 7.
Hexadecimal  [32-Bits]

Area                                    Addr        Size        Decimal Bytes (Attributes)
--------------------------------        ----        ----        ------- ----- ------------
.	.ABS.                             00000000    00000000 =           0. bytes (ABS,CON)

      Value  Global                              Global Defined In Module
      -----  --------------------------------   ------------------------
           000000C2  _WFEED1                            fb_lpc922
           000000C3  G$WFEED2$0$0                       fb_lpc922
           000000C3  _WFEED2                            fb_lpc922
           000000D0  G$PSW$0$0                          fb_lpc922
           000000D0  G$PSW_0$0$0                        fb_lpc922
           000000D0  _PSW                               fb_lpc922
           000000D0  _PSW_0                             fb_lpc922
           000000D1  G$PSW_1$0$0                        fb_lpc922
           000000D1  G$RTCCON$0$0                       fb_lpc922
           000000D1  _PSW_1                             fb_lpc922
           000000D1  _RTCCON                            fb_lpc922
           000000D2  G$PSW_2$0$0                        fb_lpc922
           000000D2  G$RTCH$0$0                         fb_lpc922
           000000D2  _PSW_2                             fb_lpc922
           000000D2  _RTCH                              fb_lpc922
           000000D3  G$PSW_3$0$0                        fb_lpc922
           000000D3  G$RTCL$0$0                         fb_lpc922
           000000D3  _PSW_3                             fb_lpc922
           000000D3  _RTCL                              fb_lpc922
           000000D4  G$PSW_4$0$0                        fb_lpc922
           000000D4  _PSW_4                             fb_lpc922
           000000D5  G$PSW_5$0$0                        fb_lpc922
           000000D5  _PSW_5                             fb_lpc922
           000000D6  G$PSW_6$0$0                        fb_lpc922
           000000D6  _PSW_6                             fb_lpc922
           000000D7  G$PSW_7$0$0                        fb_lpc922
           000000D7  _PSW_7                             fb_lpc922
           000000D8  G$I2CON$0$0                        fb_lpc922
           000000D8  G$I2CON_0$0$0                      fb_lpc922
           000000D8  _I2CON                             fb_lpc922
           000000D8  _I2CON_0                           fb_lpc922
           000000D9  G$I2STAT$0$0                       fb_lpc922
           000000D9  _I2STAT                            fb_lpc922
           000000DA  G$I2CON_2$0$0                      fb_lpc922
           000000DA  G$I2DAT$0$0                        fb_lpc922
           000000DA  _I2CON_2                           fb_lpc922
           000000DA  _I2DAT                             fb_lpc922
           000000DB  G$I2ADR$0$0                        fb_lpc922
           000000DB  G$I2CON_3$0$0                      fb_lpc922
           000000DB  _I2ADR                             fb_lpc922
           000000DB  _I2CON_3                           fb_lpc922
           000000DC  G$I2CON_4$0$0                      fb_lpc922
           000000DC  G$I2SCLL$0$0                       fb_lpc922
           000000DC  _I2CON_4                           fb_lpc922
           000000DC  _I2SCLL                            fb_lpc922
           000000DD  G$I2CON_5$0$0                      fb_lpc922
           000000DD  G$I2SCLH$0$0                       fb_lpc922
           000000DD  _I2CON_5                           fb_lpc922
           000000DD  _I2SCLH                            fb_lpc922
           000000DE  G$I2CON_6$0$0                      fb_lpc922
           000000DE  _I2CON_6                           fb_lpc922
ASxxxx Linker V02.00 + NoICE + sdld,  page 8.
Hexadecimal  [32-Bits]

Area                                    Addr        Size        Decimal Bytes (Attributes)
--------------------------------        ----        ----        ------- ----- ------------
.	.ABS.                             00000000    00000000 =           0. bytes (ABS,CON)

      Value  Global                              Global Defined In Module
      -----  --------------------------------   ------------------------
           000000DF  G$RSTSRC$0$0                       fb_lpc922
           000000DF  _RSTSRC                            fb_lpc922
           000000E0  G$ACC$0$0                          fb_lpc922
           000000E0  _ACC                               fb_lpc922
           000000E4  G$FMCON$0$0                        fb_lpc922
           000000E4  _FMCON                             fb_lpc922
           000000E5  G$FMDATA$0$0                       fb_lpc922
           000000E5  _FMDATA                            fb_lpc922
           000000E6  G$FMADRL$0$0                       fb_lpc922
           000000E6  _FMADRL                            fb_lpc922
           000000E7  G$FMADRH$0$0                       fb_lpc922
           000000E7  _FMADRH                            fb_lpc922
           000000E8  G$IEN1$0$0                         fb_lpc922
           000000E8  G$IEN1_0$0$0                       fb_lpc922
           000000E8  _IEN1                              fb_lpc922
           000000E8  _IEN1_0                            fb_lpc922
           000000E9  G$IEN1_1$0$0                       fb_lpc922
           000000E9  _IEN1_1                            fb_lpc922
           000000EA  G$IEN1_2$0$0                       fb_lpc922
           000000EA  _IEN1_2                            fb_lpc922
           000000F0  G$B$0$0                            fb_lpc922
           000000F0  _B                                 fb_lpc922
           000000F6  G$PT0AD$0$0                        fb_lpc922
           000000F6  _PT0AD                             fb_lpc922
           000000F7  G$IP1H$0$0                         fb_lpc922
           000000F7  _IP1H                              fb_lpc922
           000000F8  G$IP1$0$0                          fb_lpc922
           000000F8  G$IP1_0$0$0                        fb_lpc922
           000000F8  _IP1                               fb_lpc922
           000000F8  _IP1_0                             fb_lpc922
           000000F9  G$IP1_1$0$0                        fb_lpc922
           000000F9  _IP1_1                             fb_lpc922
           000000FA  G$IP1_2$0$0                        fb_lpc922
           000000FA  _IP1_2                             fb_lpc922
           000000FE  G$IP1_6$0$0                        fb_lpc922
           000000FE  _IP1_6                             fb_lpc922
           00001BFD  Ffb_app_rollo10$blockedsave$0$0    fb_app_rollo10
           00001BFD  Lfb_rollo10.main$blockedsave$1$1   fb_rollo10
           00001BFF  Lfb_rollo10.main$trimsave$1$1      fb_rollo10
           00001C00  G$userram$0$0                      fb_lpc922
           00001C00  _userram                           fb_lpc922
           00001D00  G$eeprom$0$0                       fb_lpc922
           00001D00  _eeprom                            fb_lpc922
ASxxxx Linker V02.00 + NoICE + sdld,  page 9.
Hexadecimal  [32-Bits]

Area                                    Addr        Size        Decimal Bytes (Attributes)
--------------------------------        ----        ----        ------- ----- ------------
BSEG_BYTES                          00000020    00000003 =           3. bytes (REL,CON)

      Value  Global                              Global Defined In Module
      -----  --------------------------------   ------------------------
ASxxxx Linker V02.00 + NoICE + sdld,  page 10.
Hexadecimal  [32-Bits]

Area                                    Addr        Size        Decimal Bytes (Attributes)
--------------------------------        ----        ----        ------- ----- ------------
REG_BANK_0                          00000000    00000008 =           8. bytes (REL,OVR)

      Value  Global                              Global Defined In Module
      -----  --------------------------------   ------------------------
ASxxxx Linker V02.00 + NoICE + sdld,  page 11.
Hexadecimal  [32-Bits]

Area                                    Addr        Size        Decimal Bytes (Attributes)
--------------------------------        ----        ----        ------- ----- ------------
BSEG                                00000000    00000013 =          19. bytes (REL,CON,BIT)

      Value  Global                              Global Defined In Module
      -----  --------------------------------   ------------------------
     0B:   00000000  G$portchanged$0$0                  fb_app_rollo10
     0B:   00000000  _portchanged                       fb_app_rollo10
     0B:   00000001  G$state$0$0                        fb_app_rollo10
     0B:   00000001  _state                             fb_app_rollo10
     0B:   00000002  G$handmode$0$0                     fb_app_rollo10
     0B:   00000002  _handmode                          fb_app_rollo10
     0B:   00000003  G$parity_ok$0$0                    fb_lpc922
     0B:   00000003  _parity_ok                         fb_lpc922
     0B:   00000004  G$interrupted$0$0                  fb_lpc922
     0B:   00000004  _interrupted                       fb_lpc922
     0B:   00000005  G$fb_parity$0$0                    fb_lpc922
     0B:   00000005  _fb_parity                         fb_lpc922
     0B:   00000006  G$ack$0$0                          fb_lpc922
     0B:   00000006  _ack                               fb_lpc922
     0B:   00000007  G$nack$0$0                         fb_lpc922
     0B:   00000007  _nack                              fb_lpc922
     0B:   00000008  G$its_me$0$0                       fb_lpc922
     0B:   00000008  _its_me                            fb_lpc922
     0B:   00000009  G$tel_arrived$0$0                  fb_lpc922
     0B:   00000009  _tel_arrived                       fb_lpc922
     0B:   0000000A  G$tel_sent$0$0                     fb_lpc922
     0B:   0000000A  _tel_sent                          fb_lpc922
     0B:   0000000B  G$auto_ack$0$0                     fb_lpc922
     0B:   0000000B  _auto_ack                          fb_lpc922
     0B:   0000000C  G$fbtx_bit$0$0                     fb_lpc922
     0B:   0000000C  _fbtx_bit                          fb_lpc922
     0B:   0000000D  G$wait_for_ack$0$0                 fb_lpc922
     0B:   0000000D  _wait_for_ack                      fb_lpc922
     0B:   0000000E  G$send_ack$0$0                     fb_lpc922
     0B:   0000000E  _send_ack                          fb_lpc922
     0B:   0000000F  G$send_nack$0$0                    fb_lpc922
     0B:   0000000F  _send_nack                         fb_lpc922
     0B:   00000010  G$transparency$0$0                 fb_lpc922
     0B:   00000010  _transparency                      fb_lpc922
     0B:   00000011  G$connected$0$0                    fb_lpc922
     0B:   00000011  _connected                         fb_lpc922
     0B:   00000012  G$inc_pcount$0$0                   fb_lpc922
     0B:   00000012  _inc_pcount                        fb_lpc922

ASxxxx Linker V02.00 + NoICE + sdld,  page 12.
Hexadecimal  [32-Bits]

Area                                    Addr        Size        Decimal Bytes (Attributes)
--------------------------------        ----        ----        ------- ----- ------------
BIT_BANK                            00000023    00000001 =           1. bytes (REL,OVR)

      Value  Global                              Global Defined In Module
      -----  --------------------------------   ------------------------
ASxxxx Linker V02.00 + NoICE + sdld,  page 13.
Hexadecimal  [32-Bits]

Area                                    Addr        Size        Decimal Bytes (Attributes)
--------------------------------        ----        ----        ------- ----- ------------
DSEG                                00000000    00000069 =         105. bytes (REL,CON)

      Value  Global                              Global Defined In Module
      -----  --------------------------------   ------------------------
           00000008  _bp                                _bp
           00000024  G$timercnt$0$0                     fb_app_rollo10
           00000024  _timercnt                          fb_app_rollo10
           00000034  G$timerstate$0$0                   fb_app_rollo10
           00000034  _timerstate                        fb_app_rollo10
           00000044  G$Tval$0$0                         fb_app_rollo10
           00000044  _Tval                              fb_app_rollo10
           00000045  G$zfstate$0$0                      fb_app_rollo10
           00000045  _zfstate                           fb_app_rollo10
           00000046  G$oldblockvalue$0$0                fb_app_rollo10
           00000046  _oldblockvalue                     fb_app_rollo10
           00000047  G$kanal$0$0                        fb_app_rollo10
           00000047  _kanal                             fb_app_rollo10
           0000004B  G$knr$0$0                          fb_app_rollo10
           0000004B  _knr                               fb_app_rollo10
           0000004C  G$ledport$0$0                      fb_app_rollo10
           0000004C  _ledport                           fb_app_rollo10
           0000004D  G$conh$0$0                         fb_lpc922
           0000004D  _conh                              fb_lpc922
           0000004E  G$conl$0$0                         fb_lpc922
           0000004E  _conl                              fb_lpc922
           0000004F  G$pcount$0$0                       fb_lpc922
           0000004F  _pcount                            fb_lpc922
           00000050  G$mem_length$0$0                   fb_lpc922
           00000050  _mem_length                        fb_lpc922
           00000051  G$mem_adrh$0$0                     fb_lpc922
           00000051  _mem_adrh                          fb_lpc922
           00000052  G$mem_adrl$0$0                     fb_lpc922
           00000052  _mem_adrl                          fb_lpc922
           00000053  G$senders_pcount$0$0               fb_lpc922
           00000053  _senders_pcount                    fb_lpc922
           00000054  G$telegramm$0$0                    fb_lpc922
           00000054  _telegramm                         fb_lpc922
           0000006B  G$tx_buffer$0$0                    fb_lpc922
           0000006B  _tx_buffer                         fb_lpc922
           00000073  G$telpos$0$0                       fb_lpc922
           00000073  _telpos                            fb_lpc922
           00000074  G$cs$0$0                           fb_lpc922
           00000074  _cs                                fb_lpc922
           00000075  G$fbrx_byte$0$0                    fb_lpc922
           00000075  _fbrx_byte                         fb_lpc922
           00000076  G$fb_pattern$0$0                   fb_lpc922
           00000076  _fb_pattern                        fb_lpc922
           00000077  G$fb_state$0$0                     fb_lpc922
           00000077  _fb_state                          fb_lpc922
           00000078  G$repeat_count$0$0                 fb_lpc922
           00000078  _repeat_count                      fb_lpc922
           00000079  G$tx_nextwrite$0$0                 fb_lpc922
           00000079  _tx_nextwrite                      fb_lpc922
           0000007A  G$tx_nextsend$0$0                  fb_lpc922
ASxxxx Linker V02.00 + NoICE + sdld,  page 14.
Hexadecimal  [32-Bits]

Area                                    Addr        Size        Decimal Bytes (Attributes)
--------------------------------        ----        ----        ------- ----- ------------
DSEG                                00000000    00000069 =         105. bytes (REL,CON)

      Value  Global                              Global Defined In Module
      -----  --------------------------------   ------------------------
           0000007A  _tx_nextsend                       fb_lpc922
           0000007B  G$status60$0$0                     fb_lpc922
           0000007B  _status60                          fb_lpc922

ASxxxx Linker V02.00 + NoICE + sdld,  page 15.
Hexadecimal  [32-Bits]

Area                                    Addr        Size        Decimal Bytes (Attributes)
--------------------------------        ----        ----        ------- ----- ------------
SSEG                                0000007C    00000084 =         132. bytes (REL,OVR)

      Value  Global                              Global Defined In Module
      -----  --------------------------------   ------------------------
           0000007C  __start__stack                     fb_rollo10

ASxxxx Linker V02.00 + NoICE + sdld,  page 16.
Hexadecimal  [32-Bits]

Area                                    Addr        Size        Decimal Bytes (Attributes)
--------------------------------        ----        ----        ------- ----- ------------
HOME                                00000000    00000023 =          35. bytes (REL,CON,CODE)

      Value  Global                              Global Defined In Module
      -----  --------------------------------   ------------------------
     0C:   00000000  A$fb_rollo10$515                   fb_rollo10
     0C:   00000003  A$fb_rollo10$516                   fb_rollo10
     0C:   0000000B  A$fb_rollo10$518                   fb_rollo10
     0C:   00000013  A$fb_rollo10$520                   fb_rollo10
     0C:   0000001B  A$fb_rollo10$522                   fb_rollo10
     0C:   0000001E  A$fb_rollo10$544                   fb_rollo10
     0C:   0000001E  __sdcc_program_startup             fb_rollo10
     0C:   00000021  A$fb_rollo10$546                   fb_rollo10

ASxxxx Linker V02.00 + NoICE + sdld,  page 17.
Hexadecimal  [32-Bits]

Area                                    Addr        Size        Decimal Bytes (Attributes)
--------------------------------        ----        ----        ------- ----- ------------
GSINIT0                             00000023    00000003 =           3. bytes (REL,CON,CODE)

      Value  Global                              Global Defined In Module
      -----  --------------------------------   ------------------------
     0C:   00000023  __sdcc_gsinit_startup              

ASxxxx Linker V02.00 + NoICE + sdld,  page 18.
Hexadecimal  [32-Bits]

Area                                    Addr        Size        Decimal Bytes (Attributes)
--------------------------------        ----        ----        ------- ----- ------------
GSINIT2                             00000026    0000000A =          10. bytes (REL,CON,CODE)

      Value  Global                              Global Defined In Module
      -----  --------------------------------   ------------------------
ASxxxx Linker V02.00 + NoICE + sdld,  page 19.
Hexadecimal  [32-Bits]

Area                                    Addr        Size        Decimal Bytes (Attributes)
--------------------------------        ----        ----        ------- ----- ------------
GSINIT3                             00000030    00000022 =          34. bytes (REL,CON,CODE)

      Value  Global                              Global Defined In Module
      -----  --------------------------------   ------------------------
     0C:   00000030  __mcs51_genXINIT                   

ASxxxx Linker V02.00 + NoICE + sdld,  page 20.
Hexadecimal  [32-Bits]

Area                                    Addr        Size        Decimal Bytes (Attributes)
--------------------------------        ----        ----        ------- ----- ------------
GSINIT4                             00000052    0000002A =          42. bytes (REL,CON,CODE)

      Value  Global                              Global Defined In Module
      -----  --------------------------------   ------------------------
     0C:   00000052  __mcs51_genRAMCLEAR                
     0C:   00000058  __mcs51_genXRAMCLEAR               

ASxxxx Linker V02.00 + NoICE + sdld,  page 21.
Hexadecimal  [32-Bits]

Area                                    Addr        Size        Decimal Bytes (Attributes)
--------------------------------        ----        ----        ------- ----- ------------
GSFINAL                             0000007C    00000003 =           3. bytes (REL,CON,CODE)

      Value  Global                              Global Defined In Module
      -----  --------------------------------   ------------------------
     0C:   0000007C  A$fb_rollo10$537                   fb_rollo10

ASxxxx Linker V02.00 + NoICE + sdld,  page 22.
Hexadecimal  [32-Bits]

Area                                    Addr        Size        Decimal Bytes (Attributes)
--------------------------------        ----        ----        ------- ----- ------------
CSEG                                0000007F    00001793 =        6035. bytes (REL,CON,CODE)

      Value  Global                              Global Defined In Module
      -----  --------------------------------   ------------------------
     0C:   0000007F  A$fb_rollo10$579                   fb_rollo10
     0C:   0000007F  C$fb_rollo10.c$44$0$0              fb_rollo10
     0C:   0000007F  C$fb_rollo10.c$46$1$0              fb_rollo10
     0C:   0000007F  G$main$0$0                         fb_rollo10
     0C:   0000007F  _main                              fb_rollo10
     0C:   00000081  A$fb_rollo10$582                   fb_rollo10
     0C:   00000081  C$fb_rollo10.c$54$1$0              fb_rollo10
     0C:   00000083  A$fb_rollo10$585                   fb_rollo10
     0C:   00000083  C$fb_rollo10.c$55$1$1              fb_rollo10
     0C:   00000085  A$fb_rollo10$586                   fb_rollo10
     0C:   00000086  A$fb_rollo10$587                   fb_rollo10
     0C:   00000088  A$fb_rollo10$588                   fb_rollo10
     0C:   0000008A  A$fb_rollo10$589                   fb_rollo10
     0C:   0000008C  A$fb_rollo10$592                   fb_rollo10
     0C:   0000008C  C$fb_rollo10.c$56$1$1              fb_rollo10
     0C:   0000008E  A$fb_rollo10$593                   fb_rollo10
     0C:   00000090  A$fb_rollo10$594                   fb_rollo10
     0C:   00000093  A$fb_rollo10$595                   fb_rollo10
     0C:   00000095  A$fb_rollo10$596                   fb_rollo10
     0C:   00000097  A$fb_rollo10$599                   fb_rollo10
     0C:   00000097  C$fb_rollo10.c$59$1$1              fb_rollo10
     0C:   00000099  A$fb_rollo10$602                   fb_rollo10
     0C:   00000099  C$fb_rollo10.c$60$1$1              fb_rollo10
     0C:   0000009C  A$fb_rollo10$603                   fb_rollo10
     0C:   0000009F  A$fb_rollo10$604                   fb_rollo10
     0C:   000000A1  A$fb_rollo10$605                   fb_rollo10
     0C:   000000A3  A$fb_rollo10$609                   fb_rollo10
     0C:   000000A3  C$fb_rollo10.c$61$1$1              fb_rollo10
     0C:   000000A6  A$fb_rollo10$610                   fb_rollo10
     0C:   000000A7  A$fb_rollo10$611                   fb_rollo10
     0C:   000000A8  A$fb_rollo10$612                   fb_rollo10
     0C:   000000A9  A$fb_rollo10$613                   fb_rollo10
     0C:   000000AA  A$fb_rollo10$617                   fb_rollo10
     0C:   000000AA  C$fb_rollo10.c$62$1$1              fb_rollo10
     0C:   000000AD  A$fb_rollo10$618                   fb_rollo10
     0C:   000000AE  A$fb_rollo10$619                   fb_rollo10
     0C:   000000AF  A$fb_rollo10$620                   fb_rollo10
     0C:   000000B1  A$fb_rollo10$621                   fb_rollo10
     0C:   000000B2  A$fb_rollo10$622                   fb_rollo10
     0C:   000000B3  A$fb_rollo10$623                   fb_rollo10
     0C:   000000B5  A$fb_rollo10$626                   fb_rollo10
     0C:   000000B5  C$fb_rollo10.c$63$1$1              fb_rollo10
     0C:   000000B8  A$fb_rollo10$629                   fb_rollo10
     0C:   000000B8  C$fb_rollo10.c$68$1$1              fb_rollo10
     0C:   000000BB  A$fb_rollo10$632                   fb_rollo10
     0C:   000000BB  C$fb_rollo10.c$69$1$1              fb_rollo10
     0C:   000000BD  A$fb_rollo10$634                   fb_rollo10
     0C:   000000C0  A$fb_rollo10$636                   fb_rollo10
     0C:   000000C2  A$fb_rollo10$639                   fb_rollo10
     0C:   000000C2  C$fb_rollo10.c$70$3$3              fb_rollo10
ASxxxx Linker V02.00 + NoICE + sdld,  page 23.
Hexadecimal  [32-Bits]

Area                                    Addr        Size        Decimal Bytes (Attributes)
--------------------------------        ----        ----        ------- ----- ------------
CSEG                                0000007F    00001793 =        6035. bytes (REL,CON,CODE)

      Value  Global                              Global Defined In Module
      -----  --------------------------------   ------------------------
     0C:   000000C4  A$fb_rollo10$642                   fb_rollo10
     0C:   000000C4  C$fb_rollo10.c$71$3$3              fb_rollo10
     0C:   000000C7  A$fb_rollo10$643                   fb_rollo10
     0C:   000000C8  A$fb_rollo10$644                   fb_rollo10
     0C:   000000C9  A$fb_rollo10$645                   fb_rollo10
     0C:   000000CB  A$fb_rollo10$648                   fb_rollo10
     0C:   000000CB  C$fb_rollo10.c$72$3$3              fb_rollo10
     0C:   000000CE  A$fb_rollo10$649                   fb_rollo10
     0C:   000000CF  A$fb_rollo10$650                   fb_rollo10
     0C:   000000D0  A$fb_rollo10$651                   fb_rollo10
     0C:   000000D2  A$fb_rollo10$654                   fb_rollo10
     0C:   000000D2  C$fb_rollo10.c$73$3$3              fb_rollo10
     0C:   000000D4  A$fb_rollo10$657                   fb_rollo10
     0C:   000000D4  C$fb_rollo10.c$74$3$3              fb_rollo10
     0C:   000000D6  A$fb_rollo10$661                   fb_rollo10
     0C:   000000D6  C$fb_rollo10.c$75$3$3              fb_rollo10
     0C:   000000D9  A$fb_rollo10$664                   fb_rollo10
     0C:   000000D9  C$fb_rollo10.c$69$2$2              fb_rollo10
     0C:   000000DA  A$fb_rollo10$665                   fb_rollo10
     0C:   000000DC  A$fb_rollo10$669                   fb_rollo10
     0C:   000000DC  C$fb_rollo10.c$78$1$1              fb_rollo10
     0C:   000000DF  A$fb_rollo10$670                   fb_rollo10
     0C:   000000E1  A$fb_rollo10$671                   fb_rollo10
     0C:   000000E4  A$fb_rollo10$672                   fb_rollo10
     0C:   000000E7  A$fb_rollo10$673                   fb_rollo10
     0C:   000000EA  A$fb_rollo10$674                   fb_rollo10
     0C:   000000EC  A$fb_rollo10$677                   fb_rollo10
     0C:   000000EC  C$fb_rollo10.c$79$1$1              fb_rollo10
     0C:   000000EE  A$fb_rollo10$678                   fb_rollo10
     0C:   000000F1  A$fb_rollo10$679                   fb_rollo10
     0C:   000000F4  A$fb_rollo10$680                   fb_rollo10
     0C:   000000F7  A$fb_rollo10$681                   fb_rollo10
     0C:   000000F9  A$fb_rollo10$684                   fb_rollo10
     0C:   000000F9  C$fb_rollo10.c$80$1$1              fb_rollo10
     0C:   000000FB  A$fb_rollo10$685                   fb_rollo10
     0C:   000000FD  A$fb_rollo10$686                   fb_rollo10
     0C:   000000FF  A$fb_rollo10$687                   fb_rollo10
     0C:   00000102  A$fb_rollo10$688                   fb_rollo10
     0C:   00000104  A$fb_rollo10$689                   fb_rollo10
     0C:   00000106  A$fb_rollo10$690                   fb_rollo10
     0C:   00000108  A$fb_rollo10$693                   fb_rollo10
     0C:   00000108  C$fb_rollo10.c$81$1$1              fb_rollo10
     0C:   0000010B  A$fb_rollo10$694                   fb_rollo10
     0C:   0000010D  A$fb_rollo10$695                   fb_rollo10
     0C:   0000010F  A$fb_rollo10$696                   fb_rollo10
     0C:   00000111  A$fb_rollo10$697                   fb_rollo10
     0C:   00000114  A$fb_rollo10$698                   fb_rollo10
     0C:   00000116  A$fb_rollo10$699                   fb_rollo10
     0C:   00000118  A$fb_rollo10$700                   fb_rollo10
     0C:   0000011A  A$fb_rollo10$704                   fb_rollo10
     0C:   0000011A  C$fb_rollo10.c$83$1$1              fb_rollo10
ASxxxx Linker V02.00 + NoICE + sdld,  page 24.
Hexadecimal  [32-Bits]

Area                                    Addr        Size        Decimal Bytes (Attributes)
--------------------------------        ----        ----        ------- ----- ------------
CSEG                                0000007F    00001793 =        6035. bytes (REL,CON,CODE)

      Value  Global                              Global Defined In Module
      -----  --------------------------------   ------------------------
     0C:   0000011D  A$fb_rollo10$707                   fb_rollo10
     0C:   0000011D  C$fb_rollo10.c$84$1$1              fb_rollo10
     0C:   00000120  A$fb_rollo10$710                   fb_rollo10
     0C:   00000120  C$fb_rollo10.c$85$1$1              fb_rollo10
     0C:   00000123  A$fb_rollo10$713                   fb_rollo10
     0C:   00000123  C$fb_rollo10.c$86$1$1              fb_rollo10
     0C:   00000126  A$fb_rollo10$716                   fb_rollo10
     0C:   00000126  C$fb_rollo10.c$87$1$1              fb_rollo10
     0C:   00000129  A$fb_rollo10$719                   fb_rollo10
     0C:   00000129  C$fb_rollo10.c$88$1$1              fb_rollo10
     0C:   0000012C  A$fb_rollo10$722                   fb_rollo10
     0C:   0000012C  C$fb_rollo10.c$89$1$1              fb_rollo10
     0C:   0000012F  A$fb_rollo10$725                   fb_rollo10
     0C:   0000012F  C$fb_rollo10.c$90$1$1              fb_rollo10
     0C:   00000132  A$fb_rollo10$728                   fb_rollo10
     0C:   00000132  C$fb_rollo10.c$91$1$1              fb_rollo10
     0C:   00000135  A$fb_rollo10$731                   fb_rollo10
     0C:   00000135  C$fb_rollo10.c$92$1$1              fb_rollo10
     0C:   00000138  A$fb_rollo10$737                   fb_rollo10
     0C:   00000138  C$fb_rollo10.c$93$1$1              fb_rollo10
     0C:   00000138  C$fb_rollo10.c$94$2$4              fb_rollo10
     0C:   0000013A  A$fb_rollo10$738                   fb_rollo10
     0C:   0000013D  A$fb_rollo10$739                   fb_rollo10
     0C:   00000140  A$fb_rollo10$740                   fb_rollo10
     0C:   00000142  A$fb_rollo10$743                   fb_rollo10
     0C:   00000142  C$fb_rollo10.c$96$2$4              fb_rollo10
     0C:   00000145  A$fb_rollo10$744                   fb_rollo10
     0C:   00000146  A$fb_rollo10$745                   fb_rollo10
     0C:   00000147  A$fb_rollo10$746                   fb_rollo10
     0C:   00000148  A$fb_rollo10$747                   fb_rollo10
     0C:   0000014B  A$fb_rollo10$748                   fb_rollo10
     0C:   0000014E  A$fb_rollo10$749                   fb_rollo10
     0C:   00000150  A$fb_rollo10$750                   fb_rollo10
     0C:   00000153  A$fb_rollo10$753                   fb_rollo10
     0C:   00000153  C$fb_rollo10.c$100$3$5             fb_rollo10
     0C:   00000155  A$fb_rollo10$754                   fb_rollo10
     0C:   00000157  A$fb_rollo10$755                   fb_rollo10
     0C:   00000159  A$fb_rollo10$756                   fb_rollo10
     0C:   0000015B  A$fb_rollo10$757                   fb_rollo10
     0C:   0000015D  A$fb_rollo10$758                   fb_rollo10
     0C:   0000015F  A$fb_rollo10$759                   fb_rollo10
     0C:   00000162  A$fb_rollo10$760                   fb_rollo10
     0C:   00000164  A$fb_rollo10$761                   fb_rollo10
     0C:   00000166  A$fb_rollo10$762                   fb_rollo10
     0C:   00000168  A$fb_rollo10$766                   fb_rollo10
     0C:   00000168  C$fb_rollo10.c$102$3$5             fb_rollo10
     0C:   0000016B  A$fb_rollo10$767                   fb_rollo10
     0C:   0000016D  A$fb_rollo10$768                   fb_rollo10
     0C:   0000016F  A$fb_rollo10$769                   fb_rollo10
     0C:   00000170  A$fb_rollo10$770                   fb_rollo10
     0C:   00000173  A$fb_rollo10$773                   fb_rollo10
ASxxxx Linker V02.00 + NoICE + sdld,  page 25.
Hexadecimal  [32-Bits]

Area                                    Addr        Size        Decimal Bytes (Attributes)
--------------------------------        ----        ----        ------- ----- ------------
CSEG                                0000007F    00001793 =        6035. bytes (REL,CON,CODE)

      Value  Global                              Global Defined In Module
      -----  --------------------------------   ------------------------
     0C:   00000173  C$fb_rollo10.c$104$4$6             fb_rollo10
     0C:   00000175  A$fb_rollo10$774                   fb_rollo10
     0C:   00000177  A$fb_rollo10$775                   fb_rollo10
     0C:   00000179  A$fb_rollo10$776                   fb_rollo10
     0C:   0000017B  A$fb_rollo10$779                   fb_rollo10
     0C:   0000017B  C$fb_rollo10.c$105$4$6             fb_rollo10
     0C:   0000017E  A$fb_rollo10$782                   fb_rollo10
     0C:   0000017E  C$fb_rollo10.c$106$4$6             fb_rollo10
     0C:   00000181  A$fb_rollo10$785                   fb_rollo10
     0C:   00000181  C$fb_rollo10.c$108$4$6             fb_rollo10
     0C:   00000183  A$fb_rollo10$788                   fb_rollo10
     0C:   00000183  C$fb_rollo10.c$110$4$6             fb_rollo10
     0C:   00000186  A$fb_rollo10$791                   fb_rollo10
     0C:   00000186  C$fb_rollo10.c$112$4$6             fb_rollo10
     0C:   00000188  A$fb_rollo10$794                   fb_rollo10
     0C:   00000188  C$fb_rollo10.c$114$4$6             fb_rollo10
     0C:   0000018A  A$fb_rollo10$798                   fb_rollo10
     0C:   0000018A  C$fb_rollo10.c$121$3$5             fb_rollo10
     0C:   0000018D  A$fb_rollo10$799                   fb_rollo10
     0C:   0000018F  A$fb_rollo10$800                   fb_rollo10
     0C:   00000191  A$fb_rollo10$801                   fb_rollo10
     0C:   00000193  A$fb_rollo10$802                   fb_rollo10
     0C:   00000196  A$fb_rollo10$803                   fb_rollo10
     0C:   00000198  A$fb_rollo10$804                   fb_rollo10
     0C:   0000019A  A$fb_rollo10$805                   fb_rollo10
     0C:   0000019C  A$fb_rollo10$809                   fb_rollo10
     0C:   0000019C  C$fb_rollo10.c$150$3$5             fb_rollo10
     0C:   0000019E  A$fb_rollo10$810                   fb_rollo10
     0C:   000001A0  A$fb_rollo10$811                   fb_rollo10
     0C:   000001A2  A$fb_rollo10$812                   fb_rollo10
     0C:   000001A4  A$fb_rollo10$813                   fb_rollo10
     0C:   000001A6  A$fb_rollo10$814                   fb_rollo10
     0C:   000001A9  A$fb_rollo10$815                   fb_rollo10
     0C:   000001AC  A$fb_rollo10$816                   fb_rollo10
     0C:   000001AD  A$fb_rollo10$817                   fb_rollo10
     0C:   000001AE  A$fb_rollo10$818                   fb_rollo10
     0C:   000001AF  A$fb_rollo10$819                   fb_rollo10
     0C:   000001B2  A$fb_rollo10$820                   fb_rollo10
     0C:   000001B4  A$fb_rollo10$824                   fb_rollo10
     0C:   000001B4  C$fb_rollo10.c$151$4$7             fb_rollo10
     0C:   000001B7  A$fb_rollo10$827                   fb_rollo10
     0C:   000001B7  C$fb_rollo10.c$152$4$7             fb_rollo10
     0C:   000001BA  A$fb_rollo10$830                   fb_rollo10
     0C:   000001BA  C$fb_rollo10.c$153$4$7             fb_rollo10
     0C:   000001BD  A$fb_rollo10$833                   fb_rollo10
     0C:   000001BD  C$fb_rollo10.c$154$4$7             fb_rollo10
     0C:   000001C0  A$fb_rollo10$836                   fb_rollo10
     0C:   000001C0  C$fb_rollo10.c$155$4$7             fb_rollo10
     0C:   000001C3  A$fb_rollo10$842                   fb_rollo10
     0C:   000001C3  C$fb_rollo10.c$162$2$4             fb_rollo10
     0C:   000001C3  C$fb_rollo10.c$163$3$8             fb_rollo10
ASxxxx Linker V02.00 + NoICE + sdld,  page 26.
Hexadecimal  [32-Bits]

Area                                    Addr        Size        Decimal Bytes (Attributes)
--------------------------------        ----        ----        ------- ----- ------------
CSEG                                0000007F    00001793 =        6035. bytes (REL,CON,CODE)

      Value  Global                              Global Defined In Module
      -----  --------------------------------   ------------------------
     0C:   000001C6  A$fb_rollo10$843                   fb_rollo10
     0C:   000001C8  A$fb_rollo10$847                   fb_rollo10
     0C:   000001C8  C$fb_rollo10.c$164$3$8             fb_rollo10
     0C:   000001CA  A$fb_rollo10$850                   fb_rollo10
     0C:   000001CA  C$fb_rollo10.c$165$3$8             fb_rollo10
     0C:   000001CC  A$fb_rollo10$851                   fb_rollo10
     0C:   000001CE  A$fb_rollo10$852                   fb_rollo10
     0C:   000001D0  A$fb_rollo10$853                   fb_rollo10
     0C:   000001D3  A$fb_rollo10$854                   fb_rollo10
     0C:   000001D5  A$fb_rollo10$855                   fb_rollo10
     0C:   000001D7  A$fb_rollo10$856                   fb_rollo10
     0C:   000001D9  A$fb_rollo10$857                   fb_rollo10
     0C:   000001DB  A$fb_rollo10$861                   fb_rollo10
     0C:   000001DB  C$fb_rollo10.c$168$3$4             fb_rollo10
     0C:   000001DD  A$fb_rollo10$863                   fb_rollo10
     0C:   000001DF  A$fb_rollo10$864                   fb_rollo10
     0C:   000001E0  A$fb_rollo10$865                   fb_rollo10
     0C:   000001E2  A$fb_rollo10$866                   fb_rollo10
     0C:   000001E3  A$fb_rollo10$867                   fb_rollo10
     0C:   000001E5  A$fb_rollo10$873                   fb_rollo10
     0C:   000001E5  C$fb_rollo10.c$174$2$4             fb_rollo10
     0C:   000001E5  C$fb_rollo10.c$175$3$10            fb_rollo10
     0C:   000001E8  A$fb_rollo10$874                   fb_rollo10
     0C:   000001EA  A$fb_rollo10$878                   fb_rollo10
     0C:   000001EA  C$fb_rollo10.c$176$3$10            fb_rollo10
     0C:   000001EC  A$fb_rollo10$881                   fb_rollo10
     0C:   000001EC  C$fb_rollo10.c$177$3$10            fb_rollo10
     0C:   000001EF  A$fb_rollo10$887                   fb_rollo10
     0C:   000001EF  C$fb_rollo10.c$178$4$11            fb_rollo10
     0C:   000001EF  C$fb_rollo10.c$179$4$11            fb_rollo10
     0C:   000001F2  A$fb_rollo10$888                   fb_rollo10
     0C:   000001F4  A$fb_rollo10$892                   fb_rollo10
     0C:   000001F4  C$fb_rollo10.c$180$4$11            fb_rollo10
     0C:   000001F7  A$fb_rollo10$896                   fb_rollo10
     0C:   000001F7  C$fb_rollo10.c$182$3$10            fb_rollo10
     0C:   000001FA  A$fb_rollo10$899                   fb_rollo10
     0C:   000001FA  C$fb_rollo10.c$183$4$12            fb_rollo10
     0C:   000001FC  A$fb_rollo10$902                   fb_rollo10
     0C:   000001FC  C$fb_rollo10.c$184$4$12            fb_rollo10
     0C:   000001FD  A$fb_rollo10$906                   fb_rollo10
     0C:   000001FD  C$fb_rollo10.c$186$3$10            fb_rollo10
     0C:   00000200  A$fb_rollo10$909                   fb_rollo10
     0C:   00000200  C$fb_rollo10.c$187$4$13            fb_rollo10
     0C:   00000202  A$fb_rollo10$912                   fb_rollo10
     0C:   00000202  C$fb_rollo10.c$188$4$13            fb_rollo10
     0C:   00000203  A$fb_rollo10$916                   fb_rollo10
     0C:   00000203  C$fb_rollo10.c$190$3$10            fb_rollo10
     0C:   00000206  A$fb_rollo10$919                   fb_rollo10
     0C:   00000206  C$fb_rollo10.c$191$4$14            fb_rollo10
     0C:   00000208  A$fb_rollo10$922                   fb_rollo10
     0C:   00000208  C$fb_rollo10.c$192$4$14            fb_rollo10
ASxxxx Linker V02.00 + NoICE + sdld,  page 27.
Hexadecimal  [32-Bits]

Area                                    Addr        Size        Decimal Bytes (Attributes)
--------------------------------        ----        ----        ------- ----- ------------
CSEG                                0000007F    00001793 =        6035. bytes (REL,CON,CODE)

      Value  Global                              Global Defined In Module
      -----  --------------------------------   ------------------------
     0C:   0000020B  A$fb_rollo10$925                   fb_rollo10
     0C:   0000020B  C$fb_rollo10.c$198$4$14            fb_rollo10
     0C:   0000020E  A$fb_rollo10$928                   fb_rollo10
     0C:   0000020E  C$fb_rollo10.c$199$4$14            fb_rollo10
     0C:   00000211  A$fb_rollo10$931                   fb_rollo10
     0C:   00000211  C$fb_rollo10.c$201$4$14            fb_rollo10
     0C:   00000213  A$fb_rollo10$934                   fb_rollo10
     0C:   00000213  C$fb_rollo10.c$202$4$14            fb_rollo10
     0C:   00000216  A$fb_rollo10$937                   fb_rollo10
     0C:   00000216  C$fb_rollo10.c$203$4$14            fb_rollo10
     0C:   00000218  A$fb_rollo10$941                   fb_rollo10
     0C:   00000218  C$fb_rollo10.c$205$3$10            fb_rollo10
     0C:   0000021B  A$fb_rollo10$942                   fb_rollo10
     0C:   0000021E  A$fb_rollo10$946                   fb_rollo10
     0C:   0000021E  C$fb_rollo10.c$222$3$10            fb_rollo10
     0C:   00000221  A$fb_rollo10$952                   fb_rollo10
     0C:   00000221  C$fb_rollo10.c$223$4$15            fb_rollo10
     0C:   00000221  C$fb_rollo10.c$224$4$15            fb_rollo10
     0C:   00000224  A$fb_rollo10$953                   fb_rollo10
     0C:   00000226  A$fb_rollo10$957                   fb_rollo10
     0C:   00000226  C$fb_rollo10.c$225$4$15            fb_rollo10
     0C:   00000229  A$fb_rollo10$961                   fb_rollo10
     0C:   00000229  C$fb_rollo10.c$227$3$10            fb_rollo10
     0C:   0000022C  A$fb_rollo10$967                   fb_rollo10
     0C:   0000022C  C$fb_rollo10.c$228$4$16            fb_rollo10
     0C:   0000022C  C$fb_rollo10.c$229$4$16            fb_rollo10
     0C:   0000022F  A$fb_rollo10$968                   fb_rollo10
     0C:   00000231  A$fb_rollo10$972                   fb_rollo10
     0C:   00000231  C$fb_rollo10.c$230$4$16            fb_rollo10
     0C:   00000234  A$fb_rollo10$976                   fb_rollo10
     0C:   00000234  C$fb_rollo10.c$235$2$4             fb_rollo10
     0C:   00000236  A$fb_rollo10$979                   fb_rollo10
     0C:   00000236  C$fb_rollo10.c$236$2$4             fb_rollo10
     0C:   00000239  A$fb_rollo10$982                   fb_rollo10
     0C:   00000239  C$fb_rollo10.c$237$3$17            fb_rollo10
     0C:   0000023C  A$fb_rollo10$984                   fb_rollo10
     0C:   0000023E  A$fb_rollo10$985                   fb_rollo10
     0C:   0000023F  A$fb_rollo10$986                   fb_rollo10
     0C:   00000241  A$fb_rollo10$990                   fb_rollo10
     0C:   00000241  C$fb_rollo10.c$239$4$18            fb_rollo10
     0C:   00000244  A$fb_rollo10$991                   fb_rollo10
     0C:   00000247  A$fb_rollo10$995                   fb_rollo10
     0C:   00000247  C$fb_rollo10.c$240$4$18            fb_rollo10
     0C:   00000249  A$fb_rollo10$996                   fb_rollo10
     0C:   0000024B  A$fb_rollo10$1000                  fb_rollo10
     0C:   0000024B  C$fb_rollo10.c$244$3$19            fb_rollo10
     0C:   0000024C  A$fb_rollo10$1001                  fb_rollo10
     0C:   0000024E  A$fb_rollo10$1002                  fb_rollo10
     0C:   0000024F  A$fb_rollo10$1003                  fb_rollo10
     0C:   00000251  A$fb_rollo10$1007                  fb_rollo10
     0C:   00000251  C$fb_rollo10.c$245$3$19            fb_rollo10
ASxxxx Linker V02.00 + NoICE + sdld,  page 28.
Hexadecimal  [32-Bits]

Area                                    Addr        Size        Decimal Bytes (Attributes)
--------------------------------        ----        ----        ------- ----- ------------
CSEG                                0000007F    00001793 =        6035. bytes (REL,CON,CODE)

      Value  Global                              Global Defined In Module
      -----  --------------------------------   ------------------------
     0C:   00000253  A$fb_rollo10$1011                  fb_rollo10
     0C:   00000253  C$fb_rollo10.c$247$2$4             fb_rollo10
     0C:   00000255  A$fb_rollo10$1012                  fb_rollo10
     0C:   00000257  A$fb_rollo10$1013                  fb_rollo10
     0C:   00000258  A$fb_rollo10$1014                  fb_rollo10
     0C:   0000025B  A$fb_rollo10$1016                  fb_rollo10
     0C:   0000025C  A$fb_rollo10$1017                  fb_rollo10
     0C:   0000025D  A$fb_rollo10$1018                  fb_rollo10
     0C:   0000025E  A$fb_rollo10$1019                  fb_rollo10
     0C:   00000260  A$fb_rollo10$1020                  fb_rollo10
     0C:   00000262  A$fb_rollo10$1023                  fb_rollo10
     0C:   00000262  C$fb_rollo10.c$248$1$1             fb_rollo10
     0C:   00000265  A$fb_rollo10$1026                  fb_rollo10
     0C:   00000265  C$fb_rollo10.c$249$1$1             fb_rollo10
     0C:   00000265  XG$main$0$0                        fb_rollo10
     0C:   00000266  A$fb_app_rollo10$627               fb_app_rollo10
     0C:   00000266  C$fb_app_rollo10.c$73$0$0          fb_app_rollo10
     0C:   00000266  C$fb_app_rollo10.c$80$1$1          fb_app_rollo10
     0C:   00000266  G$write_value_req$0$0              fb_app_rollo10
     0C:   00000266  _write_value_req                   fb_app_rollo10
     0C:   00000269  A$fb_app_rollo10$628               fb_app_rollo10
     0C:   0000026B  A$fb_app_rollo10$629               fb_app_rollo10
     0C:   0000026E  A$fb_app_rollo10$630               fb_app_rollo10
     0C:   00000270  A$fb_app_rollo10$631               fb_app_rollo10
     0C:   00000272  A$fb_app_rollo10$634               fb_app_rollo10
     0C:   00000272  C$fb_app_rollo10.c$81$1$1          fb_app_rollo10
     0C:   00000275  A$fb_app_rollo10$635               fb_app_rollo10
     0C:   00000278  A$fb_app_rollo10$639               fb_app_rollo10
     0C:   00000278  C$fb_app_rollo10.c$84$2$2          fb_app_rollo10
     0C:   0000027B  A$fb_app_rollo10$640               fb_app_rollo10
     0C:   0000027C  A$fb_app_rollo10$641               fb_app_rollo10
     0C:   0000027D  A$fb_app_rollo10$642               fb_app_rollo10
     0C:   0000027E  A$fb_app_rollo10$645               fb_app_rollo10
     0C:   0000027E  C$fb_app_rollo10.c$85$2$1          fb_app_rollo10
     0C:   00000280  A$fb_app_rollo10$647               fb_app_rollo10
     0C:   00000281  A$fb_app_rollo10$648               fb_app_rollo10
     0C:   00000282  A$fb_app_rollo10$649               fb_app_rollo10
     0C:   00000283  A$fb_app_rollo10$650               fb_app_rollo10
     0C:   00000285  A$fb_app_rollo10$651               fb_app_rollo10
     0C:   00000288  A$fb_app_rollo10$655               fb_app_rollo10
     0C:   00000288  C$fb_app_rollo10.c$87$3$3          fb_app_rollo10
     0C:   0000028B  A$fb_app_rollo10$656               fb_app_rollo10
     0C:   0000028C  A$fb_app_rollo10$657               fb_app_rollo10
     0C:   0000028D  A$fb_app_rollo10$658               fb_app_rollo10
     0C:   0000028E  A$fb_app_rollo10$659               fb_app_rollo10
     0C:   0000028F  A$fb_app_rollo10$660               fb_app_rollo10
     0C:   00000290  A$fb_app_rollo10$661               fb_app_rollo10
     0C:   00000291  A$fb_app_rollo10$662               fb_app_rollo10
     0C:   00000292  A$fb_app_rollo10$663               fb_app_rollo10
     0C:   00000293  A$fb_app_rollo10$664               fb_app_rollo10
     0C:   00000296  A$fb_app_rollo10$665               fb_app_rollo10
ASxxxx Linker V02.00 + NoICE + sdld,  page 29.
Hexadecimal  [32-Bits]

Area                                    Addr        Size        Decimal Bytes (Attributes)
--------------------------------        ----        ----        ------- ----- ------------
CSEG                                0000007F    00001793 =        6035. bytes (REL,CON,CODE)

      Value  Global                              Global Defined In Module
      -----  --------------------------------   ------------------------
     0C:   00000297  A$fb_app_rollo10$666               fb_app_rollo10
     0C:   00000298  A$fb_app_rollo10$669               fb_app_rollo10
     0C:   00000298  C$fb_app_rollo10.c$88$3$3          fb_app_rollo10
     0C:   00000299  A$fb_app_rollo10$670               fb_app_rollo10
     0C:   0000029C  A$fb_app_rollo10$673               fb_app_rollo10
     0C:   0000029C  C$fb_app_rollo10.c$90$4$4          fb_app_rollo10
     0C:   0000029F  A$fb_app_rollo10$674               fb_app_rollo10
     0C:   000002A0  A$fb_app_rollo10$675               fb_app_rollo10
     0C:   000002A1  A$fb_app_rollo10$676               fb_app_rollo10
     0C:   000002A3  A$fb_app_rollo10$677               fb_app_rollo10
     0C:   000002A4  A$fb_app_rollo10$678               fb_app_rollo10
     0C:   000002A7  A$fb_app_rollo10$679               fb_app_rollo10
     0C:   000002A8  A$fb_app_rollo10$682               fb_app_rollo10
     0C:   000002A8  C$fb_app_rollo10.c$91$4$4          fb_app_rollo10
     0C:   000002A9  A$fb_app_rollo10$683               fb_app_rollo10
     0C:   000002AB  A$fb_app_rollo10$684               fb_app_rollo10
     0C:   000002AD  A$fb_app_rollo10$685               fb_app_rollo10
     0C:   000002AF  A$fb_app_rollo10$686               fb_app_rollo10
     0C:   000002B1  A$fb_app_rollo10$687               fb_app_rollo10
     0C:   000002B3  A$fb_app_rollo10$688               fb_app_rollo10
     0C:   000002B6  A$fb_app_rollo10$689               fb_app_rollo10
     0C:   000002B8  A$fb_app_rollo10$690               fb_app_rollo10
     0C:   000002BA  A$fb_app_rollo10$691               fb_app_rollo10
     0C:   000002BC  A$fb_app_rollo10$692               fb_app_rollo10
     0C:   000002BE  A$fb_app_rollo10$695               fb_app_rollo10
     0C:   000002BE  C$fb_app_rollo10.c$93$4$4          fb_app_rollo10
     0C:   000002C1  A$fb_app_rollo10$697               fb_app_rollo10
     0C:   000002C3  A$fb_app_rollo10$698               fb_app_rollo10
     0C:   000002C6  A$fb_app_rollo10$699               fb_app_rollo10
     0C:   000002C8  A$fb_app_rollo10$700               fb_app_rollo10
     0C:   000002CA  A$fb_app_rollo10$701               fb_app_rollo10
     0C:   000002CC  A$fb_app_rollo10$702               fb_app_rollo10
     0C:   000002CE  A$fb_app_rollo10$703               fb_app_rollo10
     0C:   000002D0  A$fb_app_rollo10$704               fb_app_rollo10
     0C:   000002D2  A$fb_app_rollo10$705               fb_app_rollo10
     0C:   000002D4  A$fb_app_rollo10$706               fb_app_rollo10
     0C:   000002D6  A$fb_app_rollo10$707               fb_app_rollo10
     0C:   000002D8  A$fb_app_rollo10$708               fb_app_rollo10
     0C:   000002DB  A$fb_app_rollo10$709               fb_app_rollo10
     0C:   000002DD  A$fb_app_rollo10$710               fb_app_rollo10
     0C:   000002E0  A$fb_app_rollo10$711               fb_app_rollo10
     0C:   000002E2  A$fb_app_rollo10$712               fb_app_rollo10
     0C:   000002E4  A$fb_app_rollo10$713               fb_app_rollo10
     0C:   000002E6  A$fb_app_rollo10$714               fb_app_rollo10
     0C:   000002E8  A$fb_app_rollo10$718               fb_app_rollo10
     0C:   000002E8  C$fb_app_rollo10.c$95$4$4          fb_app_rollo10
     0C:   000002EB  A$fb_app_rollo10$720               fb_app_rollo10
     0C:   000002ED  A$fb_app_rollo10$721               fb_app_rollo10
     0C:   000002EE  A$fb_app_rollo10$722               fb_app_rollo10
     0C:   000002F0  A$fb_app_rollo10$723               fb_app_rollo10
     0C:   000002F2  A$fb_app_rollo10$724               fb_app_rollo10
ASxxxx Linker V02.00 + NoICE + sdld,  page 30.
Hexadecimal  [32-Bits]

Area                                    Addr        Size        Decimal Bytes (Attributes)
--------------------------------        ----        ----        ------- ----- ------------
CSEG                                0000007F    00001793 =        6035. bytes (REL,CON,CODE)

      Value  Global                              Global Defined In Module
      -----  --------------------------------   ------------------------
     0C:   000002F4  A$fb_app_rollo10$725               fb_app_rollo10
     0C:   000002F6  A$fb_app_rollo10$726               fb_app_rollo10
     0C:   000002F7  A$fb_app_rollo10$727               fb_app_rollo10
     0C:   000002F9  A$fb_app_rollo10$728               fb_app_rollo10
     0C:   000002FB  A$fb_app_rollo10$729               fb_app_rollo10
     0C:   000002FD  A$fb_app_rollo10$730               fb_app_rollo10
     0C:   000002FF  A$fb_app_rollo10$731               fb_app_rollo10
     0C:   00000301  A$fb_app_rollo10$732               fb_app_rollo10
     0C:   00000304  A$fb_app_rollo10$733               fb_app_rollo10
     0C:   00000306  A$fb_app_rollo10$734               fb_app_rollo10
     0C:   00000308  A$fb_app_rollo10$735               fb_app_rollo10
     0C:   0000030A  A$fb_app_rollo10$736               fb_app_rollo10
     0C:   0000030C  A$fb_app_rollo10$740               fb_app_rollo10
     0C:   0000030C  C$fb_app_rollo10.c$85$2$2          fb_app_rollo10
     0C:   0000030D  A$fb_app_rollo10$741               fb_app_rollo10
     0C:   00000310  A$fb_app_rollo10$745               fb_app_rollo10
     0C:   00000310  C$fb_app_rollo10.c$104$2$1         fb_app_rollo10
     0C:   00000310  XG$write_value_req$0$0             fb_app_rollo10
     0C:   00000311  A$fb_app_rollo10$762               fb_app_rollo10
     0C:   00000311  C$fb_app_rollo10.c$220$2$1         fb_app_rollo10
     0C:   00000311  C$fb_app_rollo10.c$225$1$1         fb_app_rollo10
     0C:   00000311  G$read_value_req$0$0               fb_app_rollo10
     0C:   00000311  _read_value_req                    fb_app_rollo10
     0C:   00000314  A$fb_app_rollo10$763               fb_app_rollo10
     0C:   00000316  A$fb_app_rollo10$764               fb_app_rollo10
     0C:   00000319  A$fb_app_rollo10$765               fb_app_rollo10
     0C:   0000031B  A$fb_app_rollo10$766               fb_app_rollo10
     0C:   0000031D  A$fb_app_rollo10$769               fb_app_rollo10
     0C:   0000031D  C$fb_app_rollo10.c$226$1$1         fb_app_rollo10
     0C:   00000320  A$fb_app_rollo10$770               fb_app_rollo10
     0C:   00000322  A$fb_app_rollo10$774               fb_app_rollo10
     0C:   00000322  C$fb_app_rollo10.c$228$2$2         fb_app_rollo10
     0C:   00000324  A$fb_app_rollo10$775               fb_app_rollo10
     0C:   00000326  A$fb_app_rollo10$776               fb_app_rollo10
     0C:   00000329  A$fb_app_rollo10$777               fb_app_rollo10
     0C:   0000032B  A$fb_app_rollo10$780               fb_app_rollo10
     0C:   0000032B  C$fb_app_rollo10.c$230$2$2         fb_app_rollo10
     0C:   0000032D  A$fb_app_rollo10$781               fb_app_rollo10
     0C:   0000032F  A$fb_app_rollo10$782               fb_app_rollo10
     0C:   00000332  A$fb_app_rollo10$783               fb_app_rollo10
     0C:   00000334  A$fb_app_rollo10$784               fb_app_rollo10
     0C:   00000336  A$fb_app_rollo10$787               fb_app_rollo10
     0C:   00000336  C$fb_app_rollo10.c$232$2$2         fb_app_rollo10
     0C:   00000339  A$fb_app_rollo10$788               fb_app_rollo10
     0C:   0000033C  A$fb_app_rollo10$789               fb_app_rollo10
     0C:   0000033E  A$fb_app_rollo10$790               fb_app_rollo10
     0C:   0000033F  A$fb_app_rollo10$791               fb_app_rollo10
     0C:   00000341  A$fb_app_rollo10$792               fb_app_rollo10
     0C:   00000344  A$fb_app_rollo10$796               fb_app_rollo10
     0C:   00000344  C$fb_app_rollo10.c$234$1$1         fb_app_rollo10
     0C:   00000344  XG$read_value_req$0$0              fb_app_rollo10
ASxxxx Linker V02.00 + NoICE + sdld,  page 31.
Hexadecimal  [32-Bits]

Area                                    Addr        Size        Decimal Bytes (Attributes)
--------------------------------        ----        ----        ------- ----- ------------
CSEG                                0000007F    00001793 =        6035. bytes (REL,CON,CODE)

      Value  Global                              Global Defined In Module
      -----  --------------------------------   ------------------------
     0C:   00000345  A$fb_app_rollo10$810               fb_app_rollo10
     0C:   00000345  C$fb_app_rollo10.c$237$1$1         fb_app_rollo10
     0C:   00000345  G$read_obj_value$0$0               fb_app_rollo10
     0C:   00000345  _read_obj_value                    fb_app_rollo10
     0C:   00000347  A$fb_app_rollo10$813               fb_app_rollo10
     0C:   00000347  C$fb_app_rollo10.c$239$1$1         fb_app_rollo10
     0C:   00000349  A$fb_app_rollo10$816               fb_app_rollo10
     0C:   00000349  C$fb_app_rollo10.c$241$1$1         fb_app_rollo10
     0C:   0000034C  A$fb_app_rollo10$818               fb_app_rollo10
     0C:   0000034E  A$fb_app_rollo10$821               fb_app_rollo10
     0C:   0000034E  C$fb_app_rollo10.c$242$2$2         fb_app_rollo10
     0C:   00000350  A$fb_app_rollo10$822               fb_app_rollo10
     0C:   00000352  A$fb_app_rollo10$823               fb_app_rollo10
     0C:   00000354  A$fb_app_rollo10$824               fb_app_rollo10
     0C:   00000356  A$fb_app_rollo10$825               fb_app_rollo10
     0C:   00000358  A$fb_app_rollo10$827               fb_app_rollo10
     0C:   00000359  A$fb_app_rollo10$828               fb_app_rollo10
     0C:   0000035A  A$fb_app_rollo10$829               fb_app_rollo10
     0C:   0000035B  A$fb_app_rollo10$830               fb_app_rollo10
     0C:   0000035C  A$fb_app_rollo10$831               fb_app_rollo10
     0C:   0000035D  A$fb_app_rollo10$832               fb_app_rollo10
     0C:   0000035E  A$fb_app_rollo10$834               fb_app_rollo10
     0C:   00000361  A$fb_app_rollo10$835               fb_app_rollo10
     0C:   00000363  A$fb_app_rollo10$836               fb_app_rollo10
     0C:   00000365  A$fb_app_rollo10$837               fb_app_rollo10
     0C:   00000366  A$fb_app_rollo10$838               fb_app_rollo10
     0C:   00000368  A$fb_app_rollo10$839               fb_app_rollo10
     0C:   00000369  A$fb_app_rollo10$840               fb_app_rollo10
     0C:   0000036B  A$fb_app_rollo10$841               fb_app_rollo10
     0C:   0000036C  A$fb_app_rollo10$842               fb_app_rollo10
     0C:   0000036D  A$fb_app_rollo10$843               fb_app_rollo10
     0C:   0000036F  A$fb_app_rollo10$844               fb_app_rollo10
     0C:   00000371  A$fb_app_rollo10$845               fb_app_rollo10
     0C:   00000373  A$fb_app_rollo10$849               fb_app_rollo10
     0C:   00000373  C$fb_app_rollo10.c$245$2$3         fb_app_rollo10
     0C:   00000375  A$fb_app_rollo10$850               fb_app_rollo10
     0C:   00000376  A$fb_app_rollo10$851               fb_app_rollo10
     0C:   00000378  A$fb_app_rollo10$852               fb_app_rollo10
     0C:   00000379  A$fb_app_rollo10$853               fb_app_rollo10
     0C:   0000037A  A$fb_app_rollo10$854               fb_app_rollo10
     0C:   0000037C  A$fb_app_rollo10$855               fb_app_rollo10
     0C:   0000037E  A$fb_app_rollo10$856               fb_app_rollo10
     0C:   00000380  A$fb_app_rollo10$857               fb_app_rollo10
     0C:   00000382  A$fb_app_rollo10$858               fb_app_rollo10
[...]
     0C:   000016FE  C$fb_lpc922.c$652$1$1              fb_lpc922
     0C:   00001701  A$fb_lpc922$2796                   fb_lpc922
     0C:   00001701  C$fb_lpc922.c$653$1$1              fb_lpc922
     0C:   00001703  A$fb_lpc922$2799                   fb_lpc922
     0C:   00001703  C$fb_lpc922.c$654$1$1              fb_lpc922
     0C:   00001703  XG$set_pa$0$0                      fb_lpc922
     0C:   00001704  A$fb_lpc922$2812                   fb_lpc922
     0C:   00001704  C$fb_lpc922.c$659$1$1              fb_lpc922
     0C:   00001704  G$read_objflags$0$0                fb_lpc922
     0C:   00001704  _read_objflags                     fb_lpc922
     0C:   00001706  A$fb_lpc922$2815                   fb_lpc922
     0C:   00001706  C$fb_lpc922.c$662$1$1              fb_lpc922
     0C:   00001709  A$fb_lpc922$2816                   fb_lpc922
     0C:   0000170A  A$fb_lpc922$2817                   fb_lpc922
     0C:   0000170B  A$fb_lpc922$2818                   fb_lpc922
ASxxxx Linker V02.00 + NoICE + sdld,  page 100.
Hexadecimal  [32-Bits]

Area                                    Addr        Size        Decimal Bytes (Attributes)
--------------------------------        ----        ----        ------- ----- ------------
CSEG                                0000007F    00001793 =        6035. bytes (REL,CON,CODE)

      Value  Global                              Global Defined In Module
      -----  --------------------------------   ------------------------
     0C:   0000170C  A$fb_lpc922$2819                   fb_lpc922
     0C:   0000170D  A$fb_lpc922$2820                   fb_lpc922
     0C:   0000170E  A$fb_lpc922$2821                   fb_lpc922
     0C:   0000170F  A$fb_lpc922$2822                   fb_lpc922
     0C:   00001710  A$fb_lpc922$2823                   fb_lpc922
     0C:   00001711  A$fb_lpc922$2824                   fb_lpc922
     0C:   00001712  A$fb_lpc922$2825                   fb_lpc922
     0C:   00001713  A$fb_lpc922$2826                   fb_lpc922
     0C:   00001716  A$fb_lpc922$2827                   fb_lpc922
     0C:   00001717  A$fb_lpc922$2830                   fb_lpc922
     0C:   00001717  C$fb_lpc922.c$663$1$1              fb_lpc922
     0C:   00001717  XG$read_objflags$0$0               fb_lpc922
     0C:   00001719  A$fb_lpc922$2831                   fb_lpc922
     0C:   0000171A  A$fb_lpc922$2852                   fb_lpc922
     0C:   0000171A  C$fb_lpc922.c$667$1$1              fb_lpc922
     0C:   0000171A  G$find_first_objno$0$0             fb_lpc922
     0C:   0000171A  _find_first_objno                  fb_lpc922
     0C:   0000171C  A$fb_lpc922$2853                   fb_lpc922
     0C:   0000171F  A$fb_lpc922$2854                   fb_lpc922
     0C:   00001721  A$fb_lpc922$2857                   fb_lpc922
     0C:   00001721  C$fb_lpc922.c$671$1$1              fb_lpc922
     0C:   00001723  A$fb_lpc922$2860                   fb_lpc922
     0C:   00001723  C$fb_lpc922.c$672$1$1              fb_lpc922
     0C:   00001725  A$fb_lpc922$2861                   fb_lpc922
     0C:   00001727  A$fb_lpc922$2862                   fb_lpc922
     0C:   00001729  A$fb_lpc922$2863                   fb_lpc922
     0C:   0000172A  A$fb_lpc922$2864                   fb_lpc922
     0C:   0000172B  A$fb_lpc922$2865                   fb_lpc922
     0C:   0000172D  A$fb_lpc922$2866                   fb_lpc922
     0C:   0000172F  A$fb_lpc922$2867                   fb_lpc922
     0C:   00001732  A$fb_lpc922$2868                   fb_lpc922
     0C:   00001734  A$fb_lpc922$2869                   fb_lpc922
     0C:   00001736  A$fb_lpc922$2870                   fb_lpc922
     0C:   00001738  A$fb_lpc922$2873                   fb_lpc922
     0C:   00001738  C$fb_lpc922.c$674$1$1              fb_lpc922
     0C:   0000173B  A$fb_lpc922$2874                   fb_lpc922
     0C:   0000173C  A$fb_lpc922$2875                   fb_lpc922
     0C:   0000173D  A$fb_lpc922$2878                   fb_lpc922
     0C:   0000173D  C$fb_lpc922.c$675$1$1              fb_lpc922
     0C:   0000173E  A$fb_lpc922$2879                   fb_lpc922
     0C:   00001740  A$fb_lpc922$2880                   fb_lpc922
     0C:   00001743  A$fb_lpc922$2881                   fb_lpc922
     0C:   00001744  A$fb_lpc922$2882                   fb_lpc922
     0C:   00001745  A$fb_lpc922$2883                   fb_lpc922
     0C:   00001746  A$fb_lpc922$2886                   fb_lpc922
     0C:   00001746  C$fb_lpc922.c$676$1$1              fb_lpc922
     0C:   00001749  A$fb_lpc922$2887                   fb_lpc922
     0C:   0000174B  A$fb_lpc922$2891                   fb_lpc922
     0C:   0000174B  C$fb_lpc922.c$677$2$2              fb_lpc922
     0C:   0000174D  A$fb_lpc922$2894                   fb_lpc922
     0C:   0000174D  C$fb_lpc922.c$678$2$2              fb_lpc922
ASxxxx Linker V02.00 + NoICE + sdld,  page 101.
Hexadecimal  [32-Bits]

Area                                    Addr        Size        Decimal Bytes (Attributes)
--------------------------------        ----        ----        ------- ----- ------------
CSEG                                0000007F    00001793 =        6035. bytes (REL,CON,CODE)

      Value  Global                              Global Defined In Module
      -----  --------------------------------   ------------------------
     0C:   0000174E  A$fb_lpc922$2898                   fb_lpc922
     0C:   0000174E  C$fb_lpc922.c$679$1$1              fb_lpc922
     0C:   0000174F  A$fb_lpc922$2899                   fb_lpc922
     0C:   00001750  A$fb_lpc922$2900                   fb_lpc922
     0C:   00001751  A$fb_lpc922$2901                   fb_lpc922
     0C:   00001753  A$fb_lpc922$2904                   fb_lpc922
     0C:   00001753  C$fb_lpc922.c$680$3$3              fb_lpc922
     0C:   00001755  A$fb_lpc922$2905                   fb_lpc922
     0C:   00001758  A$fb_lpc922$2906                   fb_lpc922
     0C:   00001759  A$fb_lpc922$2907                   fb_lpc922
     0C:   0000175A  A$fb_lpc922$2908                   fb_lpc922
     0C:   0000175B  A$fb_lpc922$2911                   fb_lpc922
     0C:   0000175B  C$fb_lpc922.c$681$3$3              fb_lpc922
     0C:   0000175C  A$fb_lpc922$2912                   fb_lpc922
     0C:   0000175F  A$fb_lpc922$2915                   fb_lpc922
     0C:   0000175F  C$fb_lpc922.c$682$4$4              fb_lpc922
     0C:   00001760  A$fb_lpc922$2916                   fb_lpc922
     0C:   00001761  A$fb_lpc922$2917                   fb_lpc922
     0C:   00001764  A$fb_lpc922$2918                   fb_lpc922
     0C:   00001765  A$fb_lpc922$2919                   fb_lpc922
     0C:   00001766  A$fb_lpc922$2920                   fb_lpc922
     0C:   00001767  A$fb_lpc922$2923                   fb_lpc922
     0C:   00001767  C$fb_lpc922.c$683$4$4              fb_lpc922
     0C:   00001769  A$fb_lpc922$2927                   fb_lpc922
     0C:   00001769  C$fb_lpc922.c$685$3$3              fb_lpc922
     0C:   0000176A  A$fb_lpc922$2930                   fb_lpc922
     0C:   0000176A  C$fb_lpc922.c$686$3$3              fb_lpc922
     0C:   0000176B  A$fb_lpc922$2931                   fb_lpc922
     0C:   0000176C  A$fb_lpc922$2932                   fb_lpc922
     0C:   0000176E  A$fb_lpc922$2936                   fb_lpc922
     0C:   0000176E  C$fb_lpc922.c$689$1$1              fb_lpc922
     0C:   00001770  A$fb_lpc922$2937                   fb_lpc922
     0C:   00001772  A$fb_lpc922$2940                   fb_lpc922
     0C:   00001772  C$fb_lpc922.c$690$1$1              fb_lpc922
     0C:   00001772  XG$find_first_objno$0$0            fb_lpc922
     0C:   00001773  A$fb_lpc922$2957                   fb_lpc922
     0C:   00001773  C$fb_lpc922.c$695$1$1              fb_lpc922
     0C:   00001773  G$find_ga$0$0                      fb_lpc922
     0C:   00001773  _find_ga                           fb_lpc922
     0C:   00001775  A$fb_lpc922$2960                   fb_lpc922
     0C:   00001775  C$fb_lpc922.c$700$1$1              fb_lpc922
     0C:   00001777  A$fb_lpc922$2963                   fb_lpc922
     0C:   00001777  C$fb_lpc922.c$701$1$1              fb_lpc922
     0C:   0000177A  A$fb_lpc922$2964                   fb_lpc922
     0C:   0000177B  A$fb_lpc922$2965                   fb_lpc922
     0C:   0000177C  A$fb_lpc922$2966                   fb_lpc922
     0C:   0000177D  A$fb_lpc922$2969                   fb_lpc922
     0C:   0000177D  C$fb_lpc922.c$702$1$1              fb_lpc922
     0C:   0000177E  A$fb_lpc922$2970                   fb_lpc922
     0C:   0000177F  A$fb_lpc922$2971                   fb_lpc922
     0C:   00001780  A$fb_lpc922$2972                   fb_lpc922
ASxxxx Linker V02.00 + NoICE + sdld,  page 102.
Hexadecimal  [32-Bits]

Area                                    Addr        Size        Decimal Bytes (Attributes)
--------------------------------        ----        ----        ------- ----- ------------
CSEG                                0000007F    00001793 =        6035. bytes (REL,CON,CODE)

      Value  Global                              Global Defined In Module
      -----  --------------------------------   ------------------------
     0C:   00001781  A$fb_lpc922$2975                   fb_lpc922
     0C:   00001781  C$fb_lpc922.c$704$1$1              fb_lpc922
     0C:   00001782  A$fb_lpc922$2976                   fb_lpc922
     0C:   00001783  A$fb_lpc922$2977                   fb_lpc922
     0C:   00001786  A$fb_lpc922$2978                   fb_lpc922
     0C:   00001787  A$fb_lpc922$2979                   fb_lpc922
     0C:   00001788  A$fb_lpc922$2980                   fb_lpc922
     0C:   0000178B  A$fb_lpc922$2981                   fb_lpc922
     0C:   0000178D  A$fb_lpc922$2982                   fb_lpc922
     0C:   00001790  A$fb_lpc922$2983                   fb_lpc922
     0C:   00001791  A$fb_lpc922$2984                   fb_lpc922
     0C:   00001792  A$fb_lpc922$2985                   fb_lpc922
     0C:   00001793  A$fb_lpc922$2986                   fb_lpc922
     0C:   00001794  A$fb_lpc922$2990                   fb_lpc922
     0C:   00001794  C$fb_lpc922.c$706$1$1              fb_lpc922
     0C:   00001797  A$fb_lpc922$2991                   fb_lpc922
     0C:   00001799  A$fb_lpc922$2995                   fb_lpc922
     0C:   00001799  C$fb_lpc922.c$708$2$2              fb_lpc922
     0C:   0000179A  A$fb_lpc922$2996                   fb_lpc922
     0C:   0000179B  A$fb_lpc922$2997                   fb_lpc922
     0C:   0000179C  A$fb_lpc922$2998                   fb_lpc922
     0C:   0000179E  A$fb_lpc922$2999                   fb_lpc922
     0C:   000017A1  A$fb_lpc922$3000                   fb_lpc922
     0C:   000017A2  A$fb_lpc922$3001                   fb_lpc922
     0C:   000017A3  A$fb_lpc922$3002                   fb_lpc922
     0C:   000017A5  A$fb_lpc922$3005                   fb_lpc922
     0C:   000017A5  C$fb_lpc922.c$709$2$2              fb_lpc922
     0C:   000017A7  A$fb_lpc922$3006                   fb_lpc922
     0C:   000017A8  A$fb_lpc922$3007                   fb_lpc922
     0C:   000017AB  A$fb_lpc922$3008                   fb_lpc922
     0C:   000017AC  A$fb_lpc922$3009                   fb_lpc922
     0C:   000017AD  A$fb_lpc922$3010                   fb_lpc922
     0C:   000017AF  A$fb_lpc922$3011                   fb_lpc922
     0C:   000017B0  A$fb_lpc922$3012                   fb_lpc922
     0C:   000017B1  A$fb_lpc922$3013                   fb_lpc922
     0C:   000017B2  A$fb_lpc922$3014                   fb_lpc922
     0C:   000017B3  A$fb_lpc922$3015                   fb_lpc922
     0C:   000017B4  A$fb_lpc922$3016                   fb_lpc922
     0C:   000017B6  A$fb_lpc922$3020                   fb_lpc922
     0C:   000017B6  C$fb_lpc922.c$711$1$1              fb_lpc922
     0C:   000017B8  A$fb_lpc922$3021                   fb_lpc922
     0C:   000017BA  A$fb_lpc922$3025                   fb_lpc922
     0C:   000017BA  C$fb_lpc922.c$713$1$1              fb_lpc922
     0C:   000017BC  A$fb_lpc922$3026                   fb_lpc922
     0C:   000017BE  A$fb_lpc922$3029                   fb_lpc922
     0C:   000017BE  C$fb_lpc922.c$714$1$1              fb_lpc922
     0C:   000017BE  XG$find_ga$0$0                     fb_lpc922
     0C:   000017BF  A$fb_lpc922$3042                   fb_lpc922
     0C:   000017BF  C$fb_lpc922.c$719$1$1              fb_lpc922
     0C:   000017BF  C$fb_lpc922.c$721$1$1              fb_lpc922
     0C:   000017BF  G$restart_hw$0$0                   fb_lpc922
ASxxxx Linker V02.00 + NoICE + sdld,  page 103.
Hexadecimal  [32-Bits]

Area                                    Addr        Size        Decimal Bytes (Attributes)
--------------------------------        ----        ----        ------- ----- ------------
CSEG                                0000007F    00001793 =        6035. bytes (REL,CON,CODE)

      Value  Global                              Global Defined In Module
      -----  --------------------------------   ------------------------
     0C:   000017BF  _restart_hw                        fb_lpc922
     0C:   000017C2  A$fb_lpc922$3045                   fb_lpc922
     0C:   000017C2  C$fb_lpc922.c$723$1$1              fb_lpc922
     0C:   000017C5  A$fb_lpc922$3048                   fb_lpc922
     0C:   000017C5  C$fb_lpc922.c$724$1$1              fb_lpc922
     0C:   000017C8  A$fb_lpc922$3051                   fb_lpc922
     0C:   000017C8  C$fb_lpc922.c$728$1$1              fb_lpc922
     0C:   000017CA  A$fb_lpc922$3054                   fb_lpc922
     0C:   000017CA  C$fb_lpc922.c$730$1$1              fb_lpc922
     0C:   000017CD  A$fb_lpc922$3057                   fb_lpc922
     0C:   000017CD  C$fb_lpc922.c$731$1$1              fb_lpc922
     0C:   000017D0  A$fb_lpc922$3060                   fb_lpc922
     0C:   000017D0  C$fb_lpc922.c$732$1$1              fb_lpc922
     0C:   000017D2  A$fb_lpc922$3063                   fb_lpc922
     0C:   000017D2  C$fb_lpc922.c$733$1$1              fb_lpc922
     0C:   000017D4  A$fb_lpc922$3066                   fb_lpc922
     0C:   000017D4  C$fb_lpc922.c$734$1$1              fb_lpc922
     0C:   000017D7  A$fb_lpc922$3069                   fb_lpc922
     0C:   000017D7  C$fb_lpc922.c$735$1$1              fb_lpc922
     0C:   000017DA  A$fb_lpc922$3072                   fb_lpc922
     0C:   000017DA  C$fb_lpc922.c$736$1$1              fb_lpc922
     0C:   000017DC  A$fb_lpc922$3075                   fb_lpc922
     0C:   000017DC  C$fb_lpc922.c$743$1$1              fb_lpc922
     0C:   000017DE  A$fb_lpc922$3078                   fb_lpc922
     0C:   000017DE  C$fb_lpc922.c$744$1$1              fb_lpc922
     0C:   000017E1  A$fb_lpc922$3081                   fb_lpc922
     0C:   000017E1  C$fb_lpc922.c$745$1$1              fb_lpc922
     0C:   000017E4  A$fb_lpc922$3084                   fb_lpc922
     0C:   000017E4  C$fb_lpc922.c$752$1$1              fb_lpc922
     0C:   000017E7  A$fb_lpc922$3087                   fb_lpc922
     0C:   000017E7  C$fb_lpc922.c$753$1$1              fb_lpc922
     0C:   000017EA  A$fb_lpc922$3090                   fb_lpc922
     0C:   000017EA  C$fb_lpc922.c$754$1$1              fb_lpc922
     0C:   000017EC  A$fb_lpc922$3093                   fb_lpc922
     0C:   000017EC  C$fb_lpc922.c$756$1$1              fb_lpc922
     0C:   000017EF  A$fb_lpc922$3096                   fb_lpc922
     0C:   000017EF  C$fb_lpc922.c$758$1$1              fb_lpc922
     0C:   000017F1  A$fb_lpc922$3099                   fb_lpc922
     0C:   000017F1  C$fb_lpc922.c$759$1$1              fb_lpc922
     0C:   000017F3  A$fb_lpc922$3102                   fb_lpc922
     0C:   000017F3  C$fb_lpc922.c$760$1$1              fb_lpc922
     0C:   000017F5  A$fb_lpc922$3105                   fb_lpc922
     0C:   000017F5  C$fb_lpc922.c$761$1$1              fb_lpc922
     0C:   000017F7  A$fb_lpc922$3108                   fb_lpc922
     0C:   000017F7  C$fb_lpc922.c$762$1$1              fb_lpc922
     0C:   000017F9  A$fb_lpc922$3111                   fb_lpc922
     0C:   000017F9  C$fb_lpc922.c$763$1$1              fb_lpc922
     0C:   000017FB  A$fb_lpc922$3114                   fb_lpc922
     0C:   000017FB  C$fb_lpc922.c$764$1$1              fb_lpc922
     0C:   000017FE  A$fb_lpc922$3117                   fb_lpc922
     0C:   000017FE  C$fb_lpc922.c$765$1$1              fb_lpc922
ASxxxx Linker V02.00 + NoICE + sdld,  page 104.
Hexadecimal  [32-Bits]

Area                                    Addr        Size        Decimal Bytes (Attributes)
--------------------------------        ----        ----        ------- ----- ------------
CSEG                                0000007F    00001793 =        6035. bytes (REL,CON,CODE)

      Value  Global                              Global Defined In Module
      -----  --------------------------------   ------------------------
     0C:   00001801  A$fb_lpc922$3120                   fb_lpc922
     0C:   00001801  C$fb_lpc922.c$766$1$1              fb_lpc922
     0C:   00001804  A$fb_lpc922$3123                   fb_lpc922
     0C:   00001804  C$fb_lpc922.c$767$1$1              fb_lpc922
     0C:   00001806  A$fb_lpc922$3126                   fb_lpc922
     0C:   00001806  C$fb_lpc922.c$768$1$1              fb_lpc922
     0C:   00001808  A$fb_lpc922$3129                   fb_lpc922
     0C:   00001808  C$fb_lpc922.c$769$1$1              fb_lpc922
     0C:   0000180A  A$fb_lpc922$3132                   fb_lpc922
     0C:   0000180A  C$fb_lpc922.c$770$1$1              fb_lpc922
     0C:   0000180D  A$fb_lpc922$3135                   fb_lpc922
     0C:   0000180D  C$fb_lpc922.c$771$1$1              fb_lpc922
     0C:   0000180D  XG$restart_hw$0$0                  fb_lpc922
     0C:   0000180E  __sdcc_external_startup            _startup

ASxxxx Linker V02.00 + NoICE + sdld,  page 105.
Hexadecimal  [32-Bits]

Area                                    Addr        Size        Decimal Bytes (Attributes)
--------------------------------        ----        ----        ------- ----- ------------
CONST                               00001812    0000001C =          28. bytes (REL,CON,CODE)

      Value  Global                              Global Defined In Module
      -----  --------------------------------   ------------------------
     0C:   00001812  G$timerflagmask$0$0                fb_app_rollo10
     0C:   00001812  _timerflagmask                     fb_app_rollo10
     0C:   0000181E  G$svfaktorarray$0$0                fb_app_rollo10
     0C:   0000181E  _svfaktorarray                     fb_app_rollo10

ASxxxx Linker V02.00 + NoICE + sdld,  page 106.

Files Linked                              [ module(s) ]

fb_rollo10.rel                            [  ]
fb_app_rollo10.rel                        [  ]


Libraries Linked                          [ object file ]

C:\Freebus\C_Programme\oldisprogramm\lib_lpc922\Release/fb_lpc922.lib
                                          [ fb_lpc922 ]
C:\Programme\SDCC\bin\..\lib\small-stack-auto/mcs51.lib
                                          [ crtclear.rel ]
C:\Programme\SDCC\bin\..\lib\small-stack-auto/mcs51.lib
                                          [ crtxinit.rel ]
C:\Programme\SDCC\bin\..\lib\small-stack-auto/mcs51.lib
                                          [ crtxclear.rel ]
C:\Programme\SDCC\bin\..\lib\small-stack-auto/libsdcc.lib
                                          [ _bp.rel ]
C:\Programme\SDCC\bin\..\lib\small-stack-auto/mcs51.lib
                                          [ crtpagesfr.rel ]
C:\Programme\SDCC\bin\..\lib\small-stack-auto/mcs51.lib
                                          [ crtstart.rel ]
C:\Programme\SDCC\bin\..\lib\small-stack-auto/libsdcc.lib
                                          [ _startup.rel ]

ASxxxx Linker V02.00 + NoICE + sdld,  page 107.

User Base Address Definitions

HOME = 0x0000
ISEG = 0x0000
BSEG = 0x0000

