ASxxxx Linker V02.00 + NoICE + sdld,  page 1.
Hexadecimal  [32-Bits]

Area                                    Addr        Size        Decimal Bytes (Attributes)
--------------------------------        ----        ----        ------- ----- ------------
CABS                                00000000    00000000 =           0. bytes (ABS,CON,CODE)

      Value  Global                              Global Defined In Module
      -----  --------------------------------   ------------------------
     0C:   00000000  l_CABS                          
     0C:   00000000  l_GSINIT                        
     0C:   00000000  l_GSINIT1                       
     0C:   00000000  l_GSINIT5                       
     0C:   00000000  l_IABS                          
     0C:   00000000  l_ISEG                          
     0C:   00000000  l_OSEG                          
     0C:   00000000  l_PSEG                          
     0C:   00000000  l_REG_BANK_1                    
     0C:   00000000  l_REG_BANK_2                    
     0C:   00000000  l_REG_BANK_3                    
     0C:   00000000  l_RSEG                          
     0C:   00000000  l_RSEG0                         
     0C:   00000000  l_RSEG1                         
     0C:   00000000  l_XABS                          
     0C:   00000000  l_XINIT                         
     0C:   00000000  l_XISEG                         
     0C:   00000000  l_XSEG                          
     0C:   00000000  l__CODE                         
     0C:   00000000  s_BSEG                          
     0C:   00000000  s_CABS                          
     0C:   00000000  s_DSEG                          
     0C:   00000000  s_HOME                          
     0C:   00000000  s_IABS                          
     0C:   00000000  s_ISEG                          
     0C:   00000000  s_PSEG                          
     0C:   00000000  s_REG_BANK_0                    
     0C:   00000000  s_RSEG                          
     0C:   00000000  s_RSEG0                         
     0C:   00000000  s_RSEG1                         
     0C:   00000000  s_XABS                          
     0C:   00000000  s_XISEG                         
     0C:   00000000  s_XSEG                          
     0C:   00000001  l_BIT_BANK                      
     0C:   00000003  l_BSEG_BYTES                    
     0C:   00000003  l_GSFINAL                       
     0C:   00000003  l_GSINIT0                       
     0C:   00000008  l_REG_BANK_0                    
     0C:   00000008  s_REG_BANK_1                    
     0C:   0000000A  l_GSINIT2                       
     0C:   00000010  s_REG_BANK_2                    
     0C:   00000013  l_BSEG                          
     0C:   00000018  s_REG_BANK_3                    
     0C:   0000001C  l_CONST                         
     0C:   00000020  s_BSEG_BYTES                    
     0C:   00000020  s__CODE                         
     0C:   00000022  l_GSINIT3                       
     0C:   00000023  l_HOME                          
     0C:   00000023  s_BIT_BANK                      
     0C:   00000023  s_GSINIT0                       
ASxxxx Linker V02.00 + NoICE + sdld,  page 2.
Hexadecimal  [32-Bits]

Area                                    Addr        Size        Decimal Bytes (Attributes)
--------------------------------        ----        ----        ------- ----- ------------
CABS                                00000000    00000000 =           0. bytes (ABS,CON,CODE)

      Value  Global                              Global Defined In Module
      -----  --------------------------------   ------------------------
     0C:   00000023  s_OSEG                          
     0C:   00000026  s_GSINIT1                       
     0C:   00000026  s_GSINIT2                       
     0C:   0000002A  l_GSINIT4                       
     0C:   00000030  s_GSINIT3                       
     0C:   00000052  s_GSINIT4                       
     0C:   00000069  l_DSEG                          
     0C:   0000007C  s_GSFINAL                       
     0C:   0000007C  s_GSINIT                        
     0C:   0000007C  s_GSINIT5                       
     0C:   0000007C  s_SSEG                          
     0C:   0000007F  s_CSEG                          
     0C:   00000084  l_SSEG                          
     0C:   00000100  l_IRAM                          
     0C:   0000174B  l_CSEG                          
     0C:   000017CA  s_CONST                         
     0C:   000017E6  s_XINIT                         

ASxxxx Linker V02.00 + NoICE + sdld,  page 3.
Hexadecimal  [32-Bits]

Area                                    Addr        Size        Decimal Bytes (Attributes)
--------------------------------        ----        ----        ------- ----- ------------
.	.ABS.                             00000000    00000000 =           0. bytes (ABS,CON)

      Value  Global                              Global Defined In Module
      -----  --------------------------------   ------------------------
           00000000  .__.ABS.                           _startup
           00000000  G$RAM$0$0                          fb_app_rollo10
           00000000  _RAM                               fb_app_rollo10
           00000009  G$delay_toggle$0$0                 fb_app_rollo10
           00000009  G$timer$0$0                        fb_app_rollo10
           00000009  _delay_toggle                      fb_app_rollo10
           00000009  _timer                             fb_app_rollo10
           0000000B  G$objects_move$0$0                 fb_app_rollo10
           0000000B  _objects_move                      fb_app_rollo10
           0000000C  G$objects_smove$0$0                fb_app_rollo10
           0000000C  _objects_smove                     fb_app_rollo10
           0000000D  G$portbuffer$0$0                   fb_app_rollo10
           0000000D  _portbuffer                        fb_app_rollo10
           0000000E  G$oldportbuffer$0$0                fb_app_rollo10
           0000000E  _oldportbuffer                     fb_app_rollo10
           0000000F  G$blocked$0$0                      fb_app_rollo10
           0000000F  _blocked                           fb_app_rollo10
           00000010  G$timerbase$0$0                    fb_app_rollo10
           00000010  _timerbase                         fb_app_rollo10
           00000080  G$P0$0$0                           fb_lpc922
           00000080  G$P0_0$0$0                         fb_lpc922
           00000080  _P0                                fb_lpc922
           00000080  _P0_0                              fb_lpc922
           00000081  G$P0_1$0$0                         fb_lpc922
           00000081  G$SP$0$0                           fb_lpc922
           00000081  _P0_1                              fb_lpc922
           00000081  _SP                                fb_lpc922
           00000082  G$DPL$0$0                          fb_lpc922
           00000082  G$P0_2$0$0                         fb_lpc922
           00000082  _DPL                               fb_lpc922
           00000082  _P0_2                              fb_lpc922
           00000083  G$DPH$0$0                          fb_lpc922
           00000083  G$P0_3$0$0                         fb_lpc922
           00000083  _DPH                               fb_lpc922
           00000083  _P0_3                              fb_lpc922
           00000084  G$P0M1$0$0                         fb_lpc922
           00000084  G$P0_4$0$0                         fb_lpc922
           00000084  _P0M1                              fb_lpc922
           00000084  _P0_4                              fb_lpc922
           00000085  G$P0M2$0$0                         fb_lpc922
           00000085  G$P0_5$0$0                         fb_lpc922
           00000085  _P0M2                              fb_lpc922
           00000085  _P0_5                              fb_lpc922
           00000086  G$KBMASK$0$0                       fb_lpc922
           00000086  G$P0_6$0$0                         fb_lpc922
           00000086  _KBMASK                            fb_lpc922
           00000086  _P0_6                              fb_lpc922
           00000087  G$P0_7$0$0                         fb_lpc922
           00000087  G$PCON$0$0                         fb_lpc922
           00000087  _P0_7                              fb_lpc922
ASxxxx Linker V02.00 + NoICE + sdld,  page 4.
Hexadecimal  [32-Bits]

Area                                    Addr        Size        Decimal Bytes (Attributes)
--------------------------------        ----        ----        ------- ----- ------------
.	.ABS.                             00000000    00000000 =           0. bytes (ABS,CON)

      Value  Global                              Global Defined In Module
      -----  --------------------------------   ------------------------
           00000087  _PCON                              fb_lpc922
           00000088  G$TCON$0$0                         fb_lpc922
           00000088  G$TCON_0$0$0                       fb_lpc922
           00000088  _TCON                              fb_lpc922
           00000088  _TCON_0                            fb_lpc922
           00000089  G$TCON_1$0$0                       fb_lpc922
           00000089  G$TMOD$0$0                         fb_lpc922
           00000089  _TCON_1                            fb_lpc922
           00000089  _TMOD                              fb_lpc922
           0000008A  G$TCON_2$0$0                       fb_lpc922
           0000008A  G$TL0$0$0                          fb_lpc922
           0000008A  _TCON_2                            fb_lpc922
           0000008A  _TL0                               fb_lpc922
           0000008B  G$TCON_3$0$0                       fb_lpc922
           0000008B  G$TL1$0$0                          fb_lpc922
           0000008B  _TCON_3                            fb_lpc922
           0000008B  _TL1                               fb_lpc922
           0000008C  G$TCON_4$0$0                       fb_lpc922
           0000008C  G$TH0$0$0                          fb_lpc922
           0000008C  _TCON_4                            fb_lpc922
           0000008C  _TH0                               fb_lpc922
           0000008D  G$TCON_5$0$0                       fb_lpc922
           0000008D  G$TH1$0$0                          fb_lpc922
           0000008D  _TCON_5                            fb_lpc922
           0000008D  _TH1                               fb_lpc922
           0000008E  G$TCON_6$0$0                       fb_lpc922
           0000008E  _TCON_6                            fb_lpc922
           0000008F  G$TAMOD$0$0                        fb_lpc922
           0000008F  G$TCON_7$0$0                       fb_lpc922
           0000008F  _TAMOD                             fb_lpc922
           0000008F  _TCON_7                            fb_lpc922
           00000090  G$P1$0$0                           fb_lpc922
           00000090  G$P1_0$0$0                         fb_lpc922
           00000090  _P1                                fb_lpc922
           00000090  _P1_0                              fb_lpc922
           00000091  G$P1M1$0$0                         fb_lpc922
           00000091  G$P1_1$0$0                         fb_lpc922
           00000091  _P1M1                              fb_lpc922
           00000091  _P1_1                              fb_lpc922
           00000092  G$P1M2$0$0                         fb_lpc922
           00000092  G$P1_2$0$0                         fb_lpc922
           00000092  _P1M2                              fb_lpc922
           00000092  _P1_2                              fb_lpc922
           00000093  G$KBPATN$0$0                       fb_lpc922
           00000093  G$P1_3$0$0                         fb_lpc922
           00000093  _KBPATN                            fb_lpc922
           00000093  _P1_3                              fb_lpc922
           00000094  G$KBCON$0$0                        fb_lpc922
           00000094  G$P1_4$0$0                         fb_lpc922
           00000094  _KBCON                             fb_lpc922
           00000094  _P1_4                              fb_lpc922
ASxxxx Linker V02.00 + NoICE + sdld,  page 5.
Hexadecimal  [32-Bits]

Area                                    Addr        Size        Decimal Bytes (Attributes)
--------------------------------        ----        ----        ------- ----- ------------
.	.ABS.                             00000000    00000000 =           0. bytes (ABS,CON)

      Value  Global                              Global Defined In Module
      -----  --------------------------------   ------------------------
           00000095  G$DIVM$0$0                         fb_lpc922
           00000095  G$P1_5$0$0                         fb_lpc922
           00000095  _DIVM                              fb_lpc922
           00000095  _P1_5                              fb_lpc922
           00000096  G$P1_6$0$0                         fb_lpc922
           00000096  G$TRIM$0$0                         fb_lpc922
           00000096  _P1_6                              fb_lpc922
           00000096  _TRIM                              fb_lpc922
           00000097  G$P1_7$0$0                         fb_lpc922
           00000097  _P1_7                              fb_lpc922
           00000098  G$SCON$0$0                         fb_lpc922
           00000098  G$SCON_0$0$0                       fb_lpc922
           00000098  _SCON                              fb_lpc922
           00000098  _SCON_0                            fb_lpc922
           00000099  G$SBUF$0$0                         fb_lpc922
           00000099  G$SCON_1$0$0                       fb_lpc922
           00000099  _SBUF                              fb_lpc922
           00000099  _SCON_1                            fb_lpc922
           0000009A  G$SCON_2$0$0                       fb_lpc922
           0000009A  _SCON_2                            fb_lpc922
           0000009B  G$SCON_3$0$0                       fb_lpc922
           0000009B  _SCON_3                            fb_lpc922
           0000009C  G$SCON_4$0$0                       fb_lpc922
           0000009C  _SCON_4                            fb_lpc922
           0000009D  G$SCON_5$0$0                       fb_lpc922
           0000009D  _SCON_5                            fb_lpc922
           0000009E  G$SCON_6$0$0                       fb_lpc922
           0000009E  _SCON_6                            fb_lpc922
           0000009F  G$SCON_7$0$0                       fb_lpc922
           0000009F  _SCON_7                            fb_lpc922
           000000A0  __XPAGE                            
           000000A2  G$AUXR1$0$0                        fb_lpc922
           000000A2  _AUXR1                             fb_lpc922
           000000A7  G$WDCON$0$0                        fb_lpc922
           000000A7  _WDCON                             fb_lpc922
           000000A8  G$IEN0$0$0                         fb_lpc922
           000000A8  G$IEN0_0$0$0                       fb_lpc922
           000000A8  _IEN0                              fb_lpc922
           000000A8  _IEN0_0                            fb_lpc922
           000000A9  G$IEN0_1$0$0                       fb_lpc922
           000000A9  G$SADDR$0$0                        fb_lpc922
           000000A9  _IEN0_1                            fb_lpc922
           000000A9  _SADDR                             fb_lpc922
           000000AA  G$IEN0_2$0$0                       fb_lpc922
           000000AA  _IEN0_2                            fb_lpc922
           000000AB  G$IEN0_3$0$0                       fb_lpc922
           000000AB  _IEN0_3                            fb_lpc922
           000000AC  G$CMP1$0$0                         fb_lpc922
           000000AC  G$IEN0_4$0$0                       fb_lpc922
           000000AC  _CMP1                              fb_lpc922
           000000AC  _IEN0_4                            fb_lpc922
ASxxxx Linker V02.00 + NoICE + sdld,  page 6.
Hexadecimal  [32-Bits]

Area                                    Addr        Size        Decimal Bytes (Attributes)
--------------------------------        ----        ----        ------- ----- ------------
.	.ABS.                             00000000    00000000 =           0. bytes (ABS,CON)

      Value  Global                              Global Defined In Module
      -----  --------------------------------   ------------------------
           000000AD  G$CMP2$0$0                         fb_lpc922
           000000AD  G$IEN0_5$0$0                       fb_lpc922
           000000AD  _CMP2                              fb_lpc922
           000000AD  _IEN0_5                            fb_lpc922
           000000AE  G$IEN0_6$0$0                       fb_lpc922
           000000AE  _IEN0_6                            fb_lpc922
           000000AF  G$IEN0_7$0$0                       fb_lpc922
           000000AF  _IEN0_7                            fb_lpc922
           000000B0  G$P3$0$0                           fb_lpc922
           000000B0  G$P3_0$0$0                         fb_lpc922
           000000B0  _P3                                fb_lpc922
           000000B0  _P3_0                              fb_lpc922
           000000B1  G$P3M1$0$0                         fb_lpc922
           000000B1  G$P3_1$0$0                         fb_lpc922
           000000B1  _P3M1                              fb_lpc922
           000000B1  _P3_1                              fb_lpc922
           000000B2  G$P3M2$0$0                         fb_lpc922
           000000B2  _P3M2                              fb_lpc922
           000000B5  G$PCONA$0$0                        fb_lpc922
           000000B5  _PCONA                             fb_lpc922
           000000B7  G$IP0H$0$0                         fb_lpc922
           000000B7  _IP0H                              fb_lpc922
           000000B8  G$IP0$0$0                          fb_lpc922
           000000B8  G$IP0_0$0$0                        fb_lpc922
           000000B8  _IP0                               fb_lpc922
           000000B8  _IP0_0                             fb_lpc922
           000000B9  G$IP0_1$0$0                        fb_lpc922
           000000B9  G$SADEN$0$0                        fb_lpc922
           000000B9  _IP0_1                             fb_lpc922
           000000B9  _SADEN                             fb_lpc922
           000000BA  G$IP0_2$0$0                        fb_lpc922
           000000BA  G$SSTAT$0$0                        fb_lpc922
           000000BA  _IP0_2                             fb_lpc922
           000000BA  _SSTAT                             fb_lpc922
           000000BB  G$IP0_3$0$0                        fb_lpc922
           000000BB  _IP0_3                             fb_lpc922
           000000BC  G$IP0_4$0$0                        fb_lpc922
           000000BC  _IP0_4                             fb_lpc922
           000000BD  G$BRGCON$0$0                       fb_lpc922
           000000BD  G$IP0_5$0$0                        fb_lpc922
           000000BD  _BRGCON                            fb_lpc922
           000000BD  _IP0_5                             fb_lpc922
           000000BE  G$BRGR0$0$0                        fb_lpc922
           000000BE  G$IP0_6$0$0                        fb_lpc922
           000000BE  _BRGR0                             fb_lpc922
           000000BE  _IP0_6                             fb_lpc922
           000000BF  G$BRGR1$0$0                        fb_lpc922
           000000BF  _BRGR1                             fb_lpc922
           000000C1  G$WDL$0$0                          fb_lpc922
           000000C1  _WDL                               fb_lpc922
           000000C2  G$WFEED1$0$0                       fb_lpc922
ASxxxx Linker V02.00 + NoICE + sdld,  page 7.
Hexadecimal  [32-Bits]

Area                                    Addr        Size        Decimal Bytes (Attributes)
--------------------------------        ----        ----        ------- ----- ------------
.	.ABS.                             00000000    00000000 =           0. bytes (ABS,CON)

      Value  Global                              Global Defined In Module
      -----  --------------------------------   ------------------------
           000000C2  _WFEED1                            fb_lpc922
           000000C3  G$WFEED2$0$0                       fb_lpc922
           000000C3  _WFEED2                            fb_lpc922
           000000D0  G$PSW$0$0                          fb_lpc922
           000000D0  G$PSW_0$0$0                        fb_lpc922
           000000D0  _PSW                               fb_lpc922
           000000D0  _PSW_0                             fb_lpc922
           000000D1  G$PSW_1$0$0                        fb_lpc922
           000000D1  G$RTCCON$0$0                       fb_lpc922
           000000D1  _PSW_1                             fb_lpc922
           000000D1  _RTCCON                            fb_lpc922
           000000D2  G$PSW_2$0$0                        fb_lpc922
           000000D2  G$RTCH$0$0                         fb_lpc922
           000000D2  _PSW_2                             fb_lpc922
           000000D2  _RTCH                              fb_lpc922
           000000D3  G$PSW_3$0$0                        fb_lpc922
           000000D3  G$RTCL$0$0                         fb_lpc922
           000000D3  _PSW_3                             fb_lpc922
           000000D3  _RTCL                              fb_lpc922
           000000D4  G$PSW_4$0$0                        fb_lpc922
           000000D4  _PSW_4                             fb_lpc922
           000000D5  G$PSW_5$0$0                        fb_lpc922
           000000D5  _PSW_5                             fb_lpc922
           000000D6  G$PSW_6$0$0                        fb_lpc922
           000000D6  _PSW_6                             fb_lpc922
           000000D7  G$PSW_7$0$0                        fb_lpc922
           000000D7  _PSW_7                             fb_lpc922
           000000D8  G$I2CON$0$0                        fb_lpc922
           000000D8  G$I2CON_0$0$0                      fb_lpc922
           000000D8  _I2CON                             fb_lpc922
           000000D8  _I2CON_0                           fb_lpc922
           000000D9  G$I2STAT$0$0                       fb_lpc922
           000000D9  _I2STAT                            fb_lpc922
           000000DA  G$I2CON_2$0$0                      fb_lpc922
           000000DA  G$I2DAT$0$0                        fb_lpc922
           000000DA  _I2CON_2                           fb_lpc922
           000000DA  _I2DAT                             fb_lpc922
           000000DB  G$I2ADR$0$0                        fb_lpc922
           000000DB  G$I2CON_3$0$0                      fb_lpc922
           000000DB  _I2ADR                             fb_lpc922
           000000DB  _I2CON_3                           fb_lpc922
           000000DC  G$I2CON_4$0$0                      fb_lpc922
           000000DC  G$I2SCLL$0$0                       fb_lpc922
           000000DC  _I2CON_4                           fb_lpc922
           000000DC  _I2SCLL                            fb_lpc922
           000000DD  G$I2CON_5$0$0                      fb_lpc922
           000000DD  G$I2SCLH$0$0                       fb_lpc922
           000000DD  _I2CON_5                           fb_lpc922
           000000DD  _I2SCLH                            fb_lpc922
           000000DE  G$I2CON_6$0$0                      fb_lpc922
           000000DE  _I2CON_6                           fb_lpc922
ASxxxx Linker V02.00 + NoICE + sdld,  page 8.
Hexadecimal  [32-Bits]

Area                                    Addr        Size        Decimal Bytes (Attributes)
--------------------------------        ----        ----        ------- ----- ------------
.	.ABS.                             00000000    00000000 =           0. bytes (ABS,CON)

      Value  Global                              Global Defined In Module
      -----  --------------------------------   ------------------------
           000000DF  G$RSTSRC$0$0                       fb_lpc922
           000000DF  _RSTSRC                            fb_lpc922
           000000E0  G$ACC$0$0                          fb_lpc922
           000000E0  _ACC                               fb_lpc922
           000000E4  G$FMCON$0$0                        fb_lpc922
           000000E4  _FMCON                             fb_lpc922
           000000E5  G$FMDATA$0$0                       fb_lpc922
           000000E5  _FMDATA                            fb_lpc922
           000000E6  G$FMADRL$0$0                       fb_lpc922
           000000E6  _FMADRL                            fb_lpc922
           000000E7  G$FMADRH$0$0                       fb_lpc922
           000000E7  _FMADRH                            fb_lpc922
           000000E8  G$IEN1$0$0                         fb_lpc922
           000000E8  G$IEN1_0$0$0                       fb_lpc922
           000000E8  _IEN1                              fb_lpc922
           000000E8  _IEN1_0                            fb_lpc922
           000000E9  G$IEN1_1$0$0                       fb_lpc922
           000000E9  _IEN1_1                            fb_lpc922
           000000EA  G$IEN1_2$0$0                       fb_lpc922
           000000EA  _IEN1_2                            fb_lpc922
           000000F0  G$B$0$0                            fb_lpc922
           000000F0  _B                                 fb_lpc922
           000000F6  G$PT0AD$0$0                        fb_lpc922
           000000F6  _PT0AD                             fb_lpc922
           000000F7  G$IP1H$0$0                         fb_lpc922
           000000F7  _IP1H                              fb_lpc922
           000000F8  G$IP1$0$0                          fb_lpc922
           000000F8  G$IP1_0$0$0                        fb_lpc922
           000000F8  _IP1                               fb_lpc922
           000000F8  _IP1_0                             fb_lpc922
           000000F9  G$IP1_1$0$0                        fb_lpc922
           000000F9  _IP1_1                             fb_lpc922
           000000FA  G$IP1_2$0$0                        fb_lpc922
           000000FA  _IP1_2                             fb_lpc922
           000000FE  G$IP1_6$0$0                        fb_lpc922
           000000FE  _IP1_6                             fb_lpc922
           00001BFD  Ffb_app_rollo10$blockedsave$0$0    fb_app_rollo10
           00001BFD  Lfb_rollo10.main$blockedsave$1$1   fb_rollo10
           00001BFF  Lfb_rollo10.main$trimsave$1$1      fb_rollo10
           00001C00  G$userram$0$0                      fb_lpc922
           00001C00  _userram                           fb_lpc922
           00001D00  G$eeprom$0$0                       fb_lpc922
           00001D00  _eeprom                            fb_lpc922
ASxxxx Linker V02.00 + NoICE + sdld,  page 9.
Hexadecimal  [32-Bits]

Area                                    Addr        Size        Decimal Bytes (Attributes)
--------------------------------        ----        ----        ------- ----- ------------
BSEG_BYTES                          00000020    00000003 =           3. bytes (REL,CON)

      Value  Global                              Global Defined In Module
      -----  --------------------------------   ------------------------
ASxxxx Linker V02.00 + NoICE + sdld,  page 10.
Hexadecimal  [32-Bits]

Area                                    Addr        Size        Decimal Bytes (Attributes)
--------------------------------        ----        ----        ------- ----- ------------
REG_BANK_0                          00000000    00000008 =           8. bytes (REL,OVR)

      Value  Global                              Global Defined In Module
      -----  --------------------------------   ------------------------
ASxxxx Linker V02.00 + NoICE + sdld,  page 11.
Hexadecimal  [32-Bits]

Area                                    Addr        Size        Decimal Bytes (Attributes)
--------------------------------        ----        ----        ------- ----- ------------
BSEG                                00000000    00000013 =          19. bytes (REL,CON,BIT)

      Value  Global                              Global Defined In Module
      -----  --------------------------------   ------------------------
     0B:   00000000  G$portchanged$0$0                  fb_app_rollo10
     0B:   00000000  _portchanged                       fb_app_rollo10
     0B:   00000001  G$state$0$0                        fb_app_rollo10
     0B:   00000001  _state                             fb_app_rollo10
     0B:   00000002  G$handmode$0$0                     fb_app_rollo10
     0B:   00000002  _handmode                          fb_app_rollo10
     0B:   00000003  G$parity_ok$0$0                    fb_lpc922
     0B:   00000003  _parity_ok                         fb_lpc922
     0B:   00000004  G$interrupted$0$0                  fb_lpc922
     0B:   00000004  _interrupted                       fb_lpc922
     0B:   00000005  G$fb_parity$0$0                    fb_lpc922
     0B:   00000005  _fb_parity                         fb_lpc922
     0B:   00000006  G$ack$0$0                          fb_lpc922
     0B:   00000006  _ack                               fb_lpc922
     0B:   00000007  G$nack$0$0                         fb_lpc922
     0B:   00000007  _nack                              fb_lpc922
     0B:   00000008  G$its_me$0$0                       fb_lpc922
     0B:   00000008  _its_me                            fb_lpc922
     0B:   00000009  G$tel_arrived$0$0                  fb_lpc922
     0B:   00000009  _tel_arrived                       fb_lpc922
     0B:   0000000A  G$tel_sent$0$0                     fb_lpc922
     0B:   0000000A  _tel_sent                          fb_lpc922
     0B:   0000000B  G$auto_ack$0$0                     fb_lpc922
     0B:   0000000B  _auto_ack                          fb_lpc922
     0B:   0000000C  G$fbtx_bit$0$0                     fb_lpc922
     0B:   0000000C  _fbtx_bit                          fb_lpc922
     0B:   0000000D  G$wait_for_ack$0$0                 fb_lpc922
     0B:   0000000D  _wait_for_ack                      fb_lpc922
     0B:   0000000E  G$send_ack$0$0                     fb_lpc922
     0B:   0000000E  _send_ack                          fb_lpc922
     0B:   0000000F  G$send_nack$0$0                    fb_lpc922
     0B:   0000000F  _send_nack                         fb_lpc922
     0B:   00000010  G$transparency$0$0                 fb_lpc922
     0B:   00000010  _transparency                      fb_lpc922
     0B:   00000011  G$connected$0$0                    fb_lpc922
     0B:   00000011  _connected                         fb_lpc922
     0B:   00000012  G$inc_pcount$0$0                   fb_lpc922
     0B:   00000012  _inc_pcount                        fb_lpc922

ASxxxx Linker V02.00 + NoICE + sdld,  page 12.
Hexadecimal  [32-Bits]

Area                                    Addr        Size        Decimal Bytes (Attributes)
--------------------------------        ----        ----        ------- ----- ------------
BIT_BANK                            00000023    00000001 =           1. bytes (REL,OVR)

      Value  Global                              Global Defined In Module
      -----  --------------------------------   ------------------------
ASxxxx Linker V02.00 + NoICE + sdld,  page 13.
Hexadecimal  [32-Bits]

Area                                    Addr        Size        Decimal Bytes (Attributes)
--------------------------------        ----        ----        ------- ----- ------------
DSEG                                00000000    00000069 =         105. bytes (REL,CON)

      Value  Global                              Global Defined In Module
      -----  --------------------------------   ------------------------
           00000008  _bp                                _bp
           00000024  G$timercnt$0$0                     fb_app_rollo10
           00000024  _timercnt                          fb_app_rollo10
           00000034  G$timerstate$0$0                   fb_app_rollo10
           00000034  _timerstate                        fb_app_rollo10
           00000044  G$Tval$0$0                         fb_app_rollo10
           00000044  _Tval                              fb_app_rollo10
           00000045  G$zfstate$0$0                      fb_app_rollo10
           00000045  _zfstate                           fb_app_rollo10
           00000046  G$oldblockvalue$0$0                fb_app_rollo10
           00000046  _oldblockvalue                     fb_app_rollo10
           00000047  G$kanal$0$0                        fb_app_rollo10
           00000047  _kanal                             fb_app_rollo10
           0000004B  G$knr$0$0                          fb_app_rollo10
           0000004B  _knr                               fb_app_rollo10
           0000004C  G$ledport$0$0                      fb_app_rollo10
           0000004C  _ledport                           fb_app_rollo10
           0000004D  G$conh$0$0                         fb_lpc922
           0000004D  _conh                              fb_lpc922
           0000004E  G$conl$0$0                         fb_lpc922
           0000004E  _conl                              fb_lpc922
           0000004F  G$pcount$0$0                       fb_lpc922
           0000004F  _pcount                            fb_lpc922
           00000050  G$mem_length$0$0                   fb_lpc922
           00000050  _mem_length                        fb_lpc922
           00000051  G$mem_adrh$0$0                     fb_lpc922
           00000051  _mem_adrh                          fb_lpc922
           00000052  G$mem_adrl$0$0                     fb_lpc922
           00000052  _mem_adrl                          fb_lpc922
           00000053  G$senders_pcount$0$0               fb_lpc922
           00000053  _senders_pcount                    fb_lpc922
           00000054  G$telegramm$0$0                    fb_lpc922
           00000054  _telegramm                         fb_lpc922
           0000006B  G$tx_buffer$0$0                    fb_lpc922
           0000006B  _tx_buffer                         fb_lpc922
           00000073  G$telpos$0$0                       fb_lpc922
           00000073  _telpos                            fb_lpc922
           00000074  G$cs$0$0                           fb_lpc922
           00000074  _cs                                fb_lpc922
           00000075  G$fbrx_byte$0$0                    fb_lpc922
           00000075  _fbrx_byte                         fb_lpc922
           00000076  G$fb_pattern$0$0                   fb_lpc922
           00000076  _fb_pattern                        fb_lpc922
           00000077  G$fb_state$0$0                     fb_lpc922
           00000077  _fb_state                          fb_lpc922
           00000078  G$repeat_count$0$0                 fb_lpc922
           00000078  _repeat_count                      fb_lpc922
           00000079  G$tx_nextwrite$0$0                 fb_lpc922
           00000079  _tx_nextwrite                      fb_lpc922
           0000007A  G$tx_nextsend$0$0                  fb_lpc922
ASxxxx Linker V02.00 + NoICE + sdld,  page 14.
Hexadecimal  [32-Bits]

Area                                    Addr        Size        Decimal Bytes (Attributes)
--------------------------------        ----        ----        ------- ----- ------------
DSEG                                00000000    00000069 =         105. bytes (REL,CON)

      Value  Global                              Global Defined In Module
      -----  --------------------------------   ------------------------
           0000007A  _tx_nextsend                       fb_lpc922
           0000007B  G$status60$0$0                     fb_lpc922
           0000007B  _status60                          fb_lpc922

ASxxxx Linker V02.00 + NoICE + sdld,  page 15.
Hexadecimal  [32-Bits]

Area                                    Addr        Size        Decimal Bytes (Attributes)
--------------------------------        ----        ----        ------- ----- ------------
SSEG                                0000007C    00000084 =         132. bytes (REL,OVR)

      Value  Global                              Global Defined In Module
      -----  --------------------------------   ------------------------
           0000007C  __start__stack                     fb_rollo10

ASxxxx Linker V02.00 + NoICE + sdld,  page 16.
Hexadecimal  [32-Bits]

Area                                    Addr        Size        Decimal Bytes (Attributes)
--------------------------------        ----        ----        ------- ----- ------------
HOME                                00000000    00000023 =          35. bytes (REL,CON,CODE)

      Value  Global                              Global Defined In Module
      -----  --------------------------------   ------------------------
     0C:   00000000  A$fb_rollo10$515                   fb_rollo10
     0C:   00000003  A$fb_rollo10$516                   fb_rollo10
     0C:   0000000B  A$fb_rollo10$518                   fb_rollo10
     0C:   00000013  A$fb_rollo10$520                   fb_rollo10
     0C:   0000001B  A$fb_rollo10$522                   fb_rollo10
     0C:   0000001E  A$fb_rollo10$544                   fb_rollo10
     0C:   0000001E  __sdcc_program_startup             fb_rollo10
     0C:   00000021  A$fb_rollo10$546                   fb_rollo10

ASxxxx Linker V02.00 + NoICE + sdld,  page 17.
Hexadecimal  [32-Bits]

Area                                    Addr        Size        Decimal Bytes (Attributes)
--------------------------------        ----        ----        ------- ----- ------------
GSINIT0                             00000023    00000003 =           3. bytes (REL,CON,CODE)

      Value  Global                              Global Defined In Module
      -----  --------------------------------   ------------------------
     0C:   00000023  __sdcc_gsinit_startup              

ASxxxx Linker V02.00 + NoICE + sdld,  page 18.
Hexadecimal  [32-Bits]

Area                                    Addr        Size        Decimal Bytes (Attributes)
--------------------------------        ----        ----        ------- ----- ------------
GSINIT2                             00000026    0000000A =          10. bytes (REL,CON,CODE)

      Value  Global                              Global Defined In Module
      -----  --------------------------------   ------------------------
ASxxxx Linker V02.00 + NoICE + sdld,  page 19.
Hexadecimal  [32-Bits]

Area                                    Addr        Size        Decimal Bytes (Attributes)
--------------------------------        ----        ----        ------- ----- ------------
GSINIT3                             00000030    00000022 =          34. bytes (REL,CON,CODE)

      Value  Global                              Global Defined In Module
      -----  --------------------------------   ------------------------
     0C:   00000030  __mcs51_genXINIT                   

ASxxxx Linker V02.00 + NoICE + sdld,  page 20.
Hexadecimal  [32-Bits]

Area                                    Addr        Size        Decimal Bytes (Attributes)
--------------------------------        ----        ----        ------- ----- ------------
GSINIT4                             00000052    0000002A =          42. bytes (REL,CON,CODE)

      Value  Global                              Global Defined In Module
      -----  --------------------------------   ------------------------
     0C:   00000052  __mcs51_genRAMCLEAR                
     0C:   00000058  __mcs51_genXRAMCLEAR               

ASxxxx Linker V02.00 + NoICE + sdld,  page 21.
Hexadecimal  [32-Bits]

Area                                    Addr        Size        Decimal Bytes (Attributes)
--------------------------------        ----        ----        ------- ----- ------------
GSFINAL                             0000007C    00000003 =           3. bytes (REL,CON,CODE)

      Value  Global                              Global Defined In Module
      -----  --------------------------------   ------------------------
     0C:   0000007C  A$fb_rollo10$537                   fb_rollo10

ASxxxx Linker V02.00 + NoICE + sdld,  page 22.
Hexadecimal  [32-Bits]

Area                                    Addr        Size        Decimal Bytes (Attributes)
--------------------------------        ----        ----        ------- ----- ------------
CSEG                                0000007F    0000174B =        5963. bytes (REL,CON,CODE)

      Value  Global                              Global Defined In Module
      -----  --------------------------------   ------------------------
     0C:   0000007F  A$fb_rollo10$579                   fb_rollo10
     0C:   0000007F  C$fb_rollo10.c$43$0$0              fb_rollo10
     0C:   0000007F  C$fb_rollo10.c$45$1$0              fb_rollo10
     0C:   0000007F  G$main$0$0                         fb_rollo10
     0C:   0000007F  _main                              fb_rollo10
     0C:   00000081  A$fb_rollo10$582                   fb_rollo10
     0C:   00000081  C$fb_rollo10.c$53$1$0              fb_rollo10
     0C:   00000083  A$fb_rollo10$585                   fb_rollo10
     0C:   00000083  C$fb_rollo10.c$54$1$1              fb_rollo10
     0C:   00000085  A$fb_rollo10$586                   fb_rollo10
     0C:   00000086  A$fb_rollo10$587                   fb_rollo10
     0C:   00000088  A$fb_rollo10$588                   fb_rollo10
     0C:   0000008A  A$fb_rollo10$589                   fb_rollo10
     0C:   0000008C  A$fb_rollo10$592                   fb_rollo10
     0C:   0000008C  C$fb_rollo10.c$55$1$1              fb_rollo10
     0C:   0000008E  A$fb_rollo10$593                   fb_rollo10
     0C:   00000090  A$fb_rollo10$594                   fb_rollo10
     0C:   00000093  A$fb_rollo10$595                   fb_rollo10
     0C:   00000095  A$fb_rollo10$596                   fb_rollo10
     0C:   00000097  A$fb_rollo10$599                   fb_rollo10
     0C:   00000097  C$fb_rollo10.c$58$1$1              fb_rollo10
     0C:   00000099  A$fb_rollo10$602                   fb_rollo10
     0C:   00000099  C$fb_rollo10.c$59$1$1              fb_rollo10
     0C:   0000009C  A$fb_rollo10$603                   fb_rollo10
     0C:   0000009F  A$fb_rollo10$607                   fb_rollo10
     0C:   0000009F  C$fb_rollo10.c$60$1$1              fb_rollo10
     0C:   000000A2  A$fb_rollo10$608                   fb_rollo10
     0C:   000000A3  A$fb_rollo10$609                   fb_rollo10
     0C:   000000A4  A$fb_rollo10$613                   fb_rollo10
     0C:   000000A4  C$fb_rollo10.c$61$1$1              fb_rollo10
     0C:   000000A7  A$fb_rollo10$614                   fb_rollo10
     0C:   000000A8  A$fb_rollo10$615                   fb_rollo10
     0C:   000000A9  A$fb_rollo10$616                   fb_rollo10
     0C:   000000AB  A$fb_rollo10$617                   fb_rollo10
     0C:   000000AC  A$fb_rollo10$618                   fb_rollo10
     0C:   000000AD  A$fb_rollo10$619                   fb_rollo10
     0C:   000000AF  A$fb_rollo10$622                   fb_rollo10
     0C:   000000AF  C$fb_rollo10.c$62$1$1              fb_rollo10
     0C:   000000B2  A$fb_rollo10$625                   fb_rollo10
     0C:   000000B2  C$fb_rollo10.c$67$1$1              fb_rollo10
     0C:   000000B5  A$fb_rollo10$628                   fb_rollo10
     0C:   000000B5  C$fb_rollo10.c$68$1$1              fb_rollo10
     0C:   000000B7  A$fb_rollo10$630                   fb_rollo10
     0C:   000000BA  A$fb_rollo10$632                   fb_rollo10
     0C:   000000BC  A$fb_rollo10$635                   fb_rollo10
     0C:   000000BC  C$fb_rollo10.c$69$3$3              fb_rollo10
     0C:   000000BE  A$fb_rollo10$638                   fb_rollo10
     0C:   000000BE  C$fb_rollo10.c$70$3$3              fb_rollo10
     0C:   000000C1  A$fb_rollo10$639                   fb_rollo10
     0C:   000000C2  A$fb_rollo10$640                   fb_rollo10
ASxxxx Linker V02.00 + NoICE + sdld,  page 23.
Hexadecimal  [32-Bits]

Area                                    Addr        Size        Decimal Bytes (Attributes)
--------------------------------        ----        ----        ------- ----- ------------
CSEG                                0000007F    0000174B =        5963. bytes (REL,CON,CODE)

      Value  Global                              Global Defined In Module
      -----  --------------------------------   ------------------------
     0C:   000000C3  A$fb_rollo10$641                   fb_rollo10
     0C:   000000C5  A$fb_rollo10$644                   fb_rollo10
     0C:   000000C5  C$fb_rollo10.c$71$3$3              fb_rollo10
     0C:   000000C8  A$fb_rollo10$645                   fb_rollo10
     0C:   000000C9  A$fb_rollo10$646                   fb_rollo10
     0C:   000000CA  A$fb_rollo10$647                   fb_rollo10
     0C:   000000CC  A$fb_rollo10$650                   fb_rollo10
     0C:   000000CC  C$fb_rollo10.c$72$3$3              fb_rollo10
     0C:   000000CE  A$fb_rollo10$653                   fb_rollo10
     0C:   000000CE  C$fb_rollo10.c$73$3$3              fb_rollo10
     0C:   000000D0  A$fb_rollo10$657                   fb_rollo10
     0C:   000000D0  C$fb_rollo10.c$74$3$3              fb_rollo10
     0C:   000000D3  A$fb_rollo10$660                   fb_rollo10
     0C:   000000D3  C$fb_rollo10.c$68$2$2              fb_rollo10
     0C:   000000D4  A$fb_rollo10$661                   fb_rollo10
     0C:   000000D6  A$fb_rollo10$665                   fb_rollo10
     0C:   000000D6  C$fb_rollo10.c$77$1$1              fb_rollo10
     0C:   000000D9  A$fb_rollo10$666                   fb_rollo10
     0C:   000000DB  A$fb_rollo10$667                   fb_rollo10
     0C:   000000DE  A$fb_rollo10$668                   fb_rollo10
     0C:   000000E1  A$fb_rollo10$669                   fb_rollo10
     0C:   000000E4  A$fb_rollo10$670                   fb_rollo10
     0C:   000000E6  A$fb_rollo10$673                   fb_rollo10
     0C:   000000E6  C$fb_rollo10.c$78$1$1              fb_rollo10
     0C:   000000E8  A$fb_rollo10$674                   fb_rollo10
     0C:   000000EB  A$fb_rollo10$675                   fb_rollo10
     0C:   000000EE  A$fb_rollo10$676                   fb_rollo10
     0C:   000000F1  A$fb_rollo10$677                   fb_rollo10
     0C:   000000F3  A$fb_rollo10$680                   fb_rollo10
     0C:   000000F3  C$fb_rollo10.c$79$1$1              fb_rollo10
     0C:   000000F5  A$fb_rollo10$681                   fb_rollo10
     0C:   000000F7  A$fb_rollo10$682                   fb_rollo10
     0C:   000000FA  A$fb_rollo10$683                   fb_rollo10
     0C:   000000FC  A$fb_rollo10$684                   fb_rollo10
     0C:   000000FE  A$fb_rollo10$687                   fb_rollo10
     0C:   000000FE  C$fb_rollo10.c$80$1$1              fb_rollo10
     0C:   00000101  A$fb_rollo10$688                   fb_rollo10
     0C:   00000103  A$fb_rollo10$689                   fb_rollo10
     0C:   00000105  A$fb_rollo10$690                   fb_rollo10
     0C:   00000108  A$fb_rollo10$691                   fb_rollo10
     0C:   0000010A  A$fb_rollo10$692                   fb_rollo10
     0C:   0000010C  A$fb_rollo10$696                   fb_rollo10
     0C:   0000010C  C$fb_rollo10.c$82$1$1              fb_rollo10
     0C:   0000010F  A$fb_rollo10$699                   fb_rollo10
     0C:   0000010F  C$fb_rollo10.c$83$1$1              fb_rollo10
     0C:   00000112  A$fb_rollo10$702                   fb_rollo10
     0C:   00000112  C$fb_rollo10.c$84$1$1              fb_rollo10
     0C:   00000115  A$fb_rollo10$705                   fb_rollo10
     0C:   00000115  C$fb_rollo10.c$85$1$1              fb_rollo10
     0C:   00000118  A$fb_rollo10$708                   fb_rollo10
     0C:   00000118  C$fb_rollo10.c$86$1$1              fb_rollo10
ASxxxx Linker V02.00 + NoICE + sdld,  page 24.
Hexadecimal  [32-Bits]

Area                                    Addr        Size        Decimal Bytes (Attributes)
--------------------------------        ----        ----        ------- ----- ------------
CSEG                                0000007F    0000174B =        5963. bytes (REL,CON,CODE)

      Value  Global                              Global Defined In Module
      -----  --------------------------------   ------------------------
     0C:   0000011B  A$fb_rollo10$711                   fb_rollo10
     0C:   0000011B  C$fb_rollo10.c$87$1$1              fb_rollo10
     0C:   0000011E  A$fb_rollo10$714                   fb_rollo10
     0C:   0000011E  C$fb_rollo10.c$88$1$1              fb_rollo10
     0C:   00000121  A$fb_rollo10$717                   fb_rollo10
     0C:   00000121  C$fb_rollo10.c$89$1$1              fb_rollo10
     0C:   00000124  A$fb_rollo10$720                   fb_rollo10
     0C:   00000124  C$fb_rollo10.c$90$1$1              fb_rollo10
     0C:   00000127  A$fb_rollo10$723                   fb_rollo10
     0C:   00000127  C$fb_rollo10.c$91$1$1              fb_rollo10
     0C:   0000012A  A$fb_rollo10$729                   fb_rollo10
     0C:   0000012A  C$fb_rollo10.c$92$1$1              fb_rollo10
     0C:   0000012A  C$fb_rollo10.c$93$2$4              fb_rollo10
     0C:   0000012C  A$fb_rollo10$730                   fb_rollo10
     0C:   0000012F  A$fb_rollo10$731                   fb_rollo10
     0C:   00000132  A$fb_rollo10$732                   fb_rollo10
     0C:   00000134  A$fb_rollo10$735                   fb_rollo10
     0C:   00000134  C$fb_rollo10.c$95$2$4              fb_rollo10
     0C:   00000137  A$fb_rollo10$736                   fb_rollo10
     0C:   00000138  A$fb_rollo10$737                   fb_rollo10
     0C:   00000139  A$fb_rollo10$738                   fb_rollo10
     0C:   0000013A  A$fb_rollo10$739                   fb_rollo10
     0C:   0000013D  A$fb_rollo10$740                   fb_rollo10
     0C:   00000140  A$fb_rollo10$741                   fb_rollo10
     0C:   00000142  A$fb_rollo10$742                   fb_rollo10
     0C:   00000145  A$fb_rollo10$745                   fb_rollo10
     0C:   00000145  C$fb_rollo10.c$99$3$5              fb_rollo10
     0C:   00000147  A$fb_rollo10$746                   fb_rollo10
     0C:   00000149  A$fb_rollo10$747                   fb_rollo10
     0C:   0000014B  A$fb_rollo10$748                   fb_rollo10
     0C:   0000014D  A$fb_rollo10$749                   fb_rollo10
     0C:   0000014F  A$fb_rollo10$750                   fb_rollo10
     0C:   00000152  A$fb_rollo10$751                   fb_rollo10
     0C:   00000154  A$fb_rollo10$752                   fb_rollo10
     0C:   00000156  A$fb_rollo10$756                   fb_rollo10
     0C:   00000156  C$fb_rollo10.c$101$3$5             fb_rollo10
     0C:   00000159  A$fb_rollo10$757                   fb_rollo10
     0C:   0000015B  A$fb_rollo10$758                   fb_rollo10
     0C:   0000015D  A$fb_rollo10$759                   fb_rollo10
     0C:   0000015E  A$fb_rollo10$760                   fb_rollo10
     0C:   00000161  A$fb_rollo10$763                   fb_rollo10
     0C:   00000161  C$fb_rollo10.c$103$4$6             fb_rollo10
     0C:   00000163  A$fb_rollo10$764                   fb_rollo10
     0C:   00000165  A$fb_rollo10$765                   fb_rollo10
     0C:   00000167  A$fb_rollo10$766                   fb_rollo10
     0C:   00000169  A$fb_rollo10$769                   fb_rollo10
     0C:   00000169  C$fb_rollo10.c$104$4$6             fb_rollo10
     0C:   0000016C  A$fb_rollo10$772                   fb_rollo10
     0C:   0000016C  C$fb_rollo10.c$105$4$6             fb_rollo10
     0C:   0000016F  A$fb_rollo10$775                   fb_rollo10
     0C:   0000016F  C$fb_rollo10.c$107$4$6             fb_rollo10
ASxxxx Linker V02.00 + NoICE + sdld,  page 25.
Hexadecimal  [32-Bits]

Area                                    Addr        Size        Decimal Bytes (Attributes)
--------------------------------        ----        ----        ------- ----- ------------
CSEG                                0000007F    0000174B =        5963. bytes (REL,CON,CODE)

      Value  Global                              Global Defined In Module
      -----  --------------------------------   ------------------------
     0C:   00000171  A$fb_rollo10$778                   fb_rollo10
     0C:   00000171  C$fb_rollo10.c$109$4$6             fb_rollo10
     0C:   00000174  A$fb_rollo10$781                   fb_rollo10
     0C:   00000174  C$fb_rollo10.c$111$4$6             fb_rollo10
     0C:   00000176  A$fb_rollo10$784                   fb_rollo10
     0C:   00000176  C$fb_rollo10.c$113$4$6             fb_rollo10
     0C:   00000178  A$fb_rollo10$788                   fb_rollo10
     0C:   00000178  C$fb_rollo10.c$120$3$5             fb_rollo10
     0C:   0000017B  A$fb_rollo10$789                   fb_rollo10
     0C:   0000017D  A$fb_rollo10$790                   fb_rollo10
     0C:   0000017F  A$fb_rollo10$791                   fb_rollo10
     0C:   00000182  A$fb_rollo10$792                   fb_rollo10
     0C:   00000184  A$fb_rollo10$793                   fb_rollo10
     0C:   00000186  A$fb_rollo10$797                   fb_rollo10
     0C:   00000186  C$fb_rollo10.c$149$3$5             fb_rollo10
     0C:   00000188  A$fb_rollo10$798                   fb_rollo10
     0C:   0000018A  A$fb_rollo10$799                   fb_rollo10
     0C:   0000018C  A$fb_rollo10$800                   fb_rollo10
     0C:   0000018E  A$fb_rollo10$801                   fb_rollo10
     0C:   00000190  A$fb_rollo10$802                   fb_rollo10
     0C:   00000193  A$fb_rollo10$803                   fb_rollo10
     0C:   00000196  A$fb_rollo10$804                   fb_rollo10
     0C:   00000197  A$fb_rollo10$805                   fb_rollo10
     0C:   00000198  A$fb_rollo10$806                   fb_rollo10
     0C:   00000199  A$fb_rollo10$807                   fb_rollo10
     0C:   0000019C  A$fb_rollo10$808                   fb_rollo10
     0C:   0000019E  A$fb_rollo10$812                   fb_rollo10
     0C:   0000019E  C$fb_rollo10.c$150$4$7             fb_rollo10
     0C:   000001A1  A$fb_rollo10$815                   fb_rollo10
     0C:   000001A1  C$fb_rollo10.c$151$4$7             fb_rollo10
     0C:   000001A4  A$fb_rollo10$818                   fb_rollo10
     0C:   000001A4  C$fb_rollo10.c$152$4$7             fb_rollo10
     0C:   000001A7  A$fb_rollo10$821                   fb_rollo10
     0C:   000001A7  C$fb_rollo10.c$153$4$7             fb_rollo10
     0C:   000001AA  A$fb_rollo10$824                   fb_rollo10
     0C:   000001AA  C$fb_rollo10.c$154$4$7             fb_rollo10
     0C:   000001AD  A$fb_rollo10$830                   fb_rollo10
     0C:   000001AD  C$fb_rollo10.c$161$2$4             fb_rollo10
     0C:   000001AD  C$fb_rollo10.c$162$3$8             fb_rollo10
     0C:   000001B0  A$fb_rollo10$831                   fb_rollo10
     0C:   000001B2  A$fb_rollo10$835                   fb_rollo10
     0C:   000001B2  C$fb_rollo10.c$163$3$8             fb_rollo10
     0C:   000001B4  A$fb_rollo10$838                   fb_rollo10
     0C:   000001B4  C$fb_rollo10.c$164$3$8             fb_rollo10
     0C:   000001B6  A$fb_rollo10$839                   fb_rollo10
     0C:   000001B8  A$fb_rollo10$840                   fb_rollo10
     0C:   000001BB  A$fb_rollo10$841                   fb_rollo10
     0C:   000001BD  A$fb_rollo10$842                   fb_rollo10
     0C:   000001BF  A$fb_rollo10$843                   fb_rollo10
     0C:   000001C1  A$fb_rollo10$847                   fb_rollo10
     0C:   000001C1  C$fb_rollo10.c$167$3$4             fb_rollo10
ASxxxx Linker V02.00 + NoICE + sdld,  page 26.
Hexadecimal  [32-Bits]

Area                                    Addr        Size        Decimal Bytes (Attributes)
--------------------------------        ----        ----        ------- ----- ------------
CSEG                                0000007F    0000174B =        5963. bytes (REL,CON,CODE)

      Value  Global                              Global Defined In Module
      -----  --------------------------------   ------------------------
     0C:   000001C3  A$fb_rollo10$849                   fb_rollo10
     0C:   000001C5  A$fb_rollo10$850                   fb_rollo10
     0C:   000001C6  A$fb_rollo10$851                   fb_rollo10
     0C:   000001C8  A$fb_rollo10$852                   fb_rollo10
     0C:   000001C9  A$fb_rollo10$853                   fb_rollo10
     0C:   000001CB  A$fb_rollo10$857                   fb_rollo10
     0C:   000001CB  C$fb_rollo10.c$170$2$4             fb_rollo10
     0C:   000001CE  A$fb_rollo10$859                   fb_rollo10
     0C:   000001D1  A$fb_rollo10$860                   fb_rollo10
     0C:   000001D3  A$fb_rollo10$862                   fb_rollo10
     0C:   000001D5  A$fb_rollo10$863                   fb_rollo10
     0C:   000001D7  A$fb_rollo10$864                   fb_rollo10
     0C:   000001D8  A$fb_rollo10$865                   fb_rollo10
     0C:   000001DA  A$fb_rollo10$866                   fb_rollo10
     0C:   000001DC  A$fb_rollo10$870                   fb_rollo10
     0C:   000001DC  C$fb_rollo10.c$234$2$4             fb_rollo10
     0C:   000001DE  A$fb_rollo10$873                   fb_rollo10
     0C:   000001DE  C$fb_rollo10.c$235$2$4             fb_rollo10
     0C:   000001E1  A$fb_rollo10$876                   fb_rollo10
     0C:   000001E1  C$fb_rollo10.c$236$3$11            fb_rollo10
     0C:   000001E4  A$fb_rollo10$878                   fb_rollo10
     0C:   000001E6  A$fb_rollo10$879                   fb_rollo10
     0C:   000001E7  A$fb_rollo10$880                   fb_rollo10
     0C:   000001E9  A$fb_rollo10$884                   fb_rollo10
     0C:   000001E9  C$fb_rollo10.c$238$4$12            fb_rollo10
     0C:   000001EC  A$fb_rollo10$885                   fb_rollo10
     0C:   000001EF  A$fb_rollo10$889                   fb_rollo10
     0C:   000001EF  C$fb_rollo10.c$239$4$12            fb_rollo10
     0C:   000001F1  A$fb_rollo10$890                   fb_rollo10
     0C:   000001F3  A$fb_rollo10$894                   fb_rollo10
     0C:   000001F3  C$fb_rollo10.c$243$3$13            fb_rollo10
     0C:   000001F4  A$fb_rollo10$895                   fb_rollo10
     0C:   000001F6  A$fb_rollo10$896                   fb_rollo10
     0C:   000001F7  A$fb_rollo10$897                   fb_rollo10
     0C:   000001F9  A$fb_rollo10$901                   fb_rollo10
     0C:   000001F9  C$fb_rollo10.c$244$3$13            fb_rollo10
     0C:   000001FB  A$fb_rollo10$905                   fb_rollo10
     0C:   000001FB  C$fb_rollo10.c$246$2$4             fb_rollo10
     0C:   000001FD  A$fb_rollo10$906                   fb_rollo10
     0C:   000001FF  A$fb_rollo10$907                   fb_rollo10
     0C:   00000200  A$fb_rollo10$908                   fb_rollo10
     0C:   00000203  A$fb_rollo10$910                   fb_rollo10
     0C:   00000204  A$fb_rollo10$911                   fb_rollo10
     0C:   00000205  A$fb_rollo10$912                   fb_rollo10
     0C:   00000206  A$fb_rollo10$913                   fb_rollo10
     0C:   00000208  A$fb_rollo10$914                   fb_rollo10
     0C:   0000020A  A$fb_rollo10$917                   fb_rollo10
     0C:   0000020A  C$fb_rollo10.c$247$1$1             fb_rollo10
     0C:   0000020D  A$fb_rollo10$920                   fb_rollo10
     0C:   0000020D  C$fb_rollo10.c$248$1$1             fb_rollo10
     0C:   0000020D  XG$main$0$0                        fb_rollo10
ASxxxx Linker V02.00 + NoICE + sdld,  page 27.
Hexadecimal  [32-Bits]

Area                                    Addr        Size        Decimal Bytes (Attributes)
--------------------------------        ----        ----        ------- ----- ------------
CSEG                                0000007F    0000174B =        5963. bytes (REL,CON,CODE)

      Value  Global                              Global Defined In Module
      -----  --------------------------------   ------------------------
     0C:   0000020E  A$fb_app_rollo10$627               fb_app_rollo10
     0C:   0000020E  C$fb_app_rollo10.c$73$0$0          fb_app_rollo10
     0C:   0000020E  C$fb_app_rollo10.c$80$1$1          fb_app_rollo10
     0C:   0000020E  G$write_value_req$0$0              fb_app_rollo10
     0C:   0000020E  _write_value_req                   fb_app_rollo10
     0C:   00000211  A$fb_app_rollo10$628               fb_app_rollo10
     0C:   00000213  A$fb_app_rollo10$629               fb_app_rollo10
     0C:   00000216  A$fb_app_rollo10$630               fb_app_rollo10
     0C:   00000218  A$fb_app_rollo10$631               fb_app_rollo10
     0C:   0000021A  A$fb_app_rollo10$634               fb_app_rollo10
     0C:   0000021A  C$fb_app_rollo10.c$81$1$1          fb_app_rollo10
     0C:   0000021D  A$fb_app_rollo10$635               fb_app_rollo10
     0C:   00000220  A$fb_app_rollo10$639               fb_app_rollo10
     0C:   00000220  C$fb_app_rollo10.c$84$2$2          fb_app_rollo10
     0C:   00000223  A$fb_app_rollo10$640               fb_app_rollo10
     0C:   00000224  A$fb_app_rollo10$641               fb_app_rollo10
     0C:   00000225  A$fb_app_rollo10$642               fb_app_rollo10
     0C:   00000226  A$fb_app_rollo10$645               fb_app_rollo10
     0C:   00000226  C$fb_app_rollo10.c$85$2$1          fb_app_rollo10
     0C:   00000228  A$fb_app_rollo10$647               fb_app_rollo10
     0C:   00000229  A$fb_app_rollo10$648               fb_app_rollo10
     0C:   0000022A  A$fb_app_rollo10$649               fb_app_rollo10
     0C:   0000022B  A$fb_app_rollo10$650               fb_app_rollo10
     0C:   0000022D  A$fb_app_rollo10$651               fb_app_rollo10
     0C:   00000230  A$fb_app_rollo10$655               fb_app_rollo10
     0C:   00000230  C$fb_app_rollo10.c$87$3$3          fb_app_rollo10
     0C:   00000233  A$fb_app_rollo10$656               fb_app_rollo10
     0C:   00000234  A$fb_app_rollo10$657               fb_app_rollo10
     0C:   00000235  A$fb_app_rollo10$658               fb_app_rollo10
     0C:   00000236  A$fb_app_rollo10$659               fb_app_rollo10
     0C:   00000237  A$fb_app_rollo10$660               fb_app_rollo10
     0C:   00000238  A$fb_app_rollo10$661               fb_app_rollo10
     0C:   00000239  A$fb_app_rollo10$662               fb_app_rollo10
     0C:   0000023A  A$fb_app_rollo10$663               fb_app_rollo10
     0C:   0000023B  A$fb_app_rollo10$664               fb_app_rollo10
     0C:   0000023E  A$fb_app_rollo10$665               fb_app_rollo10
     0C:   0000023F  A$fb_app_rollo10$666               fb_app_rollo10
     0C:   00000240  A$fb_app_rollo10$669               fb_app_rollo10
     0C:   00000240  C$fb_app_rollo10.c$88$3$3          fb_app_rollo10
     0C:   00000241  A$fb_app_rollo10$670               fb_app_rollo10
     0C:   00000244  A$fb_app_rollo10$673               fb_app_rollo10
     0C:   00000244  C$fb_app_rollo10.c$90$4$4          fb_app_rollo10
     0C:   00000247  A$fb_app_rollo10$674               fb_app_rollo10
     0C:   00000248  A$fb_app_rollo10$675               fb_app_rollo10
     0C:   00000249  A$fb_app_rollo10$676               fb_app_rollo10
     0C:   0000024B  A$fb_app_rollo10$677               fb_app_rollo10
     0C:   0000024C  A$fb_app_rollo10$678               fb_app_rollo10
     0C:   0000024F  A$fb_app_rollo10$679               fb_app_rollo10
     0C:   00000250  A$fb_app_rollo10$682               fb_app_rollo10
     0C:   00000250  C$fb_app_rollo10.c$91$4$4          fb_app_rollo10
     0C:   00000251  A$fb_app_rollo10$683               fb_app_rollo10
ASxxxx Linker V02.00 + NoICE + sdld,  page 28.
Hexadecimal  [32-Bits]

Area                                    Addr        Size        Decimal Bytes (Attributes)
--------------------------------        ----        ----        ------- ----- ------------
CSEG                                0000007F    0000174B =        5963. bytes (REL,CON,CODE)

      Value  Global                              Global Defined In Module
      -----  --------------------------------   ------------------------
     0C:   00000253  A$fb_app_rollo10$684               fb_app_rollo10
     0C:   00000255  A$fb_app_rollo10$685               fb_app_rollo10
     0C:   00000257  A$fb_app_rollo10$686               fb_app_rollo10
     0C:   00000259  A$fb_app_rollo10$687               fb_app_rollo10
     0C:   0000025B  A$fb_app_rollo10$688               fb_app_rollo10
     0C:   0000025E  A$fb_app_rollo10$689               fb_app_rollo10
     0C:   00000260  A$fb_app_rollo10$690               fb_app_rollo10
     0C:   00000262  A$fb_app_rollo10$691               fb_app_rollo10
     0C:   00000264  A$fb_app_rollo10$692               fb_app_rollo10
     0C:   00000266  A$fb_app_rollo10$695               fb_app_rollo10
     0C:   00000266  C$fb_app_rollo10.c$93$4$4          fb_app_rollo10
     0C:   00000269  A$fb_app_rollo10$697               fb_app_rollo10
     0C:   0000026B  A$fb_app_rollo10$698               fb_app_rollo10
     0C:   0000026E  A$fb_app_rollo10$699               fb_app_rollo10
     0C:   00000270  A$fb_app_rollo10$700               fb_app_rollo10
     0C:   00000272  A$fb_app_rollo10$701               fb_app_rollo10
     0C:   00000274  A$fb_app_rollo10$702               fb_app_rollo10
     0C:   00000276  A$fb_app_rollo10$703               fb_app_rollo10
     0C:   00000278  A$fb_app_rollo10$704               fb_app_rollo10
     0C:   0000027A  A$fb_app_rollo10$705               fb_app_rollo10
     0C:   0000027C  A$fb_app_rollo10$706               fb_app_rollo10
     0C:   0000027E  A$fb_app_rollo10$707               fb_app_rollo10
     0C:   00000280  A$fb_app_rollo10$708               fb_app_rollo10
     0C:   00000283  A$fb_app_rollo10$709               fb_app_rollo10
     0C:   00000285  A$fb_app_rollo10$710               fb_app_rollo10
     0C:   00000288  A$fb_app_rollo10$711               fb_app_rollo10
     0C:   0000028A  A$fb_app_rollo10$712               fb_app_rollo10
     0C:   0000028C  A$fb_app_rollo10$713               fb_app_rollo10
     0C:   0000028E  A$fb_app_rollo10$714               fb_app_rollo10
     0C:   00000290  A$fb_app_rollo10$718               fb_app_rollo10
     0C:   00000290  C$fb_app_rollo10.c$95$4$4          fb_app_rollo10
     0C:   00000293  A$fb_app_rollo10$720               fb_app_rollo10
     0C:   00000295  A$fb_app_rollo10$721               fb_app_rollo10
     0C:   00000296  A$fb_app_rollo10$722               fb_app_rollo10
     0C:   00000298  A$fb_app_rollo10$723               fb_app_rollo10
     0C:   0000029A  A$fb_app_rollo10$724               fb_app_rollo10
     0C:   0000029C  A$fb_app_rollo10$725               fb_app_rollo10
     0C:   0000029E  A$fb_app_rollo10$726               fb_app_rollo10
     0C:   0000029F  A$fb_app_rollo10$727               fb_app_rollo10
     0C:   000002A1  A$fb_app_rollo10$728               fb_app_rollo10
     0C:   000002A3  A$fb_app_rollo10$729               fb_app_rollo10
     0C:   000002A5  A$fb_app_rollo10$730               fb_app_rollo10
     0C:   000002A7  A$fb_app_rollo10$731               fb_app_rollo10
     0C:   000002A9  A$fb_app_rollo10$732               fb_app_rollo10
     0C:   000002AC  A$fb_app_rollo10$733               fb_app_rollo10
     0C:   000002AE  A$fb_app_rollo10$734               fb_app_rollo10
     0C:   000002B0  A$fb_app_rollo10$735               fb_app_rollo10
     0C:   000002B2  A$fb_app_rollo10$736               fb_app_rollo10
     0C:   000002B4  A$fb_app_rollo10$740               fb_app_rollo10
     0C:   000002B4  C$fb_app_rollo10.c$85$2$2          fb_app_rollo10
     0C:   000002B5  A$fb_app_rollo10$741               fb_app_rollo10
ASxxxx Linker V02.00 + NoICE + sdld,  page 29.
Hexadecimal  [32-Bits]

Area                                    Addr        Size        Decimal Bytes (Attributes)
--------------------------------        ----        ----        ------- ----- ------------
CSEG                                0000007F    0000174B =        5963. bytes (REL,CON,CODE)

      Value  Global                              Global Defined In Module
      -----  --------------------------------   ------------------------
     0C:   000002B8  A$fb_app_rollo10$745               fb_app_rollo10
     0C:   000002B8  C$fb_app_rollo10.c$104$2$1         fb_app_rollo10
     0C:   000002B8  XG$write_value_req$0$0             fb_app_rollo10
     0C:   000002B9  A$fb_app_rollo10$762               fb_app_rollo10
     0C:   000002B9  C$fb_app_rollo10.c$220$2$1         fb_app_rollo10
     0C:   000002B9  C$fb_app_rollo10.c$225$1$1         fb_app_rollo10
     0C:   000002B9  G$read_value_req$0$0               fb_app_rollo10
     0C:   000002B9  _read_value_req                    fb_app_rollo10
     0C:   000002BC  A$fb_app_rollo10$763               fb_app_rollo10
     0C:   000002BE  A$fb_app_rollo10$764               fb_app_rollo10
     0C:   000002C1  A$fb_app_rollo10$765               fb_app_rollo10
     0C:   000002C3  A$fb_app_rollo10$766               fb_app_rollo10
     0C:   000002C5  A$fb_app_rollo10$769               fb_app_rollo10
     0C:   000002C5  C$fb_app_rollo10.c$226$1$1         fb_app_rollo10
     0C:   000002C8  A$fb_app_rollo10$770               fb_app_rollo10
     0C:   000002CA  A$fb_app_rollo10$774               fb_app_rollo10
     0C:   000002CA  C$fb_app_rollo10.c$228$2$2         fb_app_rollo10
     0C:   000002CC  A$fb_app_rollo10$775               fb_app_rollo10
     0C:   000002CE  A$fb_app_rollo10$776               fb_app_rollo10
     0C:   000002D1  A$fb_app_rollo10$777               fb_app_rollo10
     0C:   000002D3  A$fb_app_rollo10$780               fb_app_rollo10
     0C:   000002D3  C$fb_app_rollo10.c$230$2$2         fb_app_rollo10
     0C:   000002D5  A$fb_app_rollo10$781               fb_app_rollo10
     0C:   000002D7  A$fb_app_rollo10$782               fb_app_rollo10
     0C:   000002DA  A$fb_app_rollo10$783               fb_app_rollo10
     0C:   000002DC  A$fb_app_rollo10$784               fb_app_rollo10
     0C:   000002DE  A$fb_app_rollo10$787               fb_app_rollo10
     0C:   000002DE  C$fb_app_rollo10.c$232$2$2         fb_app_rollo10
     0C:   000002E1  A$fb_app_rollo10$788               fb_app_rollo10
     0C:   000002E4  A$fb_app_rollo10$789               fb_app_rollo10
     0C:   000002E6  A$fb_app_rollo10$790               fb_app_rollo10
     0C:   000002E7  A$fb_app_rollo10$791               fb_app_rollo10
     0C:   000002E9  A$fb_app_rollo10$792               fb_app_rollo10
     0C:   000002EC  A$fb_app_rollo10$796               fb_app_rollo10
     0C:   000002EC  C$fb_app_rollo10.c$234$1$1         fb_app_rollo10
     0C:   000002EC  XG$read_value_req$0$0              fb_app_rollo10
     0C:   000002ED  A$fb_app_rollo10$810               fb_app_rollo10
     0C:   000002ED  C$fb_app_rollo10.c$237$1$1         fb_app_rollo10
     0C:   000002ED  G$read_obj_value$0$0               fb_app_rollo10
     0C:   000002ED  _read_obj_value                    fb_app_rollo10
     0C:   000002EF  A$fb_app_rollo10$813               fb_app_rollo10
     0C:   000002EF  C$fb_app_rollo10.c$239$1$1         fb_app_rollo10
     0C:   000002F1  A$fb_app_rollo10$816               fb_app_rollo10
     0C:   000002F1  C$fb_app_rollo10.c$241$1$1         fb_app_rollo10
     0C:   000002F4  A$fb_app_rollo10$818               fb_app_rollo10
     0C:   000002F6  A$fb_app_rollo10$821               fb_app_rollo10
     0C:   000002F6  C$fb_app_rollo10.c$242$2$2         fb_app_rollo10
     0C:   000002F8  A$fb_app_rollo10$822               fb_app_rollo10
     0C:   000002FA  A$fb_app_rollo10$823               fb_app_rollo10
     0C:   000002FC  A$fb_app_rollo10$824               fb_app_rollo10
     0C:   000002FE  A$fb_app_rollo10$825               fb_app_rollo10
ASxxxx Linker V02.00 + NoICE + sdld,  page 30.
Hexadecimal  [32-Bits]

Area                                    Addr        Size        Decimal Bytes (Attributes)
--------------------------------        ----        ----        ------- ----- ------------
CSEG                                0000007F    0000174B =        5963. bytes (REL,CON,CODE)

      Value  Global                              Global Defined In Module
      -----  --------------------------------   ------------------------
     0C:   00000300  A$fb_app_rollo10$827               fb_app_rollo10
     0C:   00000301  A$fb_app_rollo10$828               fb_app_rollo10
     0C:   00000302  A$fb_app_rollo10$829               fb_app_rollo10
     0C:   00000303  A$fb_app_rollo10$830               fb_app_rollo10
     0C:   00000304  A$fb_app_rollo10$831               fb_app_rollo10
     0C:   00000305  A$fb_app_rollo10$832               fb_app_rollo10
     0C:   00000306  A$fb_app_rollo10$834               fb_app_rollo10
     0C:   00000309  A$fb_app_rollo10$835               fb_app_rollo10
     0C:   0000030B  A$fb_app_rollo10$836               fb_app_rollo10
     0C:   0000030D  A$fb_app_rollo10$837               fb_app_rollo10
     0C:   0000030E  A$fb_app_rollo10$838               fb_app_rollo10
     0C:   00000310  A$fb_app_rollo10$839               fb_app_rollo10
     0C:   00000311  A$fb_app_rollo10$840               fb_app_rollo10
     0C:   00000313  A$fb_app_rollo10$841               fb_app_rollo10
     0C:   00000314  A$fb_app_rollo10$842               fb_app_rollo10
     0C:   00000315  A$fb_app_rollo10$843               fb_app_rollo10
     0C:   00000317  A$fb_app_rollo10$844               fb_app_rollo10
     0C:   00000319  A$fb_app_rollo10$845               fb_app_rollo10
     0C:   0000031B  A$fb_app_rollo10$849               fb_app_rollo10
     0C:   0000031B  C$fb_app_rollo10.c$245$2$3         fb_app_rollo10
     0C:   0000031D  A$fb_app_rollo10$850               fb_app_rollo10
     0C:   0000031E  A$fb_app_rollo10$851               fb_app_rollo10
     0C:   00000320  A$fb_app_rollo10$852               fb_app_rollo10
     0C:   00000321  A$fb_app_rollo10$853               fb_app_rollo10
     0C:   00000322  A$fb_app_rollo10$854               fb_app_rollo10
     0C:   00000324  A$fb_app_rollo10$855               fb_app_rollo10
     0C:   00000326  A$fb_app_rollo10$856               fb_app_rollo10
     0C:   00000328  A$fb_app_rollo10$857               fb_app_rollo10
     0C:   0000032A  A$fb_app_rollo10$858               fb_app_rollo10
     0C:   0000032C  A$fb_app_rollo10$859               fb_app_rollo10
     0C:   0000032E  A$fb_app_rollo10$861               fb_app_rollo10
     0C:   0000032F  A$fb_app_rollo10$862               fb_app_rollo10
     0C:   00000330  A$fb_app_rollo10$863               fb_app_rollo10
     0C:   00000331  A$fb_app_rollo10$864               fb_app_rollo10
     0C:   00000332  A$fb_app_rollo10$865               fb_app_rollo10
     0C:   00000333  A$fb_app_rollo10$866               fb_app_rollo10
     0C:   00000334  A$fb_app_rollo10$868               fb_app_rollo10
     0C:   00000337  A$fb_app_rollo10$869               fb_app_rollo10
     0C:   00000339  A$fb_app_rollo10$870               fb_app_rollo10
     0C:   0000033B  A$fb_app_rollo10$871               fb_app_rollo10
     0C:   0000033C  A$fb_app_rollo10$872               fb_app_rollo10
     0C:   0000033E  A$fb_app_rollo10$873               fb_app_rollo10
     0C:   0000033F  A$fb_app_rollo10$874               fb_app_rollo10
     0C:   00000341  A$fb_app_rollo10$875               fb_app_rollo10
     0C:   00000342  A$fb_app_rollo10$876               fb_app_rollo10
     0C:   00000343  A$fb_app_rollo10$877               fb_app_rollo10
     0C:   00000345  A$fb_app_rollo10$878               fb_app_rollo10
     0C:   00000347  A$fb_app_rollo10$882               fb_app_rollo10
     0C:   00000347  C$fb_app_rollo10.c$247$1$1         fb_app_rollo10
     0C:   00000349  A$fb_app_rollo10$883               fb_app_rollo10
     0C:   0000034B  A$fb_app_rollo10$884               fb_app_rollo10
ASxxxx Linker V02.00 + NoICE + sdld,  page 31.
Hexadecimal  [32-Bits]

Area                                    Addr        Size        Decimal Bytes (Attributes)
--------------------------------        ----        ----        ------- ----- ------------
CSEG                                0000007F    0000174B =        5963. bytes (REL,CON,CODE)

      Value  Global                              Global Defined In Module
      -----  --------------------------------   ------------------------
     0C:   0000034D  A$fb_app_rollo10$885               fb_app_rollo10
     0C:   0000034F  A$fb_app_rollo10$886               fb_app_rollo10
     0C:   00000351  A$fb_app_rollo10$887               fb_app_rollo10
     0C:   00000353  A$fb_app_rollo10$888               fb_app_rollo10
     0C:   00000354  A$fb_app_rollo10$891               fb_app_rollo10
     0C:   00000354  C$fb_app_rollo10.c$248$1$1         fb_app_rollo10
     0C:   00000354  XG$read_obj_value$0$0              fb_app_rollo10
     0C:   00000355  A$fb_app_rollo10$905               fb_app_rollo10
     0C:   00000355  C$fb_app_rollo10.c$251$1$1         fb_app_rollo10
     0C:   00000355  G$write_obj_value$0$0              fb_app_rollo10
     0C:   00000355  _write_obj_value                   fb_app_rollo10
     0C:   00000357  A$fb_app_rollo10$906               fb_app_rollo10
     0C:   0000035A  A$fb_app_rollo10$907               fb_app_rollo10
     0C:   0000035C  A$fb_app_rollo10$910               fb_app_rollo10
     0C:   0000035C  C$fb_app_rollo10.c$253$1$1         fb_app_rollo10
     0C:   0000035F  A$fb_app_rollo10$912               fb_app_rollo10
     0C:   00000361  A$fb_app_rollo10$915               fb_app_rollo10
     0C:   00000361  C$fb_app_rollo10.c$254$2$2         fb_app_rollo10
     0C:   00000363  A$fb_app_rollo10$916               fb_app_rollo10
     0C:   00000365  A$fb_app_rollo10$917               fb_app_rollo10
     0C:   00000366  A$fb_app_rollo10$918               fb_app_rollo10
     0C:   00000367  A$fb_app_rollo10$919               fb_app_rollo10
     0C:   00000368  A$fb_app_rollo10$920               fb_app_rollo10
     0C:   00000369  A$fb_app_rollo10$921               fb_app_rollo10
     0C:   0000036B  A$fb_app_rollo10$922               fb_app_rollo10
     0C:   0000036D  A$fb_app_rollo10$923               fb_app_rollo10
     0C:   0000036F  A$fb_app_rollo10$924               fb_app_rollo10
     0C:   00000371  A$fb_app_rollo10$925               fb_app_rollo10
     0C:   00000373  A$fb_app_rollo10$927               fb_app_rollo10
     0C:   00000375  A$fb_app_rollo10$929               fb_app_rollo10
     0C:   00000378  A$fb_app_rollo10$930               fb_app_rollo10
     0C:   00000379  A$fb_app_rollo10$931               fb_app_rollo10
     0C:   0000037B  A$fb_app_rollo10$932               fb_app_rollo10
     0C:   0000037C  A$fb_app_rollo10$933               fb_app_rollo10
     0C:   0000037D  A$fb_app_rollo10$934               fb_app_rollo10
     0C:   0000037F  A$fb_app_rollo10$935               fb_app_rollo10
     0C:   00000381  A$fb_app_rollo10$939               fb_app_rollo10
     0C:   00000381  C$fb_app_rollo10.c$255$2$2         fb_app_rollo10
     0C:   00000383  A$fb_app_rollo10$940               fb_app_rollo10
     0C:   00000385  A$fb_app_rollo10$941               fb_app_rollo10
[...]
     0C:   000016B0  A$fb_lpc922$2810                   fb_lpc922
     0C:   000016B1  A$fb_lpc922$2811                   fb_lpc922
     0C:   000016B2  A$fb_lpc922$2812                   fb_lpc922
     0C:   000016B3  A$fb_lpc922$2813                   fb_lpc922
     0C:   000016B4  A$fb_lpc922$2814                   fb_lpc922
     0C:   000016B5  A$fb_lpc922$2815                   fb_lpc922
     0C:   000016B8  A$fb_lpc922$2816                   fb_lpc922
     0C:   000016B9  A$fb_lpc922$2817                   fb_lpc922
     0C:   000016BA  A$fb_lpc922$2818                   fb_lpc922
     0C:   000016BD  A$fb_lpc922$2819                   fb_lpc922
     0C:   000016BE  A$fb_lpc922$2822                   fb_lpc922
     0C:   000016BE  C$fb_lpc922.c$656$1$1              fb_lpc922
     0C:   000016BE  XG$read_objflags$0$0               fb_lpc922
     0C:   000016C0  A$fb_lpc922$2823                   fb_lpc922
     0C:   000016C1  A$fb_lpc922$2844                   fb_lpc922
     0C:   000016C1  C$fb_lpc922.c$660$1$1              fb_lpc922
     0C:   000016C1  G$find_first_objno$0$0             fb_lpc922
ASxxxx Linker V02.00 + NoICE + sdld,  page 99.
Hexadecimal  [32-Bits]

Area                                    Addr        Size        Decimal Bytes (Attributes)
--------------------------------        ----        ----        ------- ----- ------------
CSEG                                0000007F    0000174B =        5963. bytes (REL,CON,CODE)

      Value  Global                              Global Defined In Module
      -----  --------------------------------   ------------------------
     0C:   000016C1  _find_first_objno                  fb_lpc922
     0C:   000016C3  A$fb_lpc922$2845                   fb_lpc922
     0C:   000016C6  A$fb_lpc922$2846                   fb_lpc922
     0C:   000016C8  A$fb_lpc922$2849                   fb_lpc922
     0C:   000016C8  C$fb_lpc922.c$664$1$1              fb_lpc922
     0C:   000016CA  A$fb_lpc922$2852                   fb_lpc922
     0C:   000016CA  C$fb_lpc922.c$665$1$1              fb_lpc922
     0C:   000016CC  A$fb_lpc922$2853                   fb_lpc922
     0C:   000016CE  A$fb_lpc922$2854                   fb_lpc922
     0C:   000016D0  A$fb_lpc922$2855                   fb_lpc922
     0C:   000016D1  A$fb_lpc922$2856                   fb_lpc922
     0C:   000016D2  A$fb_lpc922$2857                   fb_lpc922
     0C:   000016D4  A$fb_lpc922$2858                   fb_lpc922
     0C:   000016D6  A$fb_lpc922$2859                   fb_lpc922
     0C:   000016D9  A$fb_lpc922$2860                   fb_lpc922
     0C:   000016DB  A$fb_lpc922$2861                   fb_lpc922
     0C:   000016DD  A$fb_lpc922$2862                   fb_lpc922
     0C:   000016DF  A$fb_lpc922$2865                   fb_lpc922
     0C:   000016DF  C$fb_lpc922.c$667$1$1              fb_lpc922
     0C:   000016E2  A$fb_lpc922$2866                   fb_lpc922
     0C:   000016E3  A$fb_lpc922$2867                   fb_lpc922
     0C:   000016E4  A$fb_lpc922$2870                   fb_lpc922
     0C:   000016E4  C$fb_lpc922.c$668$1$1              fb_lpc922
     0C:   000016E5  A$fb_lpc922$2871                   fb_lpc922
     0C:   000016E7  A$fb_lpc922$2872                   fb_lpc922
     0C:   000016EA  A$fb_lpc922$2873                   fb_lpc922
     0C:   000016EB  A$fb_lpc922$2874                   fb_lpc922
     0C:   000016EC  A$fb_lpc922$2875                   fb_lpc922
     0C:   000016ED  A$fb_lpc922$2878                   fb_lpc922
     0C:   000016ED  C$fb_lpc922.c$669$1$1              fb_lpc922
     0C:   000016F0  A$fb_lpc922$2879                   fb_lpc922
     0C:   000016F2  A$fb_lpc922$2883                   fb_lpc922
     0C:   000016F2  C$fb_lpc922.c$670$2$2              fb_lpc922
     0C:   000016F4  A$fb_lpc922$2886                   fb_lpc922
     0C:   000016F4  C$fb_lpc922.c$671$2$2              fb_lpc922
     0C:   000016F5  A$fb_lpc922$2890                   fb_lpc922
     0C:   000016F5  C$fb_lpc922.c$672$1$1              fb_lpc922
     0C:   000016F6  A$fb_lpc922$2891                   fb_lpc922
     0C:   000016F7  A$fb_lpc922$2892                   fb_lpc922
     0C:   000016F8  A$fb_lpc922$2893                   fb_lpc922
     0C:   000016FA  A$fb_lpc922$2896                   fb_lpc922
     0C:   000016FA  C$fb_lpc922.c$673$3$3              fb_lpc922
     0C:   000016FC  A$fb_lpc922$2897                   fb_lpc922
     0C:   000016FF  A$fb_lpc922$2898                   fb_lpc922
     0C:   00001700  A$fb_lpc922$2899                   fb_lpc922
     0C:   00001701  A$fb_lpc922$2900                   fb_lpc922
     0C:   00001702  A$fb_lpc922$2903                   fb_lpc922
     0C:   00001702  C$fb_lpc922.c$674$3$3              fb_lpc922
     0C:   00001703  A$fb_lpc922$2904                   fb_lpc922
     0C:   00001706  A$fb_lpc922$2907                   fb_lpc922
     0C:   00001706  C$fb_lpc922.c$675$4$4              fb_lpc922
ASxxxx Linker V02.00 + NoICE + sdld,  page 100.
Hexadecimal  [32-Bits]

Area                                    Addr        Size        Decimal Bytes (Attributes)
--------------------------------        ----        ----        ------- ----- ------------
CSEG                                0000007F    0000174B =        5963. bytes (REL,CON,CODE)

      Value  Global                              Global Defined In Module
      -----  --------------------------------   ------------------------
     0C:   00001707  A$fb_lpc922$2908                   fb_lpc922
     0C:   00001708  A$fb_lpc922$2909                   fb_lpc922
     0C:   0000170B  A$fb_lpc922$2910                   fb_lpc922
     0C:   0000170C  A$fb_lpc922$2911                   fb_lpc922
     0C:   0000170D  A$fb_lpc922$2912                   fb_lpc922
     0C:   0000170E  A$fb_lpc922$2915                   fb_lpc922
     0C:   0000170E  C$fb_lpc922.c$676$4$4              fb_lpc922
     0C:   00001710  A$fb_lpc922$2919                   fb_lpc922
     0C:   00001710  C$fb_lpc922.c$678$3$3              fb_lpc922
     0C:   00001711  A$fb_lpc922$2922                   fb_lpc922
     0C:   00001711  C$fb_lpc922.c$679$3$3              fb_lpc922
     0C:   00001712  A$fb_lpc922$2923                   fb_lpc922
     0C:   00001713  A$fb_lpc922$2924                   fb_lpc922
     0C:   00001715  A$fb_lpc922$2928                   fb_lpc922
     0C:   00001715  C$fb_lpc922.c$682$1$1              fb_lpc922
     0C:   00001717  A$fb_lpc922$2929                   fb_lpc922
     0C:   00001719  A$fb_lpc922$2932                   fb_lpc922
     0C:   00001719  C$fb_lpc922.c$683$1$1              fb_lpc922
     0C:   00001719  XG$find_first_objno$0$0            fb_lpc922
     0C:   0000171A  A$fb_lpc922$2949                   fb_lpc922
     0C:   0000171A  C$fb_lpc922.c$687$1$1              fb_lpc922
     0C:   0000171A  G$find_ga$0$0                      fb_lpc922
     0C:   0000171A  _find_ga                           fb_lpc922
     0C:   0000171C  A$fb_lpc922$2952                   fb_lpc922
     0C:   0000171C  C$fb_lpc922.c$692$1$1              fb_lpc922
     0C:   0000171E  A$fb_lpc922$2955                   fb_lpc922
     0C:   0000171E  C$fb_lpc922.c$693$1$1              fb_lpc922
     0C:   00001721  A$fb_lpc922$2956                   fb_lpc922
     0C:   00001722  A$fb_lpc922$2957                   fb_lpc922
     0C:   00001723  A$fb_lpc922$2958                   fb_lpc922
     0C:   00001724  A$fb_lpc922$2961                   fb_lpc922
     0C:   00001724  C$fb_lpc922.c$694$1$1              fb_lpc922
     0C:   00001725  A$fb_lpc922$2962                   fb_lpc922
     0C:   00001726  A$fb_lpc922$2963                   fb_lpc922
     0C:   00001727  A$fb_lpc922$2964                   fb_lpc922
     0C:   00001728  A$fb_lpc922$2967                   fb_lpc922
     0C:   00001728  C$fb_lpc922.c$696$1$1              fb_lpc922
     0C:   00001729  A$fb_lpc922$2968                   fb_lpc922
     0C:   0000172A  A$fb_lpc922$2969                   fb_lpc922
     0C:   0000172D  A$fb_lpc922$2970                   fb_lpc922
     0C:   0000172E  A$fb_lpc922$2971                   fb_lpc922
     0C:   0000172F  A$fb_lpc922$2972                   fb_lpc922
     0C:   00001732  A$fb_lpc922$2973                   fb_lpc922
     0C:   00001734  A$fb_lpc922$2974                   fb_lpc922
     0C:   00001737  A$fb_lpc922$2975                   fb_lpc922
     0C:   00001738  A$fb_lpc922$2976                   fb_lpc922
     0C:   00001739  A$fb_lpc922$2977                   fb_lpc922
     0C:   0000173A  A$fb_lpc922$2978                   fb_lpc922
     0C:   0000173B  A$fb_lpc922$2982                   fb_lpc922
     0C:   0000173B  C$fb_lpc922.c$698$1$1              fb_lpc922
     0C:   0000173E  A$fb_lpc922$2983                   fb_lpc922
ASxxxx Linker V02.00 + NoICE + sdld,  page 101.
Hexadecimal  [32-Bits]

Area                                    Addr        Size        Decimal Bytes (Attributes)
--------------------------------        ----        ----        ------- ----- ------------
CSEG                                0000007F    0000174B =        5963. bytes (REL,CON,CODE)

      Value  Global                              Global Defined In Module
      -----  --------------------------------   ------------------------
     0C:   00001740  A$fb_lpc922$2987                   fb_lpc922
     0C:   00001740  C$fb_lpc922.c$700$2$2              fb_lpc922
     0C:   00001741  A$fb_lpc922$2988                   fb_lpc922
     0C:   00001742  A$fb_lpc922$2989                   fb_lpc922
     0C:   00001743  A$fb_lpc922$2990                   fb_lpc922
     0C:   00001745  A$fb_lpc922$2991                   fb_lpc922
     0C:   00001748  A$fb_lpc922$2992                   fb_lpc922
     0C:   00001749  A$fb_lpc922$2993                   fb_lpc922
     0C:   0000174A  A$fb_lpc922$2994                   fb_lpc922
     0C:   0000174C  A$fb_lpc922$2997                   fb_lpc922
     0C:   0000174C  C$fb_lpc922.c$701$2$2              fb_lpc922
     0C:   0000174E  A$fb_lpc922$2998                   fb_lpc922
     0C:   0000174F  A$fb_lpc922$2999                   fb_lpc922
     0C:   00001752  A$fb_lpc922$3000                   fb_lpc922
     0C:   00001753  A$fb_lpc922$3001                   fb_lpc922
     0C:   00001754  A$fb_lpc922$3002                   fb_lpc922
     0C:   00001756  A$fb_lpc922$3003                   fb_lpc922
     0C:   00001757  A$fb_lpc922$3004                   fb_lpc922
     0C:   00001758  A$fb_lpc922$3005                   fb_lpc922
     0C:   00001759  A$fb_lpc922$3006                   fb_lpc922
     0C:   0000175A  A$fb_lpc922$3007                   fb_lpc922
     0C:   0000175B  A$fb_lpc922$3008                   fb_lpc922
     0C:   0000175D  A$fb_lpc922$3012                   fb_lpc922
     0C:   0000175D  C$fb_lpc922.c$703$1$1              fb_lpc922
     0C:   0000175F  A$fb_lpc922$3013                   fb_lpc922
     0C:   00001761  A$fb_lpc922$3017                   fb_lpc922
     0C:   00001761  C$fb_lpc922.c$705$1$1              fb_lpc922
     0C:   00001763  A$fb_lpc922$3018                   fb_lpc922
     0C:   00001765  A$fb_lpc922$3021                   fb_lpc922
     0C:   00001765  C$fb_lpc922.c$706$1$1              fb_lpc922
     0C:   00001765  XG$find_ga$0$0                     fb_lpc922
     0C:   00001766  A$fb_lpc922$3034                   fb_lpc922
     0C:   00001766  C$fb_lpc922.c$711$1$1              fb_lpc922
     0C:   00001766  C$fb_lpc922.c$713$1$1              fb_lpc922
     0C:   00001766  G$restart_hw$0$0                   fb_lpc922
     0C:   00001766  _restart_hw                        fb_lpc922
     0C:   00001769  A$fb_lpc922$3037                   fb_lpc922
     0C:   00001769  C$fb_lpc922.c$715$1$1              fb_lpc922
     0C:   0000176C  A$fb_lpc922$3040                   fb_lpc922
     0C:   0000176C  C$fb_lpc922.c$716$1$1              fb_lpc922
     0C:   0000176F  A$fb_lpc922$3043                   fb_lpc922
     0C:   0000176F  C$fb_lpc922.c$720$1$1              fb_lpc922
     0C:   00001771  A$fb_lpc922$3046                   fb_lpc922
     0C:   00001771  C$fb_lpc922.c$722$1$1              fb_lpc922
     0C:   00001774  A$fb_lpc922$3049                   fb_lpc922
     0C:   00001774  C$fb_lpc922.c$723$1$1              fb_lpc922
     0C:   00001777  A$fb_lpc922$3052                   fb_lpc922
     0C:   00001777  C$fb_lpc922.c$724$1$1              fb_lpc922
     0C:   00001779  A$fb_lpc922$3055                   fb_lpc922
     0C:   00001779  C$fb_lpc922.c$725$1$1              fb_lpc922
     0C:   0000177B  A$fb_lpc922$3058                   fb_lpc922
ASxxxx Linker V02.00 + NoICE + sdld,  page 102.
Hexadecimal  [32-Bits]

Area                                    Addr        Size        Decimal Bytes (Attributes)
--------------------------------        ----        ----        ------- ----- ------------
CSEG                                0000007F    0000174B =        5963. bytes (REL,CON,CODE)

      Value  Global                              Global Defined In Module
      -----  --------------------------------   ------------------------
     0C:   0000177B  C$fb_lpc922.c$726$1$1              fb_lpc922
     0C:   0000177E  A$fb_lpc922$3061                   fb_lpc922
     0C:   0000177E  C$fb_lpc922.c$727$1$1              fb_lpc922
     0C:   00001781  A$fb_lpc922$3064                   fb_lpc922
     0C:   00001781  C$fb_lpc922.c$728$1$1              fb_lpc922
     0C:   00001783  A$fb_lpc922$3067                   fb_lpc922
     0C:   00001783  C$fb_lpc922.c$730$1$1              fb_lpc922
     0C:   00001786  A$fb_lpc922$3070                   fb_lpc922
     0C:   00001786  C$fb_lpc922.c$731$1$1              fb_lpc922
     0C:   00001789  A$fb_lpc922$3073                   fb_lpc922
     0C:   00001789  C$fb_lpc922.c$732$1$1              fb_lpc922
     0C:   0000178C  A$fb_lpc922$3076                   fb_lpc922
     0C:   0000178C  C$fb_lpc922.c$734$1$1              fb_lpc922
     0C:   0000178E  A$fb_lpc922$3079                   fb_lpc922
     0C:   0000178E  C$fb_lpc922.c$735$1$1              fb_lpc922
     0C:   00001791  A$fb_lpc922$3082                   fb_lpc922
     0C:   00001791  C$fb_lpc922.c$736$1$1              fb_lpc922
     0C:   00001794  A$fb_lpc922$3085                   fb_lpc922
     0C:   00001794  C$fb_lpc922.c$738$1$1              fb_lpc922
     0C:   00001796  A$fb_lpc922$3088                   fb_lpc922
     0C:   00001796  C$fb_lpc922.c$739$1$1              fb_lpc922
     0C:   00001798  A$fb_lpc922$3091                   fb_lpc922
     0C:   00001798  C$fb_lpc922.c$740$1$1              fb_lpc922
     0C:   0000179A  A$fb_lpc922$3094                   fb_lpc922
     0C:   0000179A  C$fb_lpc922.c$741$1$1              fb_lpc922
     0C:   0000179C  A$fb_lpc922$3097                   fb_lpc922
     0C:   0000179C  C$fb_lpc922.c$743$1$1              fb_lpc922
     0C:   0000179F  A$fb_lpc922$3100                   fb_lpc922
     0C:   0000179F  C$fb_lpc922.c$744$1$1              fb_lpc922
     0C:   000017A2  A$fb_lpc922$3103                   fb_lpc922
     0C:   000017A2  C$fb_lpc922.c$745$1$1              fb_lpc922
     0C:   000017A4  A$fb_lpc922$3106                   fb_lpc922
     0C:   000017A4  C$fb_lpc922.c$747$1$1              fb_lpc922
     0C:   000017A7  A$fb_lpc922$3109                   fb_lpc922
     0C:   000017A7  C$fb_lpc922.c$749$1$1              fb_lpc922
     0C:   000017A9  A$fb_lpc922$3112                   fb_lpc922
     0C:   000017A9  C$fb_lpc922.c$750$1$1              fb_lpc922
     0C:   000017AB  A$fb_lpc922$3115                   fb_lpc922
     0C:   000017AB  C$fb_lpc922.c$751$1$1              fb_lpc922
     0C:   000017AD  A$fb_lpc922$3118                   fb_lpc922
     0C:   000017AD  C$fb_lpc922.c$752$1$1              fb_lpc922
     0C:   000017AF  A$fb_lpc922$3121                   fb_lpc922
     0C:   000017AF  C$fb_lpc922.c$753$1$1              fb_lpc922
     0C:   000017B1  A$fb_lpc922$3124                   fb_lpc922
     0C:   000017B1  C$fb_lpc922.c$754$1$1              fb_lpc922
     0C:   000017B3  A$fb_lpc922$3127                   fb_lpc922
     0C:   000017B3  C$fb_lpc922.c$755$1$1              fb_lpc922
     0C:   000017B6  A$fb_lpc922$3130                   fb_lpc922
     0C:   000017B6  C$fb_lpc922.c$756$1$1              fb_lpc922
     0C:   000017B9  A$fb_lpc922$3133                   fb_lpc922
     0C:   000017B9  C$fb_lpc922.c$757$1$1              fb_lpc922
ASxxxx Linker V02.00 + NoICE + sdld,  page 103.
Hexadecimal  [32-Bits]

Area                                    Addr        Size        Decimal Bytes (Attributes)
--------------------------------        ----        ----        ------- ----- ------------
CSEG                                0000007F    0000174B =        5963. bytes (REL,CON,CODE)

      Value  Global                              Global Defined In Module
      -----  --------------------------------   ------------------------
     0C:   000017BC  A$fb_lpc922$3136                   fb_lpc922
     0C:   000017BC  C$fb_lpc922.c$758$1$1              fb_lpc922
     0C:   000017BE  A$fb_lpc922$3139                   fb_lpc922
     0C:   000017BE  C$fb_lpc922.c$759$1$1              fb_lpc922
     0C:   000017C0  A$fb_lpc922$3142                   fb_lpc922
     0C:   000017C0  C$fb_lpc922.c$760$1$1              fb_lpc922
     0C:   000017C2  A$fb_lpc922$3145                   fb_lpc922
     0C:   000017C2  C$fb_lpc922.c$761$1$1              fb_lpc922
     0C:   000017C5  A$fb_lpc922$3148                   fb_lpc922
     0C:   000017C5  C$fb_lpc922.c$762$1$1              fb_lpc922
     0C:   000017C5  XG$restart_hw$0$0                  fb_lpc922
     0C:   000017C6  __sdcc_external_startup            _startup

ASxxxx Linker V02.00 + NoICE + sdld,  page 104.
Hexadecimal  [32-Bits]

Area                                    Addr        Size        Decimal Bytes (Attributes)
--------------------------------        ----        ----        ------- ----- ------------
CONST                               000017CA    0000001C =          28. bytes (REL,CON,CODE)

      Value  Global                              Global Defined In Module
      -----  --------------------------------   ------------------------
     0C:   000017CA  G$timerflagmask$0$0                fb_app_rollo10
     0C:   000017CA  _timerflagmask                     fb_app_rollo10
     0C:   000017D6  G$svfaktorarray$0$0                fb_app_rollo10
     0C:   000017D6  _svfaktorarray                     fb_app_rollo10

ASxxxx Linker V02.00 + NoICE + sdld,  page 105.

Files Linked                              [ module(s) ]

fb_rollo10.rel                            [  ]
fb_app_rollo10.rel                        [  ]


Libraries Linked                          [ object file ]

C:\Freebus\C_Programme\oldisprogramm\lib_lpc922\Release/fb_lpc922.lib
                                          [ fb_lpc922 ]
C:\Programme\SDCC\bin\..\lib\small-stack-auto/mcs51.lib
                                          [ crtclear.rel ]
C:\Programme\SDCC\bin\..\lib\small-stack-auto/mcs51.lib
                                          [ crtxinit.rel ]
C:\Programme\SDCC\bin\..\lib\small-stack-auto/mcs51.lib
                                          [ crtxclear.rel ]
C:\Programme\SDCC\bin\..\lib\small-stack-auto/libsdcc.lib
                                          [ _bp.rel ]
C:\Programme\SDCC\bin\..\lib\small-stack-auto/mcs51.lib
                                          [ crtpagesfr.rel ]
C:\Programme\SDCC\bin\..\lib\small-stack-auto/mcs51.lib
                                          [ crtstart.rel ]
C:\Programme\SDCC\bin\..\lib\small-stack-auto/libsdcc.lib
                                          [ _startup.rel ]

ASxxxx Linker V02.00 + NoICE + sdld,  page 106.

User Base Address Definitions

HOME = 0x0000
ISEG = 0x0000
BSEG = 0x0000

