ASxxxx Linker V02.00 + NoICE + sdld,  page 1.
Hexadecimal  [32-Bits]

Area                                    Addr        Size        Decimal Bytes (Attributes)
--------------------------------        ----        ----        ------- ----- ------------
CABS                                00000000    00000000 =           0. bytes (ABS,CON,CODE)

      Value  Global                              Global Defined In Module
      -----  --------------------------------   ------------------------
     0C:   00000000  l_CABS                          
     0C:   00000000  l_GSINIT                        
     0C:   00000000  l_GSINIT1                       
     0C:   00000000  l_GSINIT5                       
     0C:   00000000  l_IABS                          
     0C:   00000000  l_ISEG                          
     0C:   00000000  l_OSEG                          
     0C:   00000000  l_PSEG                          
     0C:   00000000  l_REG_BANK_1                    
     0C:   00000000  l_REG_BANK_2                    
     0C:   00000000  l_REG_BANK_3                    
     0C:   00000000  l_RSEG                          
     0C:   00000000  l_RSEG0                         
     0C:   00000000  l_RSEG1                         
     0C:   00000000  l_XABS                          
     0C:   00000000  l_XINIT                         
     0C:   00000000  l_XISEG                         
     0C:   00000000  l_XSEG                          
     0C:   00000000  l__CODE                         
     0C:   00000000  s_BSEG                          
     0C:   00000000  s_CABS                          
     0C:   00000000  s_DSEG                          
     0C:   00000000  s_HOME                          
     0C:   00000000  s_IABS                          
     0C:   00000000  s_ISEG                          
     0C:   00000000  s_PSEG                          
     0C:   00000000  s_REG_BANK_0                    
     0C:   00000000  s_RSEG                          
     0C:   00000000  s_RSEG0                         
     0C:   00000000  s_RSEG1                         
     0C:   00000000  s_XABS                          
     0C:   00000000  s_XISEG                         
     0C:   00000000  s_XSEG                          
     0C:   00000001  l_BIT_BANK                      
     0C:   00000003  l_BSEG_BYTES                    
     0C:   00000003  l_GSFINAL                       
     0C:   00000003  l_GSINIT0                       
     0C:   00000008  l_REG_BANK_0                    
     0C:   00000008  s_REG_BANK_1                    
     0C:   0000000A  l_GSINIT2                       
     0C:   00000010  s_REG_BANK_2                    
     0C:   00000013  l_BSEG                          
     0C:   00000018  s_REG_BANK_3                    
     0C:   0000001C  l_CONST                         
     0C:   00000020  s_BSEG_BYTES                    
     0C:   00000020  s__CODE                         
     0C:   00000022  l_GSINIT3                       
     0C:   00000023  l_HOME                          
     0C:   00000023  s_BIT_BANK                      
     0C:   00000023  s_GSINIT0                       
ASxxxx Linker V02.00 + NoICE + sdld,  page 2.
Hexadecimal  [32-Bits]

Area                                    Addr        Size        Decimal Bytes (Attributes)
--------------------------------        ----        ----        ------- ----- ------------
CABS                                00000000    00000000 =           0. bytes (ABS,CON,CODE)

      Value  Global                              Global Defined In Module
      -----  --------------------------------   ------------------------
     0C:   00000023  s_OSEG                          
     0C:   00000026  s_GSINIT1                       
     0C:   00000026  s_GSINIT2                       
     0C:   0000002A  l_GSINIT4                       
     0C:   00000030  s_GSINIT3                       
     0C:   00000052  s_GSINIT4                       
     0C:   00000069  l_DSEG                          
     0C:   0000007C  s_GSFINAL                       
     0C:   0000007C  s_GSINIT                        
     0C:   0000007C  s_GSINIT5                       
     0C:   0000007C  s_SSEG                          
     0C:   0000007F  s_CSEG                          
     0C:   00000084  l_SSEG                          
     0C:   00000100  l_IRAM                          
     0C:   0000170B  l_CSEG                          
     0C:   0000178A  s_CONST                         
     0C:   000017A6  s_XINIT                         

ASxxxx Linker V02.00 + NoICE + sdld,  page 3.
Hexadecimal  [32-Bits]

Area                                    Addr        Size        Decimal Bytes (Attributes)
--------------------------------        ----        ----        ------- ----- ------------
.	.ABS.                             00000000    00000000 =           0. bytes (ABS,CON)

      Value  Global                              Global Defined In Module
      -----  --------------------------------   ------------------------
           00000000  .__.ABS.                           _startup
           00000000  G$RAM$0$0                          fb_app_rollo11
           00000000  _RAM                               fb_app_rollo11
           00000009  G$delay_toggle$0$0                 fb_app_rollo11
           00000009  G$timer$0$0                        fb_app_rollo11
           00000009  _delay_toggle                      fb_app_rollo11
           00000009  _timer                             fb_app_rollo11
           0000000B  G$objects_move$0$0                 fb_app_rollo11
           0000000B  _objects_move                      fb_app_rollo11
           0000000C  G$objects_smove$0$0                fb_app_rollo11
           0000000C  _objects_smove                     fb_app_rollo11
           0000000D  G$portbuffer$0$0                   fb_app_rollo11
           0000000D  _portbuffer                        fb_app_rollo11
           0000000E  G$oldportbuffer$0$0                fb_app_rollo11
           0000000E  _oldportbuffer                     fb_app_rollo11
           0000000F  G$blocked$0$0                      fb_app_rollo11
           0000000F  _blocked                           fb_app_rollo11
           00000010  G$timerbase$0$0                    fb_app_rollo11
           00000010  _timerbase                         fb_app_rollo11
           00000080  G$P0$0$0                           fb_lpc922
           00000080  G$P0_0$0$0                         fb_lpc922
           00000080  _P0                                fb_lpc922
           00000080  _P0_0                              fb_lpc922
           00000081  G$P0_1$0$0                         fb_lpc922
           00000081  G$SP$0$0                           fb_lpc922
           00000081  _P0_1                              fb_lpc922
           00000081  _SP                                fb_lpc922
           00000082  G$DPL$0$0                          fb_lpc922
           00000082  G$P0_2$0$0                         fb_lpc922
           00000082  _DPL                               fb_lpc922
           00000082  _P0_2                              fb_lpc922
           00000083  G$DPH$0$0                          fb_lpc922
           00000083  G$P0_3$0$0                         fb_lpc922
           00000083  _DPH                               fb_lpc922
           00000083  _P0_3                              fb_lpc922
           00000084  G$P0M1$0$0                         fb_lpc922
           00000084  G$P0_4$0$0                         fb_lpc922
           00000084  _P0M1                              fb_lpc922
           00000084  _P0_4                              fb_lpc922
           00000085  G$P0M2$0$0                         fb_lpc922
           00000085  G$P0_5$0$0                         fb_lpc922
           00000085  _P0M2                              fb_lpc922
           00000085  _P0_5                              fb_lpc922
           00000086  G$KBMASK$0$0                       fb_lpc922
           00000086  G$P0_6$0$0                         fb_lpc922
           00000086  _KBMASK                            fb_lpc922
           00000086  _P0_6                              fb_lpc922
           00000087  G$P0_7$0$0                         fb_lpc922
           00000087  G$PCON$0$0                         fb_lpc922
           00000087  _P0_7                              fb_lpc922
ASxxxx Linker V02.00 + NoICE + sdld,  page 4.
Hexadecimal  [32-Bits]

Area                                    Addr        Size        Decimal Bytes (Attributes)
--------------------------------        ----        ----        ------- ----- ------------
.	.ABS.                             00000000    00000000 =           0. bytes (ABS,CON)

      Value  Global                              Global Defined In Module
      -----  --------------------------------   ------------------------
           00000087  _PCON                              fb_lpc922
           00000088  G$TCON$0$0                         fb_lpc922
           00000088  G$TCON_0$0$0                       fb_lpc922
           00000088  _TCON                              fb_lpc922
           00000088  _TCON_0                            fb_lpc922
           00000089  G$TCON_1$0$0                       fb_lpc922
           00000089  G$TMOD$0$0                         fb_lpc922
           00000089  _TCON_1                            fb_lpc922
           00000089  _TMOD                              fb_lpc922
           0000008A  G$TCON_2$0$0                       fb_lpc922
           0000008A  G$TL0$0$0                          fb_lpc922
           0000008A  _TCON_2                            fb_lpc922
           0000008A  _TL0                               fb_lpc922
           0000008B  G$TCON_3$0$0                       fb_lpc922
           0000008B  G$TL1$0$0                          fb_lpc922
           0000008B  _TCON_3                            fb_lpc922
           0000008B  _TL1                               fb_lpc922
           0000008C  G$TCON_4$0$0                       fb_lpc922
           0000008C  G$TH0$0$0                          fb_lpc922
           0000008C  _TCON_4                            fb_lpc922
           0000008C  _TH0                               fb_lpc922
           0000008D  G$TCON_5$0$0                       fb_lpc922
           0000008D  G$TH1$0$0                          fb_lpc922
           0000008D  _TCON_5                            fb_lpc922
           0000008D  _TH1                               fb_lpc922
           0000008E  G$TCON_6$0$0                       fb_lpc922
           0000008E  _TCON_6                            fb_lpc922
           0000008F  G$TAMOD$0$0                        fb_lpc922
           0000008F  G$TCON_7$0$0                       fb_lpc922
           0000008F  _TAMOD                             fb_lpc922
           0000008F  _TCON_7                            fb_lpc922
           00000090  G$P1$0$0                           fb_lpc922
           00000090  G$P1_0$0$0                         fb_lpc922
           00000090  _P1                                fb_lpc922
           00000090  _P1_0                              fb_lpc922
           00000091  G$P1M1$0$0                         fb_lpc922
           00000091  G$P1_1$0$0                         fb_lpc922
           00000091  _P1M1                              fb_lpc922
           00000091  _P1_1                              fb_lpc922
           00000092  G$P1M2$0$0                         fb_lpc922
           00000092  G$P1_2$0$0                         fb_lpc922
           00000092  _P1M2                              fb_lpc922
           00000092  _P1_2                              fb_lpc922
           00000093  G$KBPATN$0$0                       fb_lpc922
           00000093  G$P1_3$0$0                         fb_lpc922
           00000093  _KBPATN                            fb_lpc922
           00000093  _P1_3                              fb_lpc922
           00000094  G$KBCON$0$0                        fb_lpc922
           00000094  G$P1_4$0$0                         fb_lpc922
           00000094  _KBCON                             fb_lpc922
           00000094  _P1_4                              fb_lpc922
ASxxxx Linker V02.00 + NoICE + sdld,  page 5.
Hexadecimal  [32-Bits]

Area                                    Addr        Size        Decimal Bytes (Attributes)
--------------------------------        ----        ----        ------- ----- ------------
.	.ABS.                             00000000    00000000 =           0. bytes (ABS,CON)

      Value  Global                              Global Defined In Module
      -----  --------------------------------   ------------------------
           00000095  G$DIVM$0$0                         fb_lpc922
           00000095  G$P1_5$0$0                         fb_lpc922
           00000095  _DIVM                              fb_lpc922
           00000095  _P1_5                              fb_lpc922
           00000096  G$P1_6$0$0                         fb_lpc922
           00000096  G$TRIM$0$0                         fb_lpc922
           00000096  _P1_6                              fb_lpc922
           00000096  _TRIM                              fb_lpc922
           00000097  G$P1_7$0$0                         fb_lpc922
           00000097  _P1_7                              fb_lpc922
           00000098  G$SCON$0$0                         fb_lpc922
           00000098  G$SCON_0$0$0                       fb_lpc922
           00000098  _SCON                              fb_lpc922
           00000098  _SCON_0                            fb_lpc922
           00000099  G$SBUF$0$0                         fb_lpc922
           00000099  G$SCON_1$0$0                       fb_lpc922
           00000099  _SBUF                              fb_lpc922
           00000099  _SCON_1                            fb_lpc922
           0000009A  G$SCON_2$0$0                       fb_lpc922
           0000009A  _SCON_2                            fb_lpc922
           0000009B  G$SCON_3$0$0                       fb_lpc922
           0000009B  _SCON_3                            fb_lpc922
           0000009C  G$SCON_4$0$0                       fb_lpc922
           0000009C  _SCON_4                            fb_lpc922
           0000009D  G$SCON_5$0$0                       fb_lpc922
           0000009D  _SCON_5                            fb_lpc922
           0000009E  G$SCON_6$0$0                       fb_lpc922
           0000009E  _SCON_6                            fb_lpc922
           0000009F  G$SCON_7$0$0                       fb_lpc922
           0000009F  _SCON_7                            fb_lpc922
           000000A0  __XPAGE                            
           000000A2  G$AUXR1$0$0                        fb_lpc922
           000000A2  _AUXR1                             fb_lpc922
           000000A7  G$WDCON$0$0                        fb_lpc922
           000000A7  _WDCON                             fb_lpc922
           000000A8  G$IEN0$0$0                         fb_lpc922
           000000A8  G$IEN0_0$0$0                       fb_lpc922
           000000A8  _IEN0                              fb_lpc922
           000000A8  _IEN0_0                            fb_lpc922
           000000A9  G$IEN0_1$0$0                       fb_lpc922
           000000A9  G$SADDR$0$0                        fb_lpc922
           000000A9  _IEN0_1                            fb_lpc922
           000000A9  _SADDR                             fb_lpc922
           000000AA  G$IEN0_2$0$0                       fb_lpc922
           000000AA  _IEN0_2                            fb_lpc922
           000000AB  G$IEN0_3$0$0                       fb_lpc922
           000000AB  _IEN0_3                            fb_lpc922
           000000AC  G$CMP1$0$0                         fb_lpc922
           000000AC  G$IEN0_4$0$0                       fb_lpc922
           000000AC  _CMP1                              fb_lpc922
           000000AC  _IEN0_4                            fb_lpc922
ASxxxx Linker V02.00 + NoICE + sdld,  page 6.
Hexadecimal  [32-Bits]

Area                                    Addr        Size        Decimal Bytes (Attributes)
--------------------------------        ----        ----        ------- ----- ------------
.	.ABS.                             00000000    00000000 =           0. bytes (ABS,CON)

      Value  Global                              Global Defined In Module
      -----  --------------------------------   ------------------------
           000000AD  G$CMP2$0$0                         fb_lpc922
           000000AD  G$IEN0_5$0$0                       fb_lpc922
           000000AD  _CMP2                              fb_lpc922
           000000AD  _IEN0_5                            fb_lpc922
           000000AE  G$IEN0_6$0$0                       fb_lpc922
           000000AE  _IEN0_6                            fb_lpc922
           000000AF  G$IEN0_7$0$0                       fb_lpc922
           000000AF  _IEN0_7                            fb_lpc922
           000000B0  G$P3$0$0                           fb_lpc922
           000000B0  G$P3_0$0$0                         fb_lpc922
           000000B0  _P3                                fb_lpc922
           000000B0  _P3_0                              fb_lpc922
           000000B1  G$P3M1$0$0                         fb_lpc922
           000000B1  G$P3_1$0$0                         fb_lpc922
           000000B1  _P3M1                              fb_lpc922
           000000B1  _P3_1                              fb_lpc922
           000000B2  G$P3M2$0$0                         fb_lpc922
           000000B2  _P3M2                              fb_lpc922
           000000B5  G$PCONA$0$0                        fb_lpc922
           000000B5  _PCONA                             fb_lpc922
           000000B7  G$IP0H$0$0                         fb_lpc922
           000000B7  _IP0H                              fb_lpc922
           000000B8  G$IP0$0$0                          fb_lpc922
           000000B8  G$IP0_0$0$0                        fb_lpc922
           000000B8  _IP0                               fb_lpc922
           000000B8  _IP0_0                             fb_lpc922
           000000B9  G$IP0_1$0$0                        fb_lpc922
           000000B9  G$SADEN$0$0                        fb_lpc922
           000000B9  _IP0_1                             fb_lpc922
           000000B9  _SADEN                             fb_lpc922
           000000BA  G$IP0_2$0$0                        fb_lpc922
           000000BA  G$SSTAT$0$0                        fb_lpc922
           000000BA  _IP0_2                             fb_lpc922
           000000BA  _SSTAT                             fb_lpc922
           000000BB  G$IP0_3$0$0                        fb_lpc922
           000000BB  _IP0_3                             fb_lpc922
           000000BC  G$IP0_4$0$0                        fb_lpc922
           000000BC  _IP0_4                             fb_lpc922
           000000BD  G$BRGCON$0$0                       fb_lpc922
           000000BD  G$IP0_5$0$0                        fb_lpc922
           000000BD  _BRGCON                            fb_lpc922
           000000BD  _IP0_5                             fb_lpc922
           000000BE  G$BRGR0$0$0                        fb_lpc922
           000000BE  G$IP0_6$0$0                        fb_lpc922
           000000BE  _BRGR0                             fb_lpc922
           000000BE  _IP0_6                             fb_lpc922
           000000BF  G$BRGR1$0$0                        fb_lpc922
           000000BF  _BRGR1                             fb_lpc922
           000000C1  G$WDL$0$0                          fb_lpc922
           000000C1  _WDL                               fb_lpc922
           000000C2  G$WFEED1$0$0                       fb_lpc922
ASxxxx Linker V02.00 + NoICE + sdld,  page 7.
Hexadecimal  [32-Bits]

Area                                    Addr        Size        Decimal Bytes (Attributes)
--------------------------------        ----        ----        ------- ----- ------------
.	.ABS.                             00000000    00000000 =           0. bytes (ABS,CON)

      Value  Global                              Global Defined In Module
      -----  --------------------------------   ------------------------
           000000C2  _WFEED1                            fb_lpc922
           000000C3  G$WFEED2$0$0                       fb_lpc922
           000000C3  _WFEED2                            fb_lpc922
           000000D0  G$PSW$0$0                          fb_lpc922
           000000D0  G$PSW_0$0$0                        fb_lpc922
           000000D0  _PSW                               fb_lpc922
           000000D0  _PSW_0                             fb_lpc922
           000000D1  G$PSW_1$0$0                        fb_lpc922
           000000D1  G$RTCCON$0$0                       fb_lpc922
           000000D1  _PSW_1                             fb_lpc922
           000000D1  _RTCCON                            fb_lpc922
           000000D2  G$PSW_2$0$0                        fb_lpc922
           000000D2  G$RTCH$0$0                         fb_lpc922
           000000D2  _PSW_2                             fb_lpc922
           000000D2  _RTCH                              fb_lpc922
           000000D3  G$PSW_3$0$0                        fb_lpc922
           000000D3  G$RTCL$0$0                         fb_lpc922
           000000D3  _PSW_3                             fb_lpc922
           000000D3  _RTCL                              fb_lpc922
           000000D4  G$PSW_4$0$0                        fb_lpc922
           000000D4  _PSW_4                             fb_lpc922
           000000D5  G$PSW_5$0$0                        fb_lpc922
           000000D5  _PSW_5                             fb_lpc922
           000000D6  G$PSW_6$0$0                        fb_lpc922
           000000D6  _PSW_6                             fb_lpc922
           000000D7  G$PSW_7$0$0                        fb_lpc922
           000000D7  _PSW_7                             fb_lpc922
           000000D8  G$I2CON$0$0                        fb_lpc922
           000000D8  G$I2CON_0$0$0                      fb_lpc922
           000000D8  _I2CON                             fb_lpc922
           000000D8  _I2CON_0                           fb_lpc922
           000000D9  G$I2STAT$0$0                       fb_lpc922
           000000D9  _I2STAT                            fb_lpc922
           000000DA  G$I2CON_2$0$0                      fb_lpc922
           000000DA  G$I2DAT$0$0                        fb_lpc922
           000000DA  _I2CON_2                           fb_lpc922
           000000DA  _I2DAT                             fb_lpc922
           000000DB  G$I2ADR$0$0                        fb_lpc922
           000000DB  G$I2CON_3$0$0                      fb_lpc922
           000000DB  _I2ADR                             fb_lpc922
           000000DB  _I2CON_3                           fb_lpc922
           000000DC  G$I2CON_4$0$0                      fb_lpc922
           000000DC  G$I2SCLL$0$0                       fb_lpc922
           000000DC  _I2CON_4                           fb_lpc922
           000000DC  _I2SCLL                            fb_lpc922
           000000DD  G$I2CON_5$0$0                      fb_lpc922
           000000DD  G$I2SCLH$0$0                       fb_lpc922
           000000DD  _I2CON_5                           fb_lpc922
           000000DD  _I2SCLH                            fb_lpc922
           000000DE  G$I2CON_6$0$0                      fb_lpc922
           000000DE  _I2CON_6                           fb_lpc922
ASxxxx Linker V02.00 + NoICE + sdld,  page 8.
Hexadecimal  [32-Bits]

Area                                    Addr        Size        Decimal Bytes (Attributes)
--------------------------------        ----        ----        ------- ----- ------------
.	.ABS.                             00000000    00000000 =           0. bytes (ABS,CON)

      Value  Global                              Global Defined In Module
      -----  --------------------------------   ------------------------
           000000DF  G$RSTSRC$0$0                       fb_lpc922
           000000DF  _RSTSRC                            fb_lpc922
           000000E0  G$ACC$0$0                          fb_lpc922
           000000E0  _ACC                               fb_lpc922
           000000E4  G$FMCON$0$0                        fb_lpc922
           000000E4  _FMCON                             fb_lpc922
           000000E5  G$FMDATA$0$0                       fb_lpc922
           000000E5  _FMDATA                            fb_lpc922
           000000E6  G$FMADRL$0$0                       fb_lpc922
           000000E6  _FMADRL                            fb_lpc922
           000000E7  G$FMADRH$0$0                       fb_lpc922
           000000E7  _FMADRH                            fb_lpc922
           000000E8  G$IEN1$0$0                         fb_lpc922
           000000E8  G$IEN1_0$0$0                       fb_lpc922
           000000E8  _IEN1                              fb_lpc922
           000000E8  _IEN1_0                            fb_lpc922
           000000E9  G$IEN1_1$0$0                       fb_lpc922
           000000E9  _IEN1_1                            fb_lpc922
           000000EA  G$IEN1_2$0$0                       fb_lpc922
           000000EA  _IEN1_2                            fb_lpc922
           000000F0  G$B$0$0                            fb_lpc922
           000000F0  _B                                 fb_lpc922
           000000F6  G$PT0AD$0$0                        fb_lpc922
           000000F6  _PT0AD                             fb_lpc922
           000000F7  G$IP1H$0$0                         fb_lpc922
           000000F7  _IP1H                              fb_lpc922
           000000F8  G$IP1$0$0                          fb_lpc922
           000000F8  G$IP1_0$0$0                        fb_lpc922
           000000F8  _IP1                               fb_lpc922
           000000F8  _IP1_0                             fb_lpc922
           000000F9  G$IP1_1$0$0                        fb_lpc922
           000000F9  _IP1_1                             fb_lpc922
           000000FA  G$IP1_2$0$0                        fb_lpc922
           000000FA  _IP1_2                             fb_lpc922
           000000FE  G$IP1_6$0$0                        fb_lpc922
           000000FE  _IP1_6                             fb_lpc922
           00001BFD  Ffb_app_rollo11$blockedsave$0$0    fb_app_rollo11
           00001BFD  Lfb_rollo11.main$blockedsave$1$1   fb_rollo11
           00001BFF  Lfb_rollo11.main$trimsave$1$1      fb_rollo11
           00001C00  G$userram$0$0                      fb_lpc922
           00001C00  _userram                           fb_lpc922
           00001D00  G$eeprom$0$0                       fb_lpc922
           00001D00  _eeprom                            fb_lpc922
ASxxxx Linker V02.00 + NoICE + sdld,  page 9.
Hexadecimal  [32-Bits]

Area                                    Addr        Size        Decimal Bytes (Attributes)
--------------------------------        ----        ----        ------- ----- ------------
BSEG_BYTES                          00000020    00000003 =           3. bytes (REL,CON)

      Value  Global                              Global Defined In Module
      -----  --------------------------------   ------------------------
ASxxxx Linker V02.00 + NoICE + sdld,  page 10.
Hexadecimal  [32-Bits]

Area                                    Addr        Size        Decimal Bytes (Attributes)
--------------------------------        ----        ----        ------- ----- ------------
REG_BANK_0                          00000000    00000008 =           8. bytes (REL,OVR)

      Value  Global                              Global Defined In Module
      -----  --------------------------------   ------------------------
ASxxxx Linker V02.00 + NoICE + sdld,  page 11.
Hexadecimal  [32-Bits]

Area                                    Addr        Size        Decimal Bytes (Attributes)
--------------------------------        ----        ----        ------- ----- ------------
BSEG                                00000000    00000013 =          19. bytes (REL,CON,BIT)

      Value  Global                              Global Defined In Module
      -----  --------------------------------   ------------------------
     0B:   00000000  G$portchanged$0$0                  fb_app_rollo11
     0B:   00000000  _portchanged                       fb_app_rollo11
     0B:   00000001  G$state$0$0                        fb_app_rollo11
     0B:   00000001  _state                             fb_app_rollo11
     0B:   00000002  G$handmode$0$0                     fb_app_rollo11
     0B:   00000002  _handmode                          fb_app_rollo11
     0B:   00000003  G$parity_ok$0$0                    fb_lpc922
     0B:   00000003  _parity_ok                         fb_lpc922
     0B:   00000004  G$interrupted$0$0                  fb_lpc922
     0B:   00000004  _interrupted                       fb_lpc922
     0B:   00000005  G$fb_parity$0$0                    fb_lpc922
     0B:   00000005  _fb_parity                         fb_lpc922
     0B:   00000006  G$ack$0$0                          fb_lpc922
     0B:   00000006  _ack                               fb_lpc922
     0B:   00000007  G$nack$0$0                         fb_lpc922
     0B:   00000007  _nack                              fb_lpc922
     0B:   00000008  G$its_me$0$0                       fb_lpc922
     0B:   00000008  _its_me                            fb_lpc922
     0B:   00000009  G$tel_arrived$0$0                  fb_lpc922
     0B:   00000009  _tel_arrived                       fb_lpc922
     0B:   0000000A  G$tel_sent$0$0                     fb_lpc922
     0B:   0000000A  _tel_sent                          fb_lpc922
     0B:   0000000B  G$auto_ack$0$0                     fb_lpc922
     0B:   0000000B  _auto_ack                          fb_lpc922
     0B:   0000000C  G$fbtx_bit$0$0                     fb_lpc922
     0B:   0000000C  _fbtx_bit                          fb_lpc922
     0B:   0000000D  G$wait_for_ack$0$0                 fb_lpc922
     0B:   0000000D  _wait_for_ack                      fb_lpc922
     0B:   0000000E  G$send_ack$0$0                     fb_lpc922
     0B:   0000000E  _send_ack                          fb_lpc922
     0B:   0000000F  G$send_nack$0$0                    fb_lpc922
     0B:   0000000F  _send_nack                         fb_lpc922
     0B:   00000010  G$transparency$0$0                 fb_lpc922
     0B:   00000010  _transparency                      fb_lpc922
     0B:   00000011  G$connected$0$0                    fb_lpc922
     0B:   00000011  _connected                         fb_lpc922
     0B:   00000012  G$inc_pcount$0$0                   fb_lpc922
     0B:   00000012  _inc_pcount                        fb_lpc922

ASxxxx Linker V02.00 + NoICE + sdld,  page 12.
Hexadecimal  [32-Bits]

Area                                    Addr        Size        Decimal Bytes (Attributes)
--------------------------------        ----        ----        ------- ----- ------------
BIT_BANK                            00000023    00000001 =           1. bytes (REL,OVR)

      Value  Global                              Global Defined In Module
      -----  --------------------------------   ------------------------
ASxxxx Linker V02.00 + NoICE + sdld,  page 13.
Hexadecimal  [32-Bits]

Area                                    Addr        Size        Decimal Bytes (Attributes)
--------------------------------        ----        ----        ------- ----- ------------
DSEG                                00000000    00000069 =         105. bytes (REL,CON)

      Value  Global                              Global Defined In Module
      -----  --------------------------------   ------------------------
           00000008  _bp                                _bp
           00000024  G$timercnt$0$0                     fb_app_rollo11
           00000024  _timercnt                          fb_app_rollo11
           00000034  G$timerstate$0$0                   fb_app_rollo11
           00000034  _timerstate                        fb_app_rollo11
           00000044  G$Tval$0$0                         fb_app_rollo11
           00000044  _Tval                              fb_app_rollo11
           00000045  G$zfstate$0$0                      fb_app_rollo11
           00000045  _zfstate                           fb_app_rollo11
           00000046  G$oldblockvalue$0$0                fb_app_rollo11
           00000046  _oldblockvalue                     fb_app_rollo11
           00000047  G$kanal$0$0                        fb_app_rollo11
           00000047  _kanal                             fb_app_rollo11
           0000004B  G$knr$0$0                          fb_app_rollo11
           0000004B  _knr                               fb_app_rollo11
           0000004C  G$ledport$0$0                      fb_app_rollo11
           0000004C  _ledport                           fb_app_rollo11
           0000004D  G$conh$0$0                         fb_lpc922
           0000004D  _conh                              fb_lpc922
           0000004E  G$conl$0$0                         fb_lpc922
           0000004E  _conl                              fb_lpc922
           0000004F  G$pcount$0$0                       fb_lpc922
           0000004F  _pcount                            fb_lpc922
           00000050  G$mem_length$0$0                   fb_lpc922
           00000050  _mem_length                        fb_lpc922
           00000051  G$mem_adrh$0$0                     fb_lpc922
           00000051  _mem_adrh                          fb_lpc922
           00000052  G$mem_adrl$0$0                     fb_lpc922
           00000052  _mem_adrl                          fb_lpc922
           00000053  G$senders_pcount$0$0               fb_lpc922
           00000053  _senders_pcount                    fb_lpc922
           00000054  G$telegramm$0$0                    fb_lpc922
           00000054  _telegramm                         fb_lpc922
           0000006B  G$tx_buffer$0$0                    fb_lpc922
           0000006B  _tx_buffer                         fb_lpc922
           00000073  G$telpos$0$0                       fb_lpc922
           00000073  _telpos                            fb_lpc922
           00000074  G$cs$0$0                           fb_lpc922
           00000074  _cs                                fb_lpc922
           00000075  G$fbrx_byte$0$0                    fb_lpc922
           00000075  _fbrx_byte                         fb_lpc922
           00000076  G$fb_pattern$0$0                   fb_lpc922
           00000076  _fb_pattern                        fb_lpc922
           00000077  G$fb_state$0$0                     fb_lpc922
           00000077  _fb_state                          fb_lpc922
           00000078  G$repeat_count$0$0                 fb_lpc922
           00000078  _repeat_count                      fb_lpc922
           00000079  G$tx_nextwrite$0$0                 fb_lpc922
           00000079  _tx_nextwrite                      fb_lpc922
           0000007A  G$tx_nextsend$0$0                  fb_lpc922
ASxxxx Linker V02.00 + NoICE + sdld,  page 14.
Hexadecimal  [32-Bits]

Area                                    Addr        Size        Decimal Bytes (Attributes)
--------------------------------        ----        ----        ------- ----- ------------
DSEG                                00000000    00000069 =         105. bytes (REL,CON)

      Value  Global                              Global Defined In Module
      -----  --------------------------------   ------------------------
           0000007A  _tx_nextsend                       fb_lpc922
           0000007B  G$status60$0$0                     fb_lpc922
           0000007B  _status60                          fb_lpc922

ASxxxx Linker V02.00 + NoICE + sdld,  page 15.
Hexadecimal  [32-Bits]

Area                                    Addr        Size        Decimal Bytes (Attributes)
--------------------------------        ----        ----        ------- ----- ------------
SSEG                                0000007C    00000084 =         132. bytes (REL,OVR)

      Value  Global                              Global Defined In Module
      -----  --------------------------------   ------------------------
           0000007C  __start__stack                     fb_rollo11

ASxxxx Linker V02.00 + NoICE + sdld,  page 16.
Hexadecimal  [32-Bits]

Area                                    Addr        Size        Decimal Bytes (Attributes)
--------------------------------        ----        ----        ------- ----- ------------
HOME                                00000000    00000023 =          35. bytes (REL,CON,CODE)

      Value  Global                              Global Defined In Module
      -----  --------------------------------   ------------------------
     0C:   00000000  A$fb_rollo11$515                   fb_rollo11
     0C:   00000003  A$fb_rollo11$516                   fb_rollo11
     0C:   0000000B  A$fb_rollo11$518                   fb_rollo11
     0C:   00000013  A$fb_rollo11$520                   fb_rollo11
     0C:   0000001B  A$fb_rollo11$522                   fb_rollo11
     0C:   0000001E  A$fb_rollo11$544                   fb_rollo11
     0C:   0000001E  __sdcc_program_startup             fb_rollo11
     0C:   00000021  A$fb_rollo11$546                   fb_rollo11

ASxxxx Linker V02.00 + NoICE + sdld,  page 17.
Hexadecimal  [32-Bits]

Area                                    Addr        Size        Decimal Bytes (Attributes)
--------------------------------        ----        ----        ------- ----- ------------
GSINIT0                             00000023    00000003 =           3. bytes (REL,CON,CODE)

      Value  Global                              Global Defined In Module
      -----  --------------------------------   ------------------------
     0C:   00000023  __sdcc_gsinit_startup              

ASxxxx Linker V02.00 + NoICE + sdld,  page 18.
Hexadecimal  [32-Bits]

Area                                    Addr        Size        Decimal Bytes (Attributes)
--------------------------------        ----        ----        ------- ----- ------------
GSINIT2                             00000026    0000000A =          10. bytes (REL,CON,CODE)

      Value  Global                              Global Defined In Module
      -----  --------------------------------   ------------------------
ASxxxx Linker V02.00 + NoICE + sdld,  page 19.
Hexadecimal  [32-Bits]

Area                                    Addr        Size        Decimal Bytes (Attributes)
--------------------------------        ----        ----        ------- ----- ------------
GSINIT3                             00000030    00000022 =          34. bytes (REL,CON,CODE)

      Value  Global                              Global Defined In Module
      -----  --------------------------------   ------------------------
     0C:   00000030  __mcs51_genXINIT                   

ASxxxx Linker V02.00 + NoICE + sdld,  page 20.
Hexadecimal  [32-Bits]

Area                                    Addr        Size        Decimal Bytes (Attributes)
--------------------------------        ----        ----        ------- ----- ------------
GSINIT4                             00000052    0000002A =          42. bytes (REL,CON,CODE)

      Value  Global                              Global Defined In Module
      -----  --------------------------------   ------------------------
     0C:   00000052  __mcs51_genRAMCLEAR                
     0C:   00000058  __mcs51_genXRAMCLEAR               

ASxxxx Linker V02.00 + NoICE + sdld,  page 21.
Hexadecimal  [32-Bits]

Area                                    Addr        Size        Decimal Bytes (Attributes)
--------------------------------        ----        ----        ------- ----- ------------
GSFINAL                             0000007C    00000003 =           3. bytes (REL,CON,CODE)

      Value  Global                              Global Defined In Module
      -----  --------------------------------   ------------------------
     0C:   0000007C  A$fb_rollo11$537                   fb_rollo11

ASxxxx Linker V02.00 + NoICE + sdld,  page 22.
Hexadecimal  [32-Bits]

Area                                    Addr        Size        Decimal Bytes (Attributes)
--------------------------------        ----        ----        ------- ----- ------------
CSEG                                0000007F    0000170B =        5899. bytes (REL,CON,CODE)

      Value  Global                              Global Defined In Module
      -----  --------------------------------   ------------------------
     0C:   0000007F  A$fb_rollo11$579                   fb_rollo11
     0C:   0000007F  C$fb_rollo11.c$48$0$0              fb_rollo11
     0C:   0000007F  C$fb_rollo11.c$50$1$0              fb_rollo11
     0C:   0000007F  G$main$0$0                         fb_rollo11
     0C:   0000007F  _main                              fb_rollo11
     0C:   00000081  A$fb_rollo11$582                   fb_rollo11
     0C:   00000081  C$fb_rollo11.c$58$1$0              fb_rollo11
     0C:   00000083  A$fb_rollo11$585                   fb_rollo11
     0C:   00000083  C$fb_rollo11.c$59$1$1              fb_rollo11
     0C:   00000085  A$fb_rollo11$586                   fb_rollo11
     0C:   00000086  A$fb_rollo11$587                   fb_rollo11
     0C:   00000088  A$fb_rollo11$588                   fb_rollo11
     0C:   0000008A  A$fb_rollo11$589                   fb_rollo11
     0C:   0000008C  A$fb_rollo11$592                   fb_rollo11
     0C:   0000008C  C$fb_rollo11.c$60$1$1              fb_rollo11
     0C:   0000008E  A$fb_rollo11$593                   fb_rollo11
     0C:   00000090  A$fb_rollo11$594                   fb_rollo11
     0C:   00000093  A$fb_rollo11$595                   fb_rollo11
     0C:   00000095  A$fb_rollo11$596                   fb_rollo11
     0C:   00000097  A$fb_rollo11$599                   fb_rollo11
     0C:   00000097  C$fb_rollo11.c$63$1$1              fb_rollo11
     0C:   00000099  A$fb_rollo11$602                   fb_rollo11
     0C:   00000099  C$fb_rollo11.c$64$1$1              fb_rollo11
     0C:   0000009C  A$fb_rollo11$603                   fb_rollo11
     0C:   0000009F  A$fb_rollo11$607                   fb_rollo11
     0C:   0000009F  C$fb_rollo11.c$65$1$1              fb_rollo11
     0C:   000000A2  A$fb_rollo11$608                   fb_rollo11
     0C:   000000A3  A$fb_rollo11$609                   fb_rollo11
     0C:   000000A4  A$fb_rollo11$613                   fb_rollo11
     0C:   000000A4  C$fb_rollo11.c$66$1$1              fb_rollo11
     0C:   000000A7  A$fb_rollo11$614                   fb_rollo11
     0C:   000000A8  A$fb_rollo11$615                   fb_rollo11
     0C:   000000A9  A$fb_rollo11$616                   fb_rollo11
     0C:   000000AB  A$fb_rollo11$617                   fb_rollo11
     0C:   000000AC  A$fb_rollo11$618                   fb_rollo11
     0C:   000000AD  A$fb_rollo11$619                   fb_rollo11
     0C:   000000AF  A$fb_rollo11$622                   fb_rollo11
     0C:   000000AF  C$fb_rollo11.c$67$1$1              fb_rollo11
     0C:   000000B2  A$fb_rollo11$625                   fb_rollo11
     0C:   000000B2  C$fb_rollo11.c$72$1$1              fb_rollo11
     0C:   000000B4  A$fb_rollo11$628                   fb_rollo11
     0C:   000000B4  C$fb_rollo11.c$73$1$1              fb_rollo11
     0C:   000000B7  A$fb_rollo11$631                   fb_rollo11
     0C:   000000B7  C$fb_rollo11.c$74$1$1              fb_rollo11
     0C:   000000B9  A$fb_rollo11$633                   fb_rollo11
     0C:   000000BC  A$fb_rollo11$635                   fb_rollo11
     0C:   000000BE  A$fb_rollo11$638                   fb_rollo11
     0C:   000000BE  C$fb_rollo11.c$75$3$3              fb_rollo11
     0C:   000000C0  A$fb_rollo11$641                   fb_rollo11
     0C:   000000C0  C$fb_rollo11.c$76$3$3              fb_rollo11
ASxxxx Linker V02.00 + NoICE + sdld,  page 23.
Hexadecimal  [32-Bits]

Area                                    Addr        Size        Decimal Bytes (Attributes)
--------------------------------        ----        ----        ------- ----- ------------
CSEG                                0000007F    0000170B =        5899. bytes (REL,CON,CODE)

      Value  Global                              Global Defined In Module
      -----  --------------------------------   ------------------------
     0C:   000000C3  A$fb_rollo11$642                   fb_rollo11
     0C:   000000C4  A$fb_rollo11$643                   fb_rollo11
     0C:   000000C5  A$fb_rollo11$644                   fb_rollo11
     0C:   000000C7  A$fb_rollo11$647                   fb_rollo11
     0C:   000000C7  C$fb_rollo11.c$77$3$3              fb_rollo11
     0C:   000000CA  A$fb_rollo11$648                   fb_rollo11
     0C:   000000CB  A$fb_rollo11$649                   fb_rollo11
     0C:   000000CC  A$fb_rollo11$650                   fb_rollo11
     0C:   000000CE  A$fb_rollo11$653                   fb_rollo11
     0C:   000000CE  C$fb_rollo11.c$78$3$3              fb_rollo11
     0C:   000000D0  A$fb_rollo11$656                   fb_rollo11
     0C:   000000D0  C$fb_rollo11.c$79$3$3              fb_rollo11
     0C:   000000D2  A$fb_rollo11$660                   fb_rollo11
     0C:   000000D2  C$fb_rollo11.c$80$3$3              fb_rollo11
     0C:   000000D5  A$fb_rollo11$663                   fb_rollo11
     0C:   000000D5  C$fb_rollo11.c$74$2$2              fb_rollo11
     0C:   000000D6  A$fb_rollo11$664                   fb_rollo11
     0C:   000000D8  A$fb_rollo11$668                   fb_rollo11
     0C:   000000D8  C$fb_rollo11.c$83$1$1              fb_rollo11
     0C:   000000DB  A$fb_rollo11$669                   fb_rollo11
     0C:   000000DD  A$fb_rollo11$670                   fb_rollo11
     0C:   000000E0  A$fb_rollo11$671                   fb_rollo11
     0C:   000000E3  A$fb_rollo11$672                   fb_rollo11
     0C:   000000E6  A$fb_rollo11$673                   fb_rollo11
     0C:   000000E8  A$fb_rollo11$676                   fb_rollo11
     0C:   000000E8  C$fb_rollo11.c$84$1$1              fb_rollo11
     0C:   000000EA  A$fb_rollo11$677                   fb_rollo11
     0C:   000000ED  A$fb_rollo11$678                   fb_rollo11
     0C:   000000F0  A$fb_rollo11$679                   fb_rollo11
     0C:   000000F3  A$fb_rollo11$680                   fb_rollo11
     0C:   000000F5  A$fb_rollo11$683                   fb_rollo11
     0C:   000000F5  C$fb_rollo11.c$85$1$1              fb_rollo11
     0C:   000000F7  A$fb_rollo11$684                   fb_rollo11
     0C:   000000F9  A$fb_rollo11$685                   fb_rollo11
     0C:   000000FC  A$fb_rollo11$686                   fb_rollo11
     0C:   000000FE  A$fb_rollo11$687                   fb_rollo11
     0C:   00000100  A$fb_rollo11$690                   fb_rollo11
     0C:   00000100  C$fb_rollo11.c$86$1$1              fb_rollo11
     0C:   00000103  A$fb_rollo11$691                   fb_rollo11
     0C:   00000105  A$fb_rollo11$692                   fb_rollo11
     0C:   00000107  A$fb_rollo11$693                   fb_rollo11
     0C:   0000010A  A$fb_rollo11$694                   fb_rollo11
     0C:   0000010C  A$fb_rollo11$695                   fb_rollo11
     0C:   0000010E  A$fb_rollo11$699                   fb_rollo11
     0C:   0000010E  C$fb_rollo11.c$87$1$1              fb_rollo11
     0C:   00000111  A$fb_rollo11$700                   fb_rollo11
     0C:   00000114  A$fb_rollo11$701                   fb_rollo11
     0C:   00000117  A$fb_rollo11$702                   fb_rollo11
     0C:   0000011A  A$fb_rollo11$703                   fb_rollo11
     0C:   0000011D  A$fb_rollo11$704                   fb_rollo11
     0C:   00000120  A$fb_rollo11$705                   fb_rollo11
ASxxxx Linker V02.00 + NoICE + sdld,  page 24.
Hexadecimal  [32-Bits]

Area                                    Addr        Size        Decimal Bytes (Attributes)
--------------------------------        ----        ----        ------- ----- ------------
CSEG                                0000007F    0000170B =        5899. bytes (REL,CON,CODE)

      Value  Global                              Global Defined In Module
      -----  --------------------------------   ------------------------
     0C:   00000123  A$fb_rollo11$708                   fb_rollo11
     0C:   00000123  C$fb_rollo11.c$88$1$1              fb_rollo11
     0C:   00000126  A$fb_rollo11$714                   fb_rollo11
     0C:   00000126  C$fb_rollo11.c$89$1$1              fb_rollo11
     0C:   00000126  C$fb_rollo11.c$90$2$4              fb_rollo11
     0C:   00000128  A$fb_rollo11$715                   fb_rollo11
     0C:   0000012B  A$fb_rollo11$716                   fb_rollo11
     0C:   0000012E  A$fb_rollo11$717                   fb_rollo11
     0C:   00000130  A$fb_rollo11$720                   fb_rollo11
     0C:   00000130  C$fb_rollo11.c$92$2$4              fb_rollo11
     0C:   00000133  A$fb_rollo11$721                   fb_rollo11
     0C:   00000134  A$fb_rollo11$722                   fb_rollo11
     0C:   00000135  A$fb_rollo11$723                   fb_rollo11
     0C:   00000136  A$fb_rollo11$724                   fb_rollo11
     0C:   00000139  A$fb_rollo11$725                   fb_rollo11
     0C:   0000013C  A$fb_rollo11$726                   fb_rollo11
     0C:   0000013E  A$fb_rollo11$727                   fb_rollo11
     0C:   00000141  A$fb_rollo11$730                   fb_rollo11
     0C:   00000141  C$fb_rollo11.c$96$3$5              fb_rollo11
     0C:   00000143  A$fb_rollo11$731                   fb_rollo11
     0C:   00000145  A$fb_rollo11$732                   fb_rollo11
     0C:   00000147  A$fb_rollo11$733                   fb_rollo11
     0C:   00000149  A$fb_rollo11$734                   fb_rollo11
     0C:   0000014B  A$fb_rollo11$735                   fb_rollo11
     0C:   0000014E  A$fb_rollo11$736                   fb_rollo11
     0C:   00000150  A$fb_rollo11$737                   fb_rollo11
     0C:   00000152  A$fb_rollo11$741                   fb_rollo11
     0C:   00000152  C$fb_rollo11.c$98$3$5              fb_rollo11
     0C:   00000155  A$fb_rollo11$742                   fb_rollo11
     0C:   00000157  A$fb_rollo11$743                   fb_rollo11
     0C:   00000159  A$fb_rollo11$744                   fb_rollo11
     0C:   0000015A  A$fb_rollo11$745                   fb_rollo11
     0C:   0000015D  A$fb_rollo11$748                   fb_rollo11
     0C:   0000015D  C$fb_rollo11.c$100$4$6             fb_rollo11
     0C:   0000015F  A$fb_rollo11$749                   fb_rollo11
     0C:   00000161  A$fb_rollo11$750                   fb_rollo11
     0C:   00000163  A$fb_rollo11$751                   fb_rollo11
     0C:   00000165  A$fb_rollo11$754                   fb_rollo11
     0C:   00000165  C$fb_rollo11.c$101$4$6             fb_rollo11
     0C:   00000168  A$fb_rollo11$757                   fb_rollo11
     0C:   00000168  C$fb_rollo11.c$102$4$6             fb_rollo11
     0C:   0000016B  A$fb_rollo11$760                   fb_rollo11
     0C:   0000016B  C$fb_rollo11.c$104$4$6             fb_rollo11
     0C:   0000016D  A$fb_rollo11$763                   fb_rollo11
     0C:   0000016D  C$fb_rollo11.c$106$4$6             fb_rollo11
     0C:   00000170  A$fb_rollo11$766                   fb_rollo11
     0C:   00000170  C$fb_rollo11.c$108$4$6             fb_rollo11
     0C:   00000172  A$fb_rollo11$769                   fb_rollo11
     0C:   00000172  C$fb_rollo11.c$110$4$6             fb_rollo11
     0C:   00000174  A$fb_rollo11$773                   fb_rollo11
     0C:   00000174  C$fb_rollo11.c$117$3$5             fb_rollo11
ASxxxx Linker V02.00 + NoICE + sdld,  page 25.
Hexadecimal  [32-Bits]

Area                                    Addr        Size        Decimal Bytes (Attributes)
--------------------------------        ----        ----        ------- ----- ------------
CSEG                                0000007F    0000170B =        5899. bytes (REL,CON,CODE)

      Value  Global                              Global Defined In Module
      -----  --------------------------------   ------------------------
     0C:   00000177  A$fb_rollo11$774                   fb_rollo11
     0C:   00000179  A$fb_rollo11$775                   fb_rollo11
     0C:   0000017B  A$fb_rollo11$776                   fb_rollo11
     0C:   0000017E  A$fb_rollo11$777                   fb_rollo11
     0C:   00000180  A$fb_rollo11$778                   fb_rollo11
     0C:   00000182  A$fb_rollo11$782                   fb_rollo11
     0C:   00000182  C$fb_rollo11.c$146$3$5             fb_rollo11
     0C:   00000184  A$fb_rollo11$783                   fb_rollo11
     0C:   00000186  A$fb_rollo11$784                   fb_rollo11
     0C:   00000188  A$fb_rollo11$785                   fb_rollo11
     0C:   0000018A  A$fb_rollo11$786                   fb_rollo11
     0C:   0000018C  A$fb_rollo11$787                   fb_rollo11
     0C:   0000018F  A$fb_rollo11$788                   fb_rollo11
     0C:   00000192  A$fb_rollo11$789                   fb_rollo11
     0C:   00000193  A$fb_rollo11$790                   fb_rollo11
     0C:   00000194  A$fb_rollo11$791                   fb_rollo11
     0C:   00000195  A$fb_rollo11$792                   fb_rollo11
     0C:   00000198  A$fb_rollo11$793                   fb_rollo11
     0C:   0000019A  A$fb_rollo11$797                   fb_rollo11
     0C:   0000019A  C$fb_rollo11.c$147$4$7             fb_rollo11
     0C:   0000019D  A$fb_rollo11$800                   fb_rollo11
     0C:   0000019D  C$fb_rollo11.c$148$4$7             fb_rollo11
     0C:   000001A0  A$fb_rollo11$803                   fb_rollo11
     0C:   000001A0  C$fb_rollo11.c$149$4$7             fb_rollo11
     0C:   000001A3  A$fb_rollo11$806                   fb_rollo11
     0C:   000001A3  C$fb_rollo11.c$150$4$7             fb_rollo11
     0C:   000001A6  A$fb_rollo11$809                   fb_rollo11
     0C:   000001A6  C$fb_rollo11.c$151$4$7             fb_rollo11
     0C:   000001A9  A$fb_rollo11$815                   fb_rollo11
     0C:   000001A9  C$fb_rollo11.c$158$2$4             fb_rollo11
     0C:   000001A9  C$fb_rollo11.c$159$3$8             fb_rollo11
     0C:   000001AC  A$fb_rollo11$816                   fb_rollo11
     0C:   000001AE  A$fb_rollo11$820                   fb_rollo11
     0C:   000001AE  C$fb_rollo11.c$160$3$8             fb_rollo11
     0C:   000001B0  A$fb_rollo11$823                   fb_rollo11
     0C:   000001B0  C$fb_rollo11.c$161$3$8             fb_rollo11
     0C:   000001B2  A$fb_rollo11$824                   fb_rollo11
     0C:   000001B4  A$fb_rollo11$825                   fb_rollo11
     0C:   000001B7  A$fb_rollo11$826                   fb_rollo11
     0C:   000001B9  A$fb_rollo11$827                   fb_rollo11
     0C:   000001BB  A$fb_rollo11$828                   fb_rollo11
     0C:   000001BD  A$fb_rollo11$832                   fb_rollo11
     0C:   000001BD  C$fb_rollo11.c$164$3$4             fb_rollo11
     0C:   000001BF  A$fb_rollo11$834                   fb_rollo11
     0C:   000001C1  A$fb_rollo11$835                   fb_rollo11
     0C:   000001C2  A$fb_rollo11$836                   fb_rollo11
     0C:   000001C4  A$fb_rollo11$837                   fb_rollo11
     0C:   000001C5  A$fb_rollo11$838                   fb_rollo11
     0C:   000001C7  A$fb_rollo11$842                   fb_rollo11
     0C:   000001C7  C$fb_rollo11.c$167$2$4             fb_rollo11
     0C:   000001CA  A$fb_rollo11$844                   fb_rollo11
ASxxxx Linker V02.00 + NoICE + sdld,  page 26.
Hexadecimal  [32-Bits]

Area                                    Addr        Size        Decimal Bytes (Attributes)
--------------------------------        ----        ----        ------- ----- ------------
CSEG                                0000007F    0000170B =        5899. bytes (REL,CON,CODE)

      Value  Global                              Global Defined In Module
      -----  --------------------------------   ------------------------
     0C:   000001CD  A$fb_rollo11$845                   fb_rollo11
     0C:   000001CF  A$fb_rollo11$847                   fb_rollo11
     0C:   000001D1  A$fb_rollo11$848                   fb_rollo11
     0C:   000001D3  A$fb_rollo11$849                   fb_rollo11
     0C:   000001D4  A$fb_rollo11$850                   fb_rollo11
     0C:   000001D6  A$fb_rollo11$851                   fb_rollo11
     0C:   000001D8  A$fb_rollo11$855                   fb_rollo11
     0C:   000001D8  C$fb_rollo11.c$232$2$4             fb_rollo11
     0C:   000001DA  A$fb_rollo11$858                   fb_rollo11
     0C:   000001DA  C$fb_rollo11.c$233$2$4             fb_rollo11
     0C:   000001DD  A$fb_rollo11$861                   fb_rollo11
     0C:   000001DD  C$fb_rollo11.c$234$3$11            fb_rollo11
     0C:   000001E0  A$fb_rollo11$863                   fb_rollo11
     0C:   000001E2  A$fb_rollo11$864                   fb_rollo11
     0C:   000001E3  A$fb_rollo11$865                   fb_rollo11
     0C:   000001E5  A$fb_rollo11$869                   fb_rollo11
     0C:   000001E5  C$fb_rollo11.c$236$4$12            fb_rollo11
     0C:   000001E8  A$fb_rollo11$870                   fb_rollo11
     0C:   000001EB  A$fb_rollo11$874                   fb_rollo11
     0C:   000001EB  C$fb_rollo11.c$237$4$12            fb_rollo11
     0C:   000001ED  A$fb_rollo11$875                   fb_rollo11
     0C:   000001EF  A$fb_rollo11$879                   fb_rollo11
     0C:   000001EF  C$fb_rollo11.c$241$3$13            fb_rollo11
     0C:   000001F0  A$fb_rollo11$880                   fb_rollo11
     0C:   000001F2  A$fb_rollo11$881                   fb_rollo11
     0C:   000001F3  A$fb_rollo11$882                   fb_rollo11
     0C:   000001F5  A$fb_rollo11$886                   fb_rollo11
     0C:   000001F5  C$fb_rollo11.c$242$3$13            fb_rollo11
     0C:   000001F7  A$fb_rollo11$890                   fb_rollo11
     0C:   000001F7  C$fb_rollo11.c$244$2$4             fb_rollo11
     0C:   000001F9  A$fb_rollo11$891                   fb_rollo11
     0C:   000001FB  A$fb_rollo11$892                   fb_rollo11
     0C:   000001FC  A$fb_rollo11$893                   fb_rollo11
     0C:   000001FF  A$fb_rollo11$895                   fb_rollo11
     0C:   00000200  A$fb_rollo11$896                   fb_rollo11
     0C:   00000201  A$fb_rollo11$897                   fb_rollo11
     0C:   00000202  A$fb_rollo11$898                   fb_rollo11
     0C:   00000204  A$fb_rollo11$899                   fb_rollo11
     0C:   00000206  A$fb_rollo11$902                   fb_rollo11
     0C:   00000206  C$fb_rollo11.c$245$1$1             fb_rollo11
     0C:   00000209  A$fb_rollo11$905                   fb_rollo11
     0C:   00000209  C$fb_rollo11.c$246$1$1             fb_rollo11
     0C:   00000209  XG$main$0$0                        fb_rollo11
     0C:   0000020A  A$fb_app_rollo11$618               fb_app_rollo11
     0C:   0000020A  C$fb_app_rollo11.c$73$0$0          fb_app_rollo11
     0C:   0000020A  G$write_value_req$0$0              fb_app_rollo11
     0C:   0000020A  _write_value_req                   fb_app_rollo11
     0C:   0000020C  A$fb_app_rollo11$621               fb_app_rollo11
     0C:   0000020C  C$fb_app_rollo11.c$93$1$1          fb_app_rollo11
     0C:   0000020F  A$fb_app_rollo11$623               fb_app_rollo11
     0C:   00000211  A$fb_app_rollo11$624               fb_app_rollo11
ASxxxx Linker V02.00 + NoICE + sdld,  page 27.
Hexadecimal  [32-Bits]

Area                                    Addr        Size        Decimal Bytes (Attributes)
--------------------------------        ----        ----        ------- ----- ------------
CSEG                                0000007F    0000170B =        5899. bytes (REL,CON,CODE)

      Value  Global                              Global Defined In Module
      -----  --------------------------------   ------------------------
     0C:   00000214  A$fb_app_rollo11$625               fb_app_rollo11
     0C:   00000216  A$fb_app_rollo11$626               fb_app_rollo11
     0C:   00000218  A$fb_app_rollo11$627               fb_app_rollo11
     0C:   0000021A  A$fb_app_rollo11$628               fb_app_rollo11
     0C:   0000021C  A$fb_app_rollo11$629               fb_app_rollo11
     0C:   0000021E  A$fb_app_rollo11$630               fb_app_rollo11
     0C:   00000220  A$fb_app_rollo11$631               fb_app_rollo11
     0C:   00000223  A$fb_app_rollo11$632               fb_app_rollo11
     0C:   00000225  A$fb_app_rollo11$633               fb_app_rollo11
     0C:   00000228  A$fb_app_rollo11$634               fb_app_rollo11
     0C:   0000022A  A$fb_app_rollo11$638               fb_app_rollo11
     0C:   0000022A  C$fb_app_rollo11.c$95$1$1          fb_app_rollo11
     0C:   0000022D  A$fb_app_rollo11$640               fb_app_rollo11
     0C:   0000022F  A$fb_app_rollo11$641               fb_app_rollo11
     0C:   00000230  A$fb_app_rollo11$642               fb_app_rollo11
     0C:   00000232  A$fb_app_rollo11$643               fb_app_rollo11
     0C:   00000234  A$fb_app_rollo11$644               fb_app_rollo11
     0C:   00000236  A$fb_app_rollo11$645               fb_app_rollo11
     0C:   00000238  A$fb_app_rollo11$646               fb_app_rollo11
     0C:   00000239  A$fb_app_rollo11$647               fb_app_rollo11
     0C:   0000023B  A$fb_app_rollo11$648               fb_app_rollo11
     0C:   0000023D  A$fb_app_rollo11$649               fb_app_rollo11
     0C:   00000240  A$fb_app_rollo11$650               fb_app_rollo11
     0C:   00000242  A$fb_app_rollo11$654               fb_app_rollo11
     0C:   00000242  C$fb_app_rollo11.c$104$1$1         fb_app_rollo11
     0C:   00000242  XG$write_value_req$0$0             fb_app_rollo11
     0C:   00000243  A$fb_app_rollo11$667               fb_app_rollo11
     0C:   00000243  C$fb_app_rollo11.c$221$1$1         fb_app_rollo11
     0C:   00000243  G$read_value_req$0$0               fb_app_rollo11
     0C:   00000243  _read_value_req                    fb_app_rollo11
     0C:   00000245  A$fb_app_rollo11$670               fb_app_rollo11
     0C:   00000245  C$fb_app_rollo11.c$223$1$1         fb_app_rollo11
     0C:   00000247  A$fb_app_rollo11$671               fb_app_rollo11
     0C:   00000248  A$fb_app_rollo11$672               fb_app_rollo11
     0C:   0000024A  A$fb_app_rollo11$673               fb_app_rollo11
     0C:   0000024D  A$fb_app_rollo11$676               fb_app_rollo11
     0C:   0000024D  C$fb_app_rollo11.c$237$1$1         fb_app_rollo11
     0C:   0000024D  XG$read_value_req$0$0              fb_app_rollo11
     0C:   0000024E  A$fb_app_rollo11$690               fb_app_rollo11
     0C:   0000024E  C$fb_app_rollo11.c$240$1$1         fb_app_rollo11
     0C:   0000024E  G$read_obj_value$0$0               fb_app_rollo11
     0C:   0000024E  _read_obj_value                    fb_app_rollo11
     0C:   00000250  A$fb_app_rollo11$693               fb_app_rollo11
     0C:   00000250  C$fb_app_rollo11.c$242$1$1         fb_app_rollo11
     0C:   00000252  A$fb_app_rollo11$696               fb_app_rollo11
     0C:   00000252  C$fb_app_rollo11.c$244$1$1         fb_app_rollo11
     0C:   00000255  A$fb_app_rollo11$698               fb_app_rollo11
     0C:   00000257  A$fb_app_rollo11$701               fb_app_rollo11
     0C:   00000257  C$fb_app_rollo11.c$245$2$2         fb_app_rollo11
     0C:   00000259  A$fb_app_rollo11$702               fb_app_rollo11
     0C:   0000025B  A$fb_app_rollo11$703               fb_app_rollo11
ASxxxx Linker V02.00 + NoICE + sdld,  page 28.
Hexadecimal  [32-Bits]

Area                                    Addr        Size        Decimal Bytes (Attributes)
--------------------------------        ----        ----        ------- ----- ------------
CSEG                                0000007F    0000170B =        5899. bytes (REL,CON,CODE)

      Value  Global                              Global Defined In Module
      -----  --------------------------------   ------------------------
     0C:   0000025D  A$fb_app_rollo11$704               fb_app_rollo11
     0C:   0000025F  A$fb_app_rollo11$705               fb_app_rollo11
     0C:   00000261  A$fb_app_rollo11$707               fb_app_rollo11
     0C:   00000262  A$fb_app_rollo11$708               fb_app_rollo11
     0C:   00000263  A$fb_app_rollo11$709               fb_app_rollo11
     0C:   00000264  A$fb_app_rollo11$710               fb_app_rollo11
     0C:   00000265  A$fb_app_rollo11$711               fb_app_rollo11
     0C:   00000266  A$fb_app_rollo11$712               fb_app_rollo11
     0C:   00000267  A$fb_app_rollo11$714               fb_app_rollo11
     0C:   0000026A  A$fb_app_rollo11$715               fb_app_rollo11
     0C:   0000026C  A$fb_app_rollo11$716               fb_app_rollo11
     0C:   0000026E  A$fb_app_rollo11$717               fb_app_rollo11
     0C:   0000026F  A$fb_app_rollo11$718               fb_app_rollo11
     0C:   00000271  A$fb_app_rollo11$719               fb_app_rollo11
     0C:   00000272  A$fb_app_rollo11$720               fb_app_rollo11
     0C:   00000274  A$fb_app_rollo11$721               fb_app_rollo11
     0C:   00000275  A$fb_app_rollo11$722               fb_app_rollo11
     0C:   00000276  A$fb_app_rollo11$723               fb_app_rollo11
     0C:   00000278  A$fb_app_rollo11$724               fb_app_rollo11
     0C:   0000027A  A$fb_app_rollo11$725               fb_app_rollo11
     0C:   0000027C  A$fb_app_rollo11$729               fb_app_rollo11
     0C:   0000027C  C$fb_app_rollo11.c$248$2$3         fb_app_rollo11
     0C:   0000027E  A$fb_app_rollo11$730               fb_app_rollo11
     0C:   0000027F  A$fb_app_rollo11$731               fb_app_rollo11
     0C:   00000281  A$fb_app_rollo11$732               fb_app_rollo11
     0C:   00000282  A$fb_app_rollo11$733               fb_app_rollo11
     0C:   00000283  A$fb_app_rollo11$734               fb_app_rollo11
     0C:   00000285  A$fb_app_rollo11$735               fb_app_rollo11
     0C:   00000287  A$fb_app_rollo11$736               fb_app_rollo11
     0C:   00000289  A$fb_app_rollo11$737               fb_app_rollo11
     0C:   0000028B  A$fb_app_rollo11$738               fb_app_rollo11
     0C:   0000028D  A$fb_app_rollo11$739               fb_app_rollo11
     0C:   0000028F  A$fb_app_rollo11$741               fb_app_rollo11
     0C:   00000290  A$fb_app_rollo11$742               fb_app_rollo11
     0C:   00000291  A$fb_app_rollo11$743               fb_app_rollo11
     0C:   00000292  A$fb_app_rollo11$744               fb_app_rollo11
     0C:   00000293  A$fb_app_rollo11$745               fb_app_rollo11
     0C:   00000294  A$fb_app_rollo11$746               fb_app_rollo11
     0C:   00000295  A$fb_app_rollo11$748               fb_app_rollo11
     0C:   00000298  A$fb_app_rollo11$749               fb_app_rollo11
     0C:   0000029A  A$fb_app_rollo11$750               fb_app_rollo11
     0C:   0000029C  A$fb_app_rollo11$751               fb_app_rollo11
     0C:   0000029D  A$fb_app_rollo11$752               fb_app_rollo11
     0C:   0000029F  A$fb_app_rollo11$753               fb_app_rollo11
     0C:   000002A0  A$fb_app_rollo11$754               fb_app_rollo11
     0C:   000002A2  A$fb_app_rollo11$755               fb_app_rollo11
     0C:   000002A3  A$fb_app_rollo11$756               fb_app_rollo11
     0C:   000002A4  A$fb_app_rollo11$757               fb_app_rollo11
     0C:   000002A6  A$fb_app_rollo11$758               fb_app_rollo11
     0C:   000002A8  A$fb_app_rollo11$762               fb_app_rollo11
     0C:   000002A8  C$fb_app_rollo11.c$250$1$1         fb_app_rollo11
ASxxxx Linker V02.00 + NoICE + sdld,  page 29.
Hexadecimal  [32-Bits]

Area                                    Addr        Size        Decimal Bytes (Attributes)
--------------------------------        ----        ----        ------- ----- ------------
CSEG                                0000007F    0000170B =        5899. bytes (REL,CON,CODE)

      Value  Global                              Global Defined In Module
      -----  --------------------------------   ------------------------
     0C:   000002AA  A$fb_app_rollo11$763               fb_app_rollo11
     0C:   000002AC  A$fb_app_rollo11$764               fb_app_rollo11
     0C:   000002AE  A$fb_app_rollo11$765               fb_app_rollo11
     0C:   000002B0  A$fb_app_rollo11$766               fb_app_rollo11
     0C:   000002B2  A$fb_app_rollo11$767               fb_app_rollo11
     0C:   000002B4  A$fb_app_rollo11$768               fb_app_rollo11
     0C:   000002B5  A$fb_app_rollo11$771               fb_app_rollo11
     0C:   000002B5  C$fb_app_rollo11.c$251$1$1         fb_app_rollo11
     0C:   000002B5  XG$read_obj_value$0$0              fb_app_rollo11
     0C:   000002B6  A$fb_app_rollo11$785               fb_app_rollo11
     0C:   000002B6  C$fb_app_rollo11.c$254$1$1         fb_app_rollo11
     0C:   000002B6  G$write_obj_value$0$0              fb_app_rollo11
     0C:   000002B6  _write_obj_value                   fb_app_rollo11
     0C:   000002B8  A$fb_app_rollo11$786               fb_app_rollo11
     0C:   000002BB  A$fb_app_rollo11$787               fb_app_rollo11
     0C:   000002BD  A$fb_app_rollo11$790               fb_app_rollo11
     0C:   000002BD  C$fb_app_rollo11.c$256$1$1         fb_app_rollo11
     0C:   000002C0  A$fb_app_rollo11$792               fb_app_rollo11
     0C:   000002C2  A$fb_app_rollo11$795               fb_app_rollo11
     0C:   000002C2  C$fb_app_rollo11.c$257$2$2         fb_app_rollo11
     0C:   000002C4  A$fb_app_rollo11$796               fb_app_rollo11
     0C:   000002C6  A$fb_app_rollo11$797               fb_app_rollo11
     0C:   000002C7  A$fb_app_rollo11$798               fb_app_rollo11
     0C:   000002C8  A$fb_app_rollo11$799               fb_app_rollo11
     0C:   000002C9  A$fb_app_rollo11$800               fb_app_rollo11
     0C:   000002CA  A$fb_app_rollo11$801               fb_app_rollo11
     0C:   000002CC  A$fb_app_rollo11$802               fb_app_rollo11
     0C:   000002CE  A$fb_app_rollo11$803               fb_app_rollo11
     0C:   000002D0  A$fb_app_rollo11$804               fb_app_rollo11
     0C:   000002D2  A$fb_app_rollo11$805               fb_app_rollo11
     0C:   000002D4  A$fb_app_rollo11$807               fb_app_rollo11
     0C:   000002D6  A$fb_app_rollo11$809               fb_app_rollo11
     0C:   000002D9  A$fb_app_rollo11$810               fb_app_rollo11
     0C:   000002DA  A$fb_app_rollo11$811               fb_app_rollo11
     0C:   000002DC  A$fb_app_rollo11$812               fb_app_rollo11
     0C:   000002DD  A$fb_app_rollo11$813               fb_app_rollo11
     0C:   000002DE  A$fb_app_rollo11$814               fb_app_rollo11
     0C:   000002E0  A$fb_app_rollo11$815               fb_app_rollo11
     0C:   000002E2  A$fb_app_rollo11$819               fb_app_rollo11
     0C:   000002E2  C$fb_app_rollo11.c$258$2$2         fb_app_rollo11
     0C:   000002E4  A$fb_app_rollo11$820               fb_app_rollo11
     0C:   000002E6  A$fb_app_rollo11$821               fb_app_rollo11
     0C:   000002E8  A$fb_app_rollo11$822               fb_app_rollo11
     0C:   000002EA  A$fb_app_rollo11$824               fb_app_rollo11
     0C:   000002EC  A$fb_app_rollo11$826               fb_app_rollo11
     0C:   000002EF  A$fb_app_rollo11$827               fb_app_rollo11
     0C:   000002F0  A$fb_app_rollo11$828               fb_app_rollo11
     0C:   000002F2  A$fb_app_rollo11$829               fb_app_rollo11
     0C:   000002F4  A$fb_app_rollo11$833               fb_app_rollo11
     0C:   000002F4  C$fb_app_rollo11.c$261$2$3         fb_app_rollo11
     0C:   000002F5  A$fb_app_rollo11$834               fb_app_rollo11
ASxxxx Linker V02.00 + NoICE + sdld,  page 30.
Hexadecimal  [32-Bits]

Area                                    Addr        Size        Decimal Bytes (Attributes)
--------------------------------        ----        ----        ------- ----- ------------
CSEG                                0000007F    0000170B =        5899. bytes (REL,CON,CODE)

      Value  Global                              Global Defined In Module
      -----  --------------------------------   ------------------------
     0C:   000002F7  A$fb_app_rollo11$835               fb_app_rollo11
     0C:   000002F8  A$fb_app_rollo11$838               fb_app_rollo11
     0C:   000002F8  C$fb_app_rollo11.c$262$2$3         fb_app_rollo11
     0C:   000002FA  A$fb_app_rollo11$839               fb_app_rollo11
     0C:   000002FC  A$fb_app_rollo11$840               fb_app_rollo11
     0C:   000002FD  A$fb_app_rollo11$841               fb_app_rollo11
     0C:   000002FE  A$fb_app_rollo11$842               fb_app_rollo11
     0C:   000002FF  A$fb_app_rollo11$843               fb_app_rollo11
     0C:   00000300  A$fb_app_rollo11$844               fb_app_rollo11
     0C:   00000302  A$fb_app_rollo11$845               fb_app_rollo11
     0C:   00000304  A$fb_app_rollo11$846               fb_app_rollo11
     0C:   00000306  A$fb_app_rollo11$847               fb_app_rollo11
     0C:   00000308  A$fb_app_rollo11$848               fb_app_rollo11
     0C:   0000030A  A$fb_app_rollo11$850               fb_app_rollo11
     0C:   0000030C  A$fb_app_rollo11$852               fb_app_rollo11
     0C:   0000030F  A$fb_app_rollo11$853               fb_app_rollo11
     0C:   00000310  A$fb_app_rollo11$854               fb_app_rollo11
     0C:   00000312  A$fb_app_rollo11$855               fb_app_rollo11
     0C:   00000313  A$fb_app_rollo11$856               fb_app_rollo11
     0C:   00000314  A$fb_app_rollo11$857               fb_app_rollo11
     0C:   00000316  A$fb_app_rollo11$858               fb_app_rollo11
     0C:   00000318  A$fb_app_rollo11$862               fb_app_rollo11
     0C:   00000318  C$fb_app_rollo11.c$263$2$3         fb_app_rollo11
     0C:   0000031A  A$fb_app_rollo11$863               fb_app_rollo11
     0C:   0000031C  A$fb_app_rollo11$864               fb_app_rollo11
     0C:   0000031E  A$fb_app_rollo11$865               fb_app_rollo11
     0C:   00000320  A$fb_app_rollo11$867               fb_app_rollo11
     0C:   00000322  A$fb_app_rollo11$869               fb_app_rollo11
     0C:   00000325  A$fb_app_rollo11$870               fb_app_rollo11
     0C:   00000326  A$fb_app_rollo11$871               fb_app_rollo11
     0C:   00000328  A$fb_app_rollo11$873               fb_app_rollo11
     0C:   0000032A  A$fb_app_rollo11$876               fb_app_rollo11
     0C:   0000032A  C$fb_app_rollo11.c$265$1$1         fb_app_rollo11
     0C:   0000032A  XG$write_obj_value$0$0             fb_app_rollo11
     0C:   0000032B  A$fb_app_rollo11$896               fb_app_rollo11
     0C:   0000032B  C$fb_app_rollo11.c$267$1$1         fb_app_rollo11
     0C:   0000032B  G$Sobject_schalten$0$0             fb_app_rollo11
     0C:   0000032B  _Sobject_schalten                  fb_app_rollo11
     0C:   0000032D  A$fb_app_rollo11$897               fb_app_rollo11
     0C:   00000330  A$fb_app_rollo11$900               fb_app_rollo11
     0C:   00000330  C$fb_app_rollo11.c$271$1$1         fb_app_rollo11
     0C:   00000332  A$fb_app_rollo11$901               fb_app_rollo11
     0C:   00000333  A$fb_app_rollo11$902               fb_app_rollo11
     0C:   00000335  A$fb_app_rollo11$903               fb_app_rollo11
     0C:   00000337  A$fb_app_rollo11$906               fb_app_rollo11
     0C:   00000337  C$fb_app_rollo11.c$272$2$2         fb_app_rollo11
     0C:   00000339  A$fb_app_rollo11$907               fb_app_rollo11
     0C:   0000033A  A$fb_app_rollo11$908               fb_app_rollo11
     0C:   0000033B  A$fb_app_rollo11$911               fb_app_rollo11
     0C:   0000033B  C$fb_app_rollo11.c$273$2$2         fb_app_rollo11
     0C:   0000033D  A$fb_app_rollo11$914               fb_app_rollo11
ASxxxx Linker V02.00 + NoICE + sdld,  page 31.
Hexadecimal  [32-Bits]

Area                                    Addr        Size        Decimal Bytes (Attributes)
--------------------------------        ----        ----        ------- ----- ------------
CSEG                                0000007F    0000170B =        5899. bytes (REL,CON,CODE)

      Value  Global                              Global Defined In Module
      -----  --------------------------------   ------------------------
     0C:   0000033D  C$fb_app_rollo11.c$274$2$2         fb_app_rollo11
     0C:   0000033F  A$fb_app_rollo11$915               fb_app_rollo11
     0C:   00000341  A$fb_app_rollo11$916               fb_app_rollo11
     0C:   00000342  A$fb_app_rollo11$917               fb_app_rollo11
     0C:   00000344  A$fb_app_rollo11$918               fb_app_rollo11
     0C:   00000346  A$fb_app_rollo11$922               fb_app_rollo11
     0C:   00000346  C$fb_app_rollo11.c$277$2$3         fb_app_rollo11
     0C:   00000347  A$fb_app_rollo11$923               fb_app_rollo11
     0C:   00000349  A$fb_app_rollo11$924               fb_app_rollo11
     0C:   0000034A  A$fb_app_rollo11$927               fb_app_rollo11
     0C:   0000034A  C$fb_app_rollo11.c$278$2$3         fb_app_rollo11
     0C:   0000034D  A$fb_app_rollo11$928               fb_app_rollo11
     0C:   0000034E  A$fb_app_rollo11$929               fb_app_rollo11
     0C:   0000034F  A$fb_app_rollo11$930               fb_app_rollo11
     0C:   00000350  A$fb_app_rollo11$931               fb_app_rollo11
     0C:   00000352  A$fb_app_rollo11$932               fb_app_rollo11
     0C:   00000354  A$fb_app_rollo11$933               fb_app_rollo11
     0C:   00000356  A$fb_app_rollo11$934               fb_app_rollo11
     0C:   00000358  A$fb_app_rollo11$935               fb_app_rollo11
     0C:   0000035A  A$fb_app_rollo11$937               fb_app_rollo11
     0C:   0000035B  A$fb_app_rollo11$938               fb_app_rollo11
     0C:   0000035C  A$fb_app_rollo11$939               fb_app_rollo11
     0C:   0000035D  A$fb_app_rollo11$940               fb_app_rollo11
     0C:   0000035E  A$fb_app_rollo11$941               fb_app_rollo11
     0C:   0000035F  A$fb_app_rollo11$942               fb_app_rollo11
     0C:   00000360  A$fb_app_rollo11$944               fb_app_rollo11
     0C:   00000363  A$fb_app_rollo11$945               fb_app_rollo11
     0C:   00000365  A$fb_app_rollo11$946               fb_app_rollo11
     0C:   00000366  A$fb_app_rollo11$947               fb_app_rollo11
     0C:   00000368  A$fb_app_rollo11$948               fb_app_rollo11
     0C:   00000369  A$fb_app_rollo11$949               fb_app_rollo11
     0C:   0000036B  A$fb_app_rollo11$950               fb_app_rollo11
     0C:   0000036C  A$fb_app_rollo11$951               fb_app_rollo11
     0C:   0000036D  A$fb_app_rollo11$952               fb_app_rollo11
     0C:   00000370  A$fb_app_rollo11$954               fb_app_rollo11
     0C:   00000371  A$fb_app_rollo11$955               fb_app_rollo11
     0C:   00000372  A$fb_app_rollo11$956               fb_app_rollo11
     0C:   00000373  A$fb_app_rollo11$957               fb_app_rollo11
     0C:   00000375  A$fb_app_rollo11$958               fb_app_rollo11
     0C:   00000377  A$fb_app_rollo11$962               fb_app_rollo11
[...]
Hexadecimal  [32-Bits]

Area                                    Addr        Size        Decimal Bytes (Attributes)
--------------------------------        ----        ----        ------- ----- ------------
CSEG                                0000007F    0000170B =        5899. bytes (REL,CON,CODE)

      Value  Global                              Global Defined In Module
      -----  --------------------------------   ------------------------
     0C:   00001653  A$fb_lpc922$2850                   fb_lpc922
     0C:   00001654  A$fb_lpc922$2851                   fb_lpc922
     0C:   00001655  A$fb_lpc922$2852                   fb_lpc922
     0C:   00001657  A$fb_lpc922$2853                   fb_lpc922
     0C:   00001658  A$fb_lpc922$2854                   fb_lpc922
     0C:   00001659  A$fb_lpc922$2855                   fb_lpc922
     0C:   0000165A  A$fb_lpc922$2856                   fb_lpc922
     0C:   0000165B  A$fb_lpc922$2857                   fb_lpc922
     0C:   0000165D  A$fb_lpc922$2858                   fb_lpc922
     0C:   00001660  A$fb_lpc922$2862                   fb_lpc922
     0C:   00001660  C$fb_lpc922.c$665$2$2              fb_lpc922
     0C:   00001661  A$fb_lpc922$2863                   fb_lpc922
     0C:   00001663  A$fb_lpc922$2864                   fb_lpc922
     0C:   00001665  A$fb_lpc922$2865                   fb_lpc922
     0C:   00001667  A$fb_lpc922$2866                   fb_lpc922
     0C:   00001669  A$fb_lpc922$2867                   fb_lpc922
     0C:   0000166B  A$fb_lpc922$2868                   fb_lpc922
     0C:   0000166C  A$fb_lpc922$2869                   fb_lpc922
     0C:   0000166D  A$fb_lpc922$2870                   fb_lpc922
     0C:   0000166F  A$fb_lpc922$2871                   fb_lpc922
     0C:   00001671  A$fb_lpc922$2872                   fb_lpc922
     0C:   00001672  A$fb_lpc922$2873                   fb_lpc922
     0C:   00001673  A$fb_lpc922$2874                   fb_lpc922
     0C:   00001674  A$fb_lpc922$2875                   fb_lpc922
     0C:   00001675  A$fb_lpc922$2876                   fb_lpc922
     0C:   00001676  A$fb_lpc922$2877                   fb_lpc922
     0C:   00001677  A$fb_lpc922$2878                   fb_lpc922
     0C:   0000167A  A$fb_lpc922$2879                   fb_lpc922
     0C:   0000167D  A$fb_lpc922$2880                   fb_lpc922
     0C:   0000167F  A$fb_lpc922$2882                   fb_lpc922
     0C:   00001681  A$fb_lpc922$2883                   fb_lpc922
     0C:   00001683  A$fb_lpc922$2885                   fb_lpc922
     0C:   00001685  A$fb_lpc922$2886                   fb_lpc922
     0C:   00001687  A$fb_lpc922$2887                   fb_lpc922
     0C:   00001688  A$fb_lpc922$2888                   fb_lpc922
     0C:   00001689  A$fb_lpc922$2889                   fb_lpc922
     0C:   0000168B  A$fb_lpc922$2890                   fb_lpc922
     0C:   0000168C  A$fb_lpc922$2891                   fb_lpc922
     0C:   0000168E  A$fb_lpc922$2892                   fb_lpc922
     0C:   0000168F  A$fb_lpc922$2893                   fb_lpc922
     0C:   00001691  A$fb_lpc922$2894                   fb_lpc922
     0C:   00001693  A$fb_lpc922$2898                   fb_lpc922
     0C:   00001693  C$fb_lpc922.c$666$2$2              fb_lpc922
     0C:   00001695  A$fb_lpc922$2900                   fb_lpc922
     0C:   00001697  A$fb_lpc922$2901                   fb_lpc922
     0C:   00001698  A$fb_lpc922$2902                   fb_lpc922
     0C:   00001699  A$fb_lpc922$2903                   fb_lpc922
     0C:   0000169A  A$fb_lpc922$2904                   fb_lpc922
     0C:   0000169B  A$fb_lpc922$2905                   fb_lpc922
     0C:   0000169D  A$fb_lpc922$2906                   fb_lpc922
     0C:   0000169F  A$fb_lpc922$2907                   fb_lpc922
ASxxxx Linker V02.00 + NoICE + sdld,  page 98.
Hexadecimal  [32-Bits]

Area                                    Addr        Size        Decimal Bytes (Attributes)
--------------------------------        ----        ----        ------- ----- ------------
CSEG                                0000007F    0000170B =        5899. bytes (REL,CON,CODE)

      Value  Global                              Global Defined In Module
      -----  --------------------------------   ------------------------
     0C:   000016A0  A$fb_lpc922$2908                   fb_lpc922
     0C:   000016A1  A$fb_lpc922$2909                   fb_lpc922
     0C:   000016A3  A$fb_lpc922$2910                   fb_lpc922
     0C:   000016A4  A$fb_lpc922$2911                   fb_lpc922
     0C:   000016A6  A$fb_lpc922$2912                   fb_lpc922
     0C:   000016A7  A$fb_lpc922$2913                   fb_lpc922
     0C:   000016A9  A$fb_lpc922$2916                   fb_lpc922
     0C:   000016A9  C$fb_lpc922.c$668$2$2              fb_lpc922
     0C:   000016AB  A$fb_lpc922$2917                   fb_lpc922
     0C:   000016AD  A$fb_lpc922$2918                   fb_lpc922
     0C:   000016AF  A$fb_lpc922$2919                   fb_lpc922
     0C:   000016B0  A$fb_lpc922$2920                   fb_lpc922
     0C:   000016B1  A$fb_lpc922$2921                   fb_lpc922
     0C:   000016B3  A$fb_lpc922$2922                   fb_lpc922
     0C:   000016B5  A$fb_lpc922$2923                   fb_lpc922
     0C:   000016B6  A$fb_lpc922$2924                   fb_lpc922
     0C:   000016B7  A$fb_lpc922$2925                   fb_lpc922
     0C:   000016B8  A$fb_lpc922$2926                   fb_lpc922
     0C:   000016B9  A$fb_lpc922$2927                   fb_lpc922
     0C:   000016BB  A$fb_lpc922$2928                   fb_lpc922
     0C:   000016BD  A$fb_lpc922$2929                   fb_lpc922
     0C:   000016BF  A$fb_lpc922$2930                   fb_lpc922
     0C:   000016C0  A$fb_lpc922$2931                   fb_lpc922
     0C:   000016C1  A$fb_lpc922$2932                   fb_lpc922
     0C:   000016C2  A$fb_lpc922$2933                   fb_lpc922
     0C:   000016C3  A$fb_lpc922$2934                   fb_lpc922
     0C:   000016C4  A$fb_lpc922$2935                   fb_lpc922
     0C:   000016C5  A$fb_lpc922$2936                   fb_lpc922
     0C:   000016C6  A$fb_lpc922$2937                   fb_lpc922
     0C:   000016C9  A$fb_lpc922$2938                   fb_lpc922
     0C:   000016CB  A$fb_lpc922$2939                   fb_lpc922
     0C:   000016CE  A$fb_lpc922$2940                   fb_lpc922
     0C:   000016D1  A$fb_lpc922$2941                   fb_lpc922
     0C:   000016D3  A$fb_lpc922$2942                   fb_lpc922
     0C:   000016D4  A$fb_lpc922$2943                   fb_lpc922
     0C:   000016D6  A$fb_lpc922$2944                   fb_lpc922
     0C:   000016D8  A$fb_lpc922$2945                   fb_lpc922
     0C:   000016D9  A$fb_lpc922$2946                   fb_lpc922
     0C:   000016DC  A$fb_lpc922$2947                   fb_lpc922
     0C:   000016DD  A$fb_lpc922$2949                   fb_lpc922
     0C:   000016DF  A$fb_lpc922$2950                   fb_lpc922
     0C:   000016E1  A$fb_lpc922$2951                   fb_lpc922
     0C:   000016E2  A$fb_lpc922$2952                   fb_lpc922
     0C:   000016E3  A$fb_lpc922$2953                   fb_lpc922
     0C:   000016E6  A$fb_lpc922$2954                   fb_lpc922
     0C:   000016E7  A$fb_lpc922$2955                   fb_lpc922
     0C:   000016E8  A$fb_lpc922$2956                   fb_lpc922
     0C:   000016EB  A$fb_lpc922$2957                   fb_lpc922
     0C:   000016ED  A$fb_lpc922$2961                   fb_lpc922
     0C:   000016ED  C$fb_lpc922.c$669$3$3              fb_lpc922
     0C:   000016F0  A$fb_lpc922$2964                   fb_lpc922
ASxxxx Linker V02.00 + NoICE + sdld,  page 99.
Hexadecimal  [32-Bits]

Area                                    Addr        Size        Decimal Bytes (Attributes)
--------------------------------        ----        ----        ------- ----- ------------
CSEG                                0000007F    0000170B =        5899. bytes (REL,CON,CODE)

      Value  Global                              Global Defined In Module
      -----  --------------------------------   ------------------------
     0C:   000016F0  C$fb_lpc922.c$670$3$3              fb_lpc922
     0C:   000016F3  A$fb_lpc922$2968                   fb_lpc922
     0C:   000016F3  C$fb_lpc922.c$664$1$1              fb_lpc922
     0C:   000016F5  A$fb_lpc922$2969                   fb_lpc922
     0C:   000016F6  A$fb_lpc922$2970                   fb_lpc922
     0C:   000016F7  A$fb_lpc922$2971                   fb_lpc922
     0C:   000016F8  A$fb_lpc922$2972                   fb_lpc922
     0C:   000016FB  A$fb_lpc922$2976                   fb_lpc922
     0C:   000016FB  C$fb_lpc922.c$673$1$1              fb_lpc922
     0C:   000016FE  A$fb_lpc922$2979                   fb_lpc922
     0C:   000016FE  C$fb_lpc922.c$674$1$1              fb_lpc922
     0C:   00001700  A$fb_lpc922$2980                   fb_lpc922
     0C:   00001703  A$fb_lpc922$2981                   fb_lpc922
     0C:   00001705  A$fb_lpc922$2984                   fb_lpc922
     0C:   00001705  C$fb_lpc922.c$675$1$1              fb_lpc922
     0C:   00001705  XG$write_memory$0$0                fb_lpc922
     0C:   00001706  A$fb_lpc922$2998                   fb_lpc922
     0C:   00001706  C$fb_lpc922.c$679$1$1              fb_lpc922
     0C:   00001706  C$fb_lpc922.c$681$1$1              fb_lpc922
     0C:   00001706  G$set_pa$0$0                       fb_lpc922
     0C:   00001706  _set_pa                            fb_lpc922
     0C:   00001708  A$fb_lpc922$2999                   fb_lpc922
     0C:   0000170A  A$fb_lpc922$3002                   fb_lpc922
     0C:   0000170A  C$fb_lpc922.c$682$1$1              fb_lpc922
     0C:   0000170C  A$fb_lpc922$3005                   fb_lpc922
     0C:   0000170C  C$fb_lpc922.c$683$1$1              fb_lpc922
     0C:   0000170F  A$fb_lpc922$3008                   fb_lpc922
     0C:   0000170F  C$fb_lpc922.c$684$1$1              fb_lpc922
     0C:   00001712  A$fb_lpc922$3011                   fb_lpc922
     0C:   00001712  C$fb_lpc922.c$685$1$1              fb_lpc922
     0C:   00001715  A$fb_lpc922$3014                   fb_lpc922
     0C:   00001715  C$fb_lpc922.c$686$1$1              fb_lpc922
     0C:   00001718  A$fb_lpc922$3017                   fb_lpc922
     0C:   00001718  C$fb_lpc922.c$687$1$1              fb_lpc922
     0C:   0000171B  A$fb_lpc922$3020                   fb_lpc922
     0C:   0000171B  C$fb_lpc922.c$688$1$1              fb_lpc922
     0C:   0000171E  A$fb_lpc922$3023                   fb_lpc922
     0C:   0000171E  C$fb_lpc922.c$689$1$1              fb_lpc922
     0C:   00001720  A$fb_lpc922$3026                   fb_lpc922
     0C:   00001720  C$fb_lpc922.c$690$1$1              fb_lpc922
     0C:   00001720  XG$set_pa$0$0                      fb_lpc922
     0C:   00001721  A$fb_lpc922$3039                   fb_lpc922
     0C:   00001721  C$fb_lpc922.c$695$1$1              fb_lpc922
     0C:   00001721  G$read_objflags$0$0                fb_lpc922
     0C:   00001721  _read_objflags                     fb_lpc922
     0C:   00001723  A$fb_lpc922$3042                   fb_lpc922
     0C:   00001723  C$fb_lpc922.c$698$1$1              fb_lpc922
     0C:   00001726  A$fb_lpc922$3043                   fb_lpc922
     0C:   00001727  A$fb_lpc922$3044                   fb_lpc922
     0C:   00001728  A$fb_lpc922$3045                   fb_lpc922
     0C:   00001729  A$fb_lpc922$3046                   fb_lpc922
ASxxxx Linker V02.00 + NoICE + sdld,  page 100.
Hexadecimal  [32-Bits]

Area                                    Addr        Size        Decimal Bytes (Attributes)
--------------------------------        ----        ----        ------- ----- ------------
CSEG                                0000007F    0000170B =        5899. bytes (REL,CON,CODE)

      Value  Global                              Global Defined In Module
      -----  --------------------------------   ------------------------
     0C:   0000172A  A$fb_lpc922$3047                   fb_lpc922
     0C:   0000172B  A$fb_lpc922$3048                   fb_lpc922
     0C:   0000172C  A$fb_lpc922$3049                   fb_lpc922
     0C:   0000172D  A$fb_lpc922$3050                   fb_lpc922
     0C:   0000172E  A$fb_lpc922$3051                   fb_lpc922
     0C:   0000172F  A$fb_lpc922$3052                   fb_lpc922
     0C:   00001730  A$fb_lpc922$3053                   fb_lpc922
     0C:   00001733  A$fb_lpc922$3054                   fb_lpc922
     0C:   00001734  A$fb_lpc922$3057                   fb_lpc922
     0C:   00001734  C$fb_lpc922.c$699$1$1              fb_lpc922
     0C:   00001734  XG$read_objflags$0$0               fb_lpc922
     0C:   00001736  A$fb_lpc922$3058                   fb_lpc922
     0C:   00001737  A$fb_lpc922$3071                   fb_lpc922
     0C:   00001737  C$fb_lpc922.c$737$1$1              fb_lpc922
     0C:   00001737  C$fb_lpc922.c$739$1$1              fb_lpc922
     0C:   00001737  G$restart_hw$0$0                   fb_lpc922
     0C:   00001737  _restart_hw                        fb_lpc922
     0C:   0000173A  A$fb_lpc922$3074                   fb_lpc922
     0C:   0000173A  C$fb_lpc922.c$741$1$1              fb_lpc922
     0C:   0000173D  A$fb_lpc922$3077                   fb_lpc922
     0C:   0000173D  C$fb_lpc922.c$742$1$1              fb_lpc922
     0C:   00001740  A$fb_lpc922$3080                   fb_lpc922
     0C:   00001740  C$fb_lpc922.c$746$1$1              fb_lpc922
     0C:   00001742  A$fb_lpc922$3083                   fb_lpc922
     0C:   00001742  C$fb_lpc922.c$748$1$1              fb_lpc922
     0C:   00001745  A$fb_lpc922$3086                   fb_lpc922
     0C:   00001745  C$fb_lpc922.c$749$1$1              fb_lpc922
     0C:   00001748  A$fb_lpc922$3089                   fb_lpc922
     0C:   00001748  C$fb_lpc922.c$750$1$1              fb_lpc922
     0C:   0000174A  A$fb_lpc922$3092                   fb_lpc922
     0C:   0000174A  C$fb_lpc922.c$751$1$1              fb_lpc922
     0C:   0000174C  A$fb_lpc922$3095                   fb_lpc922
     0C:   0000174C  C$fb_lpc922.c$752$1$1              fb_lpc922
     0C:   0000174F  A$fb_lpc922$3098                   fb_lpc922
     0C:   0000174F  C$fb_lpc922.c$753$1$1              fb_lpc922
     0C:   00001752  A$fb_lpc922$3101                   fb_lpc922
     0C:   00001752  C$fb_lpc922.c$754$1$1              fb_lpc922
     0C:   00001754  A$fb_lpc922$3104                   fb_lpc922
     0C:   00001754  C$fb_lpc922.c$761$1$1              fb_lpc922
     0C:   00001756  A$fb_lpc922$3107                   fb_lpc922
     0C:   00001756  C$fb_lpc922.c$762$1$1              fb_lpc922
     0C:   00001759  A$fb_lpc922$3110                   fb_lpc922
     0C:   00001759  C$fb_lpc922.c$763$1$1              fb_lpc922
     0C:   0000175C  A$fb_lpc922$3113                   fb_lpc922
     0C:   0000175C  C$fb_lpc922.c$770$1$1              fb_lpc922
     0C:   0000175F  A$fb_lpc922$3116                   fb_lpc922
     0C:   0000175F  C$fb_lpc922.c$771$1$1              fb_lpc922
     0C:   00001762  A$fb_lpc922$3119                   fb_lpc922
     0C:   00001762  C$fb_lpc922.c$772$1$1              fb_lpc922
     0C:   00001764  A$fb_lpc922$3122                   fb_lpc922
     0C:   00001764  C$fb_lpc922.c$774$1$1              fb_lpc922
ASxxxx Linker V02.00 + NoICE + sdld,  page 101.
Hexadecimal  [32-Bits]

Area                                    Addr        Size        Decimal Bytes (Attributes)
--------------------------------        ----        ----        ------- ----- ------------
CSEG                                0000007F    0000170B =        5899. bytes (REL,CON,CODE)

      Value  Global                              Global Defined In Module
      -----  --------------------------------   ------------------------
     0C:   00001767  A$fb_lpc922$3125                   fb_lpc922
     0C:   00001767  C$fb_lpc922.c$776$1$1              fb_lpc922
     0C:   00001769  A$fb_lpc922$3128                   fb_lpc922
     0C:   00001769  C$fb_lpc922.c$777$1$1              fb_lpc922
     0C:   0000176B  A$fb_lpc922$3131                   fb_lpc922
     0C:   0000176B  C$fb_lpc922.c$778$1$1              fb_lpc922
     0C:   0000176D  A$fb_lpc922$3134                   fb_lpc922
     0C:   0000176D  C$fb_lpc922.c$779$1$1              fb_lpc922
     0C:   0000176F  A$fb_lpc922$3137                   fb_lpc922
     0C:   0000176F  C$fb_lpc922.c$780$1$1              fb_lpc922
     0C:   00001771  A$fb_lpc922$3140                   fb_lpc922
     0C:   00001771  C$fb_lpc922.c$781$1$1              fb_lpc922
     0C:   00001773  A$fb_lpc922$3143                   fb_lpc922
     0C:   00001773  C$fb_lpc922.c$782$1$1              fb_lpc922
     0C:   00001776  A$fb_lpc922$3146                   fb_lpc922
     0C:   00001776  C$fb_lpc922.c$783$1$1              fb_lpc922
     0C:   00001779  A$fb_lpc922$3149                   fb_lpc922
     0C:   00001779  C$fb_lpc922.c$784$1$1              fb_lpc922
     0C:   0000177C  A$fb_lpc922$3152                   fb_lpc922
     0C:   0000177C  C$fb_lpc922.c$785$1$1              fb_lpc922
     0C:   0000177E  A$fb_lpc922$3155                   fb_lpc922
     0C:   0000177E  C$fb_lpc922.c$786$1$1              fb_lpc922
     0C:   00001780  A$fb_lpc922$3158                   fb_lpc922
     0C:   00001780  C$fb_lpc922.c$787$1$1              fb_lpc922
     0C:   00001782  A$fb_lpc922$3161                   fb_lpc922
     0C:   00001782  C$fb_lpc922.c$788$1$1              fb_lpc922
     0C:   00001785  A$fb_lpc922$3164                   fb_lpc922
     0C:   00001785  C$fb_lpc922.c$789$1$1              fb_lpc922
     0C:   00001785  XG$restart_hw$0$0                  fb_lpc922
     0C:   00001786  __sdcc_external_startup            _startup

ASxxxx Linker V02.00 + NoICE + sdld,  page 102.
Hexadecimal  [32-Bits]

Area                                    Addr        Size        Decimal Bytes (Attributes)
--------------------------------        ----        ----        ------- ----- ------------
CONST                               0000178A    0000001C =          28. bytes (REL,CON,CODE)

      Value  Global                              Global Defined In Module
      -----  --------------------------------   ------------------------
     0C:   0000178A  G$timerflagmask$0$0                fb_app_rollo11
     0C:   0000178A  _timerflagmask                     fb_app_rollo11
     0C:   00001796  G$svfaktorarray$0$0                fb_app_rollo11
     0C:   00001796  _svfaktorarray                     fb_app_rollo11

ASxxxx Linker V02.00 + NoICE + sdld,  page 103.

Files Linked                              [ module(s) ]

fb_rollo11.rel                            [  ]
fb_app_rollo11.rel                        [  ]


Libraries Linked                          [ object file ]

C:\Freebus\C_Programme\oldisprogramm\lib_lpc922\Releases/fb_lpc922_1.4x.lib
                                          [ fb_lpc922 ]
C:\Programme\SDCC\bin\..\lib\small-stack-auto/mcs51.lib
                                          [ crtclear.rel ]
C:\Programme\SDCC\bin\..\lib\small-stack-auto/mcs51.lib
                                          [ crtxinit.rel ]
C:\Programme\SDCC\bin\..\lib\small-stack-auto/mcs51.lib
                                          [ crtxclear.rel ]
C:\Programme\SDCC\bin\..\lib\small-stack-auto/libsdcc.lib
                                          [ _bp.rel ]
C:\Programme\SDCC\bin\..\lib\small-stack-auto/mcs51.lib
                                          [ crtpagesfr.rel ]
C:\Programme\SDCC\bin\..\lib\small-stack-auto/mcs51.lib
                                          [ crtstart.rel ]
C:\Programme\SDCC\bin\..\lib\small-stack-auto/libsdcc.lib
                                          [ _startup.rel ]

ASxxxx Linker V02.00 + NoICE + sdld,  page 104.

User Base Address Definitions

HOME = 0x0000
ISEG = 0x0000
BSEG = 0x0000

