ASxxxx Linker V02.00 + NoICE + sdld,  page 1.
Hexadecimal  [32-Bits]

Area                                    Addr        Size        Decimal Bytes (Attributes)
--------------------------------        ----        ----        ------- ----- ------------
CABS                                00000000    00000000 =           0. bytes (ABS,CON,CODE)

      Value  Global                              Global Defined In Module
      -----  --------------------------------   ------------------------
     0C:   00000000  l_CABS                          
     0C:   00000000  l_GSINIT1                       
     0C:   00000000  l_GSINIT5                       
     0C:   00000000  l_IABS                          
     0C:   00000000  l_ISEG                          
     0C:   00000000  l_OSEG                          
     0C:   00000000  l_PSEG                          
     0C:   00000000  l_REG_BANK_1                    
     0C:   00000000  l_REG_BANK_2                    
     0C:   00000000  l_REG_BANK_3                    
     0C:   00000000  l_RSEG                          
     0C:   00000000  l_RSEG0                         
     0C:   00000000  l_RSEG1                         
     0C:   00000000  l_XABS                          
     0C:   00000000  l_XINIT                         
     0C:   00000000  l_XISEG                         
     0C:   00000000  l_XSEG                          
     0C:   00000000  l__CODE                         
     0C:   00000000  s_BSEG                          
     0C:   00000000  s_CABS                          
     0C:   00000000  s_DSEG                          
     0C:   00000000  s_HOME                          
     0C:   00000000  s_IABS                          
     0C:   00000000  s_ISEG                          
     0C:   00000000  s_PSEG                          
     0C:   00000000  s_REG_BANK_0                    
     0C:   00000000  s_RSEG                          
     0C:   00000000  s_RSEG0                         
     0C:   00000000  s_RSEG1                         
     0C:   00000000  s_XABS                          
     0C:   00000000  s_XISEG                         
     0C:   00000000  s_XSEG                          
     0C:   00000001  l_BIT_BANK                      
     0C:   00000003  l_BSEG_BYTES                    
     0C:   00000003  l_GSFINAL                       
     0C:   00000003  l_GSINIT0                       
     0C:   00000006  l_GSINIT                        
     0C:   00000008  l_REG_BANK_0                    
     0C:   00000008  s_REG_BANK_1                    
     0C:   0000000A  l_GSINIT2                       
     0C:   00000010  s_REG_BANK_2                    
     0C:   00000015  l_BSEG                          
     0C:   00000018  l_CONST                         
     0C:   00000018  s_REG_BANK_3                    
     0C:   00000020  s_BSEG_BYTES                    
     0C:   00000020  s_OSEG                          
     0C:   00000020  s__CODE                         
     0C:   00000022  l_GSINIT3                       
     0C:   00000023  s_BIT_BANK                      
     0C:   0000002A  l_GSINIT4                       
ASxxxx Linker V02.00 + NoICE + sdld,  page 2.
Hexadecimal  [32-Bits]

Area                                    Addr        Size        Decimal Bytes (Attributes)
--------------------------------        ----        ----        ------- ----- ------------
CABS                                00000000    00000000 =           0. bytes (ABS,CON,CODE)

      Value  Global                              Global Defined In Module
      -----  --------------------------------   ------------------------
     0C:   00000043  l_HOME                          
     0C:   00000043  s_GSINIT0                       
     0C:   00000046  s_GSINIT1                       
     0C:   00000046  s_GSINIT2                       
     0C:   00000050  s_GSINIT3                       
     0C:   00000068  l_DSEG                          
     0C:   0000006E  s_SSEG                          
     0C:   00000072  s_GSINIT4                       
     0C:   00000092  l_SSEG                          
     0C:   0000009C  s_GSINIT                        
     0C:   0000009C  s_GSINIT5                       
     0C:   000000A2  s_GSFINAL                       
     0C:   000000A5  s_CSEG                          
     0C:   00000100  l_IRAM                          
     0C:   00001BC5  l_CSEG                          
     0C:   00001C6A  s_CONST                         
     0C:   00001C82  s_XINIT                         

ASxxxx Linker V02.00 + NoICE + sdld,  page 3.
Hexadecimal  [32-Bits]

Area                                    Addr        Size        Decimal Bytes (Attributes)
--------------------------------        ----        ----        ------- ----- ------------
.	.ABS.                             00000000    00000000 =           0. bytes (ABS,CON)

      Value  Global                              Global Defined In Module
      -----  --------------------------------   ------------------------
           00000000  .__.ABS.                           _startup
           00000000  G$RAM$0$0                          fb_counter
           00000000  _RAM                               fb_counter
           00000008  G$counter_summe$0$0                fb_app_counter
           00000008  _counter_summe                     fb_app_counter
           00000018  G$counter_moment$0$0               fb_app_counter
           00000018  _counter_moment                    fb_app_counter
           00000080  G$P0$0$0                           fb_lpc922
           00000080  G$P0_0$0$0                         fb_lpc922
           00000080  _P0                                fb_lpc922
           00000080  _P0_0                              fb_lpc922
           00000081  G$P0_1$0$0                         fb_lpc922
           00000081  G$SP$0$0                           fb_lpc922
           00000081  _P0_1                              fb_lpc922
           00000081  _SP                                fb_lpc922
           00000082  G$DPL$0$0                          fb_lpc922
           00000082  G$P0_2$0$0                         fb_lpc922
           00000082  _DPL                               fb_lpc922
           00000082  _P0_2                              fb_lpc922
           00000083  G$DPH$0$0                          fb_lpc922
           00000083  G$P0_3$0$0                         fb_lpc922
           00000083  _DPH                               fb_lpc922
           00000083  _P0_3                              fb_lpc922
           00000084  G$P0M1$0$0                         fb_lpc922
           00000084  G$P0_4$0$0                         fb_lpc922
           00000084  _P0M1                              fb_lpc922
           00000084  _P0_4                              fb_lpc922
           00000085  G$P0M2$0$0                         fb_lpc922
           00000085  G$P0_5$0$0                         fb_lpc922
           00000085  _P0M2                              fb_lpc922
           00000085  _P0_5                              fb_lpc922
           00000086  G$KBMASK$0$0                       fb_lpc922
           00000086  G$P0_6$0$0                         fb_lpc922
           00000086  _KBMASK                            fb_lpc922
           00000086  _P0_6                              fb_lpc922
           00000087  G$P0_7$0$0                         fb_lpc922
           00000087  G$PCON$0$0                         fb_lpc922
           00000087  _P0_7                              fb_lpc922
           00000087  _PCON                              fb_lpc922
           00000088  G$TCON$0$0                         fb_lpc922
           00000088  G$TCON_0$0$0                       fb_lpc922
           00000088  _TCON                              fb_lpc922
           00000088  _TCON_0                            fb_lpc922
           00000089  G$TCON_1$0$0                       fb_lpc922
           00000089  G$TMOD$0$0                         fb_lpc922
           00000089  _TCON_1                            fb_lpc922
           00000089  _TMOD                              fb_lpc922
           0000008A  G$TCON_2$0$0                       fb_lpc922
           0000008A  G$TL0$0$0                          fb_lpc922
           0000008A  _TCON_2                            fb_lpc922
ASxxxx Linker V02.00 + NoICE + sdld,  page 4.
Hexadecimal  [32-Bits]

Area                                    Addr        Size        Decimal Bytes (Attributes)
--------------------------------        ----        ----        ------- ----- ------------
.	.ABS.                             00000000    00000000 =           0. bytes (ABS,CON)

      Value  Global                              Global Defined In Module
      -----  --------------------------------   ------------------------
           0000008A  _TL0                               fb_lpc922
           0000008B  G$TCON_3$0$0                       fb_lpc922
           0000008B  G$TL1$0$0                          fb_lpc922
           0000008B  _TCON_3                            fb_lpc922
           0000008B  _TL1                               fb_lpc922
           0000008C  G$TCON_4$0$0                       fb_lpc922
           0000008C  G$TH0$0$0                          fb_lpc922
           0000008C  _TCON_4                            fb_lpc922
           0000008C  _TH0                               fb_lpc922
           0000008D  G$TCON_5$0$0                       fb_lpc922
           0000008D  G$TH1$0$0                          fb_lpc922
           0000008D  _TCON_5                            fb_lpc922
           0000008D  _TH1                               fb_lpc922
           0000008E  G$TCON_6$0$0                       fb_lpc922
           0000008E  _TCON_6                            fb_lpc922
           0000008F  G$TAMOD$0$0                        fb_lpc922
           0000008F  G$TCON_7$0$0                       fb_lpc922
           0000008F  _TAMOD                             fb_lpc922
           0000008F  _TCON_7                            fb_lpc922
           00000090  G$P1$0$0                           fb_lpc922
           00000090  G$P1_0$0$0                         fb_lpc922
           00000090  _P1                                fb_lpc922
           00000090  _P1_0                              fb_lpc922
           00000091  G$P1M1$0$0                         fb_lpc922
           00000091  G$P1_1$0$0                         fb_lpc922
           00000091  _P1M1                              fb_lpc922
           00000091  _P1_1                              fb_lpc922
           00000092  G$P1M2$0$0                         fb_lpc922
           00000092  G$P1_2$0$0                         fb_lpc922
           00000092  _P1M2                              fb_lpc922
           00000092  _P1_2                              fb_lpc922
           00000093  G$KBPATN$0$0                       fb_lpc922
           00000093  G$P1_3$0$0                         fb_lpc922
           00000093  _KBPATN                            fb_lpc922
           00000093  _P1_3                              fb_lpc922
           00000094  G$KBCON$0$0                        fb_lpc922
           00000094  G$P1_4$0$0                         fb_lpc922
           00000094  _KBCON                             fb_lpc922
           00000094  _P1_4                              fb_lpc922
           00000095  G$DIVM$0$0                         fb_lpc922
           00000095  G$P1_5$0$0                         fb_lpc922
           00000095  _DIVM                              fb_lpc922
           00000095  _P1_5                              fb_lpc922
           00000096  G$P1_6$0$0                         fb_lpc922
           00000096  G$TRIM$0$0                         fb_lpc922
           00000096  _P1_6                              fb_lpc922
           00000096  _TRIM                              fb_lpc922
           00000097  G$P1_7$0$0                         fb_lpc922
           00000097  _P1_7                              fb_lpc922
           00000098  G$SCON$0$0                         fb_lpc922
           00000098  G$SCON_0$0$0                       fb_lpc922
ASxxxx Linker V02.00 + NoICE + sdld,  page 5.
Hexadecimal  [32-Bits]

Area                                    Addr        Size        Decimal Bytes (Attributes)
--------------------------------        ----        ----        ------- ----- ------------
.	.ABS.                             00000000    00000000 =           0. bytes (ABS,CON)

      Value  Global                              Global Defined In Module
      -----  --------------------------------   ------------------------
           00000098  _SCON                              fb_lpc922
           00000098  _SCON_0                            fb_lpc922
           00000099  G$SBUF$0$0                         fb_lpc922
           00000099  G$SCON_1$0$0                       fb_lpc922
           00000099  _SBUF                              fb_lpc922
           00000099  _SCON_1                            fb_lpc922
           0000009A  G$SCON_2$0$0                       fb_lpc922
           0000009A  _SCON_2                            fb_lpc922
           0000009B  G$SCON_3$0$0                       fb_lpc922
           0000009B  _SCON_3                            fb_lpc922
           0000009C  G$SCON_4$0$0                       fb_lpc922
           0000009C  _SCON_4                            fb_lpc922
           0000009D  G$SCON_5$0$0                       fb_lpc922
           0000009D  _SCON_5                            fb_lpc922
           0000009E  G$SCON_6$0$0                       fb_lpc922
           0000009E  _SCON_6                            fb_lpc922
           0000009F  G$SCON_7$0$0                       fb_lpc922
           0000009F  _SCON_7                            fb_lpc922
           000000A0  __XPAGE                            
           000000A2  G$AUXR1$0$0                        fb_lpc922
           000000A2  _AUXR1                             fb_lpc922
           000000A7  G$WDCON$0$0                        fb_lpc922
           000000A7  _WDCON                             fb_lpc922
           000000A8  G$IEN0$0$0                         fb_lpc922
           000000A8  G$IEN0_0$0$0                       fb_lpc922
           000000A8  _IEN0                              fb_lpc922
           000000A8  _IEN0_0                            fb_lpc922
           000000A9  G$IEN0_1$0$0                       fb_lpc922
           000000A9  G$SADDR$0$0                        fb_lpc922
           000000A9  _IEN0_1                            fb_lpc922
           000000A9  _SADDR                             fb_lpc922
           000000AA  G$IEN0_2$0$0                       fb_lpc922
           000000AA  _IEN0_2                            fb_lpc922
           000000AB  G$IEN0_3$0$0                       fb_lpc922
           000000AB  _IEN0_3                            fb_lpc922
           000000AC  G$CMP1$0$0                         fb_lpc922
           000000AC  G$IEN0_4$0$0                       fb_lpc922
           000000AC  _CMP1                              fb_lpc922
           000000AC  _IEN0_4                            fb_lpc922
           000000AD  G$CMP2$0$0                         fb_lpc922
           000000AD  G$IEN0_5$0$0                       fb_lpc922
           000000AD  _CMP2                              fb_lpc922
           000000AD  _IEN0_5                            fb_lpc922
           000000AE  G$IEN0_6$0$0                       fb_lpc922
           000000AE  _IEN0_6                            fb_lpc922
           000000AF  G$IEN0_7$0$0                       fb_lpc922
           000000AF  _IEN0_7                            fb_lpc922
           000000B0  G$P3$0$0                           fb_lpc922
           000000B0  G$P3_0$0$0                         fb_lpc922
           000000B0  _P3                                fb_lpc922
           000000B0  _P3_0                              fb_lpc922
ASxxxx Linker V02.00 + NoICE + sdld,  page 6.
Hexadecimal  [32-Bits]

Area                                    Addr        Size        Decimal Bytes (Attributes)
--------------------------------        ----        ----        ------- ----- ------------
.	.ABS.                             00000000    00000000 =           0. bytes (ABS,CON)

      Value  Global                              Global Defined In Module
      -----  --------------------------------   ------------------------
           000000B1  G$P3M1$0$0                         fb_lpc922
           000000B1  G$P3_1$0$0                         fb_lpc922
           000000B1  _P3M1                              fb_lpc922
           000000B1  _P3_1                              fb_lpc922
           000000B2  G$P3M2$0$0                         fb_lpc922
           000000B2  _P3M2                              fb_lpc922
           000000B5  G$PCONA$0$0                        fb_lpc922
           000000B5  _PCONA                             fb_lpc922
           000000B7  G$IP0H$0$0                         fb_lpc922
           000000B7  _IP0H                              fb_lpc922
           000000B8  G$IP0$0$0                          fb_lpc922
           000000B8  G$IP0_0$0$0                        fb_lpc922
           000000B8  _IP0                               fb_lpc922
           000000B8  _IP0_0                             fb_lpc922
           000000B9  G$IP0_1$0$0                        fb_lpc922
           000000B9  G$SADEN$0$0                        fb_lpc922
           000000B9  _IP0_1                             fb_lpc922
           000000B9  _SADEN                             fb_lpc922
           000000BA  G$IP0_2$0$0                        fb_lpc922
           000000BA  G$SSTAT$0$0                        fb_lpc922
           000000BA  _IP0_2                             fb_lpc922
           000000BA  _SSTAT                             fb_lpc922
           000000BB  G$IP0_3$0$0                        fb_lpc922
           000000BB  _IP0_3                             fb_lpc922
           000000BC  G$IP0_4$0$0                        fb_lpc922
           000000BC  _IP0_4                             fb_lpc922
           000000BD  G$BRGCON$0$0                       fb_lpc922
           000000BD  G$IP0_5$0$0                        fb_lpc922
           000000BD  _BRGCON                            fb_lpc922
           000000BD  _IP0_5                             fb_lpc922
           000000BE  G$BRGR0$0$0                        fb_lpc922
           000000BE  G$IP0_6$0$0                        fb_lpc922
           000000BE  _BRGR0                             fb_lpc922
           000000BE  _IP0_6                             fb_lpc922
           000000BF  G$BRGR1$0$0                        fb_lpc922
           000000BF  _BRGR1                             fb_lpc922
           000000C1  G$WDL$0$0                          fb_lpc922
           000000C1  _WDL                               fb_lpc922
           000000C2  G$WFEED1$0$0                       fb_lpc922
           000000C2  _WFEED1                            fb_lpc922
           000000C3  G$WFEED2$0$0                       fb_lpc922
           000000C3  _WFEED2                            fb_lpc922
           000000D0  G$PSW$0$0                          fb_lpc922
           000000D0  G$PSW_0$0$0                        fb_lpc922
           000000D0  _PSW                               fb_lpc922
           000000D0  _PSW_0                             fb_lpc922
           000000D1  G$PSW_1$0$0                        fb_lpc922
           000000D1  G$RTCCON$0$0                       fb_lpc922
           000000D1  _PSW_1                             fb_lpc922
           000000D1  _RTCCON                            fb_lpc922
           000000D2  G$PSW_2$0$0                        fb_lpc922
ASxxxx Linker V02.00 + NoICE + sdld,  page 7.
Hexadecimal  [32-Bits]

Area                                    Addr        Size        Decimal Bytes (Attributes)
--------------------------------        ----        ----        ------- ----- ------------
.	.ABS.                             00000000    00000000 =           0. bytes (ABS,CON)

      Value  Global                              Global Defined In Module
      -----  --------------------------------   ------------------------
           000000D2  G$RTCH$0$0                         fb_lpc922
           000000D2  _PSW_2                             fb_lpc922
           000000D2  _RTCH                              fb_lpc922
           000000D3  G$PSW_3$0$0                        fb_lpc922
           000000D3  G$RTCL$0$0                         fb_lpc922
           000000D3  _PSW_3                             fb_lpc922
           000000D3  _RTCL                              fb_lpc922
           000000D4  G$PSW_4$0$0                        fb_lpc922
           000000D4  _PSW_4                             fb_lpc922
           000000D5  G$PSW_5$0$0                        fb_lpc922
           000000D5  _PSW_5                             fb_lpc922
           000000D6  G$PSW_6$0$0                        fb_lpc922
           000000D6  _PSW_6                             fb_lpc922
           000000D7  G$PSW_7$0$0                        fb_lpc922
           000000D7  _PSW_7                             fb_lpc922
           000000D8  G$I2CON$0$0                        fb_lpc922
           000000D8  G$I2CON_0$0$0                      fb_lpc922
           000000D8  _I2CON                             fb_lpc922
           000000D8  _I2CON_0                           fb_lpc922
           000000D9  G$I2STAT$0$0                       fb_lpc922
           000000D9  _I2STAT                            fb_lpc922
           000000DA  G$I2CON_2$0$0                      fb_lpc922
           000000DA  G$I2DAT$0$0                        fb_lpc922
           000000DA  _I2CON_2                           fb_lpc922
           000000DA  _I2DAT                             fb_lpc922
           000000DB  G$I2ADR$0$0                        fb_lpc922
           000000DB  G$I2CON_3$0$0                      fb_lpc922
           000000DB  _I2ADR                             fb_lpc922
           000000DB  _I2CON_3                           fb_lpc922
           000000DC  G$I2CON_4$0$0                      fb_lpc922
           000000DC  G$I2SCLL$0$0                       fb_lpc922
           000000DC  _I2CON_4                           fb_lpc922
           000000DC  _I2SCLL                            fb_lpc922
           000000DD  G$I2CON_5$0$0                      fb_lpc922
           000000DD  G$I2SCLH$0$0                       fb_lpc922
           000000DD  _I2CON_5                           fb_lpc922
           000000DD  _I2SCLH                            fb_lpc922
           000000DE  G$I2CON_6$0$0                      fb_lpc922
           000000DE  _I2CON_6                           fb_lpc922
           000000DF  G$RSTSRC$0$0                       fb_lpc922
           000000DF  _RSTSRC                            fb_lpc922
           000000E0  G$ACC$0$0                          fb_lpc922
           000000E0  _ACC                               fb_lpc922
           000000E4  G$FMCON$0$0                        fb_lpc922
           000000E4  _FMCON                             fb_lpc922
           000000E5  G$FMDATA$0$0                       fb_lpc922
           000000E5  _FMDATA                            fb_lpc922
           000000E6  G$FMADRL$0$0                       fb_lpc922
           000000E6  _FMADRL                            fb_lpc922
           000000E7  G$FMADRH$0$0                       fb_lpc922
           000000E7  _FMADRH                            fb_lpc922
ASxxxx Linker V02.00 + NoICE + sdld,  page 8.
Hexadecimal  [32-Bits]

Area                                    Addr        Size        Decimal Bytes (Attributes)
--------------------------------        ----        ----        ------- ----- ------------
.	.ABS.                             00000000    00000000 =           0. bytes (ABS,CON)

      Value  Global                              Global Defined In Module
      -----  --------------------------------   ------------------------
           000000E8  G$IEN1$0$0                         fb_lpc922
           000000E8  G$IEN1_0$0$0                       fb_lpc922
           000000E8  _IEN1                              fb_lpc922
           000000E8  _IEN1_0                            fb_lpc922
           000000E9  G$IEN1_1$0$0                       fb_lpc922
           000000E9  _IEN1_1                            fb_lpc922
           000000EA  G$IEN1_2$0$0                       fb_lpc922
           000000EA  _IEN1_2                            fb_lpc922
           000000F0  G$B$0$0                            fb_lpc922
           000000F0  _B                                 fb_lpc922
           000000F6  G$PT0AD$0$0                        fb_lpc922
           000000F6  _PT0AD                             fb_lpc922
           000000F7  G$IP1H$0$0                         fb_lpc922
           000000F7  _IP1H                              fb_lpc922
           000000F8  G$IP1$0$0                          fb_lpc922
           000000F8  G$IP1_0$0$0                        fb_lpc922
           000000F8  _IP1                               fb_lpc922
           000000F8  _IP1_0                             fb_lpc922
           000000F9  G$IP1_1$0$0                        fb_lpc922
           000000F9  _IP1_1                             fb_lpc922
           000000FA  G$IP1_2$0$0                        fb_lpc922
           000000FA  _IP1_2                             fb_lpc922
           000000FE  G$IP1_6$0$0                        fb_lpc922
           000000FE  _IP1_6                             fb_lpc922
           000001CE  G$space$0$0                        fb_counter
           000001CE  _space                             fb_counter
           00001C00  G$userram$0$0                      fb_lpc922
           00001C00  _userram                           fb_lpc922
           00001CFF  Lfb_counter.main$trimsave$1$1      fb_counter
           00001D00  G$eeprom$0$0                       fb_lpc922
           00001D00  _eeprom                            fb_lpc922
ASxxxx Linker V02.00 + NoICE + sdld,  page 9.
Hexadecimal  [32-Bits]

Area                                    Addr        Size        Decimal Bytes (Attributes)
--------------------------------        ----        ----        ------- ----- ------------
BSEG_BYTES                          00000020    00000003 =           3. bytes (REL,CON)

      Value  Global                              Global Defined In Module
      -----  --------------------------------   ------------------------
ASxxxx Linker V02.00 + NoICE + sdld,  page 10.
Hexadecimal  [32-Bits]

Area                                    Addr        Size        Decimal Bytes (Attributes)
--------------------------------        ----        ----        ------- ----- ------------
REG_BANK_0                          00000000    00000008 =           8. bytes (REL,OVR)

      Value  Global                              Global Defined In Module
      -----  --------------------------------   ------------------------
ASxxxx Linker V02.00 + NoICE + sdld,  page 11.
Hexadecimal  [32-Bits]

Area                                    Addr        Size        Decimal Bytes (Attributes)
--------------------------------        ----        ----        ------- ----- ------------
BSEG                                00000000    00000015 =          21. bytes (REL,CON,BIT)

      Value  Global                              Global Defined In Module
      -----  --------------------------------   ------------------------
     0B:   00000000  G$objval$0$0                       fb_app_counter
     0B:   00000000  _objval                            fb_app_counter
     0B:   00000001  G$jobj$0$0                         fb_app_counter
     0B:   00000001  _jobj                              fb_app_counter
     0B:   00000002  G$st_Flanke$0$0                    fb_app_counter
     0B:   00000002  _st_Flanke                         fb_app_counter
     0B:   00000003  G$counted0$0$0                     fb_app_counter
     0B:   00000003  _counted0                          fb_app_counter
     0B:   00000004  G$counted1$0$0                     fb_app_counter
     0B:   00000004  _counted1                          fb_app_counter
     0B:   00000005  G$parity_ok$0$0                    fb_lpc922
     0B:   00000005  _parity_ok                         fb_lpc922
     0B:   00000006  G$interrupted$0$0                  fb_lpc922
     0B:   00000006  _interrupted                       fb_lpc922
     0B:   00000007  G$fb_parity$0$0                    fb_lpc922
     0B:   00000007  _fb_parity                         fb_lpc922
     0B:   00000008  G$ack$0$0                          fb_lpc922
     0B:   00000008  _ack                               fb_lpc922
     0B:   00000009  G$nack$0$0                         fb_lpc922
     0B:   00000009  _nack                              fb_lpc922
     0B:   0000000A  G$its_me$0$0                       fb_lpc922
     0B:   0000000A  _its_me                            fb_lpc922
     0B:   0000000B  G$tel_arrived$0$0                  fb_lpc922
     0B:   0000000B  _tel_arrived                       fb_lpc922
     0B:   0000000C  G$tel_sent$0$0                     fb_lpc922
     0B:   0000000C  _tel_sent                          fb_lpc922
     0B:   0000000D  G$auto_ack$0$0                     fb_lpc922
     0B:   0000000D  _auto_ack                          fb_lpc922
     0B:   0000000E  G$fbtx_bit$0$0                     fb_lpc922
     0B:   0000000E  _fbtx_bit                          fb_lpc922
     0B:   0000000F  G$wait_for_ack$0$0                 fb_lpc922
     0B:   0000000F  _wait_for_ack                      fb_lpc922
     0B:   00000010  G$send_ack$0$0                     fb_lpc922
     0B:   00000010  _send_ack                          fb_lpc922
     0B:   00000011  G$send_nack$0$0                    fb_lpc922
     0B:   00000011  _send_nack                         fb_lpc922
     0B:   00000012  G$transparency$0$0                 fb_lpc922
     0B:   00000012  _transparency                      fb_lpc922
     0B:   00000013  G$connected$0$0                    fb_lpc922
     0B:   00000013  _connected                         fb_lpc922
     0B:   00000014  G$inc_pcount$0$0                   fb_lpc922
     0B:   00000014  _inc_pcount                        fb_lpc922
ASxxxx Linker V02.00 + NoICE + sdld,  page 12.
Hexadecimal  [32-Bits]

Area                                    Addr        Size        Decimal Bytes (Attributes)
--------------------------------        ----        ----        ------- ----- ------------
BIT_BANK                            00000023    00000001 =           1. bytes (REL,OVR)

      Value  Global                              Global Defined In Module
      -----  --------------------------------   ------------------------
ASxxxx Linker V02.00 + NoICE + sdld,  page 13.
Hexadecimal  [32-Bits]

Area                                    Addr        Size        Decimal Bytes (Attributes)
--------------------------------        ----        ----        ------- ----- ------------
DSEG                                00000000    00000068 =         104. bytes (REL,CON)

      Value  Global                              Global Defined In Module
      -----  --------------------------------   ------------------------
           00000024  G$portbuffer$0$0                   fb_app_counter
           00000024  _portbuffer                        fb_app_counter
           00000025  G$p0h$0$0                          fb_app_counter
           00000025  _p0h                               fb_app_counter
           00000026  G$objstate$0$0                     fb_app_counter
           00000026  _objstate                          fb_app_counter
           00000028  G$timer_base$0$0                   fb_app_counter
           00000028  _timer_base                        fb_app_counter
           00000029  G$timer_state$0$0                  fb_app_counter
           00000029  _timer_state                       fb_app_counter
           0000002A  G$timer500$0$0                     fb_app_counter
           0000002A  _timer500                          fb_app_counter
           0000002B  G$timer60$0$0                      fb_app_counter
           0000002B  _timer60                           fb_app_counter
           0000002C  G$timerhour$0$0                    fb_app_counter
           0000002C  _timerhour                         fb_app_counter
           0000002D  G$timerday$0$0                     fb_app_counter
           0000002D  _timerday                          fb_app_counter
           0000002E  G$timerflags$0$0                   fb_app_counter
           0000002E  _timerflags                        fb_app_counter
           0000002F  G$timerbase$0$0                    fb_app_counter
           0000002F  _timerbase                         fb_app_counter
           00000033  G$timercnt$0$0                     fb_app_counter
           00000033  _timercnt                          fb_app_counter
           00000037  G$para_value$0$0                   fb_app_counter
           00000037  _para_value                        fb_app_counter
           00000038  G$bitobj_z1$0$0                    fb_app_counter
           00000038  _bitobj_z1                         fb_app_counter
           0000003A  G$bitobj_z2$0$0                    fb_app_counter
           0000003A  _bitobj_z2                         fb_app_counter
           0000003C  G$precounter0$0$0                  fb_app_counter
           0000003C  _precounter0                       fb_app_counter
           0000003D  G$precounter1$0$0                  fb_app_counter
           0000003D  _precounter1                       fb_app_counter
           0000003E  G$conh$0$0                         fb_lpc922
           0000003E  _conh                              fb_lpc922
           0000003F  G$conl$0$0                         fb_lpc922
           0000003F  _conl                              fb_lpc922
           00000040  G$pcount$0$0                       fb_lpc922
           00000040  _pcount                            fb_lpc922
           00000041  G$mem_length$0$0                   fb_lpc922
           00000041  _mem_length                        fb_lpc922
           00000042  G$mem_adrh$0$0                     fb_lpc922
           00000042  _mem_adrh                          fb_lpc922
           00000043  G$mem_adrl$0$0                     fb_lpc922
           00000043  _mem_adrl                          fb_lpc922
           00000044  G$senders_pcount$0$0               fb_lpc922
           00000044  _senders_pcount                    fb_lpc922
           00000045  G$telegramm$0$0                    fb_lpc922
           00000045  _telegramm                         fb_lpc922
ASxxxx Linker V02.00 + NoICE + sdld,  page 14.
Hexadecimal  [32-Bits]

Area                                    Addr        Size        Decimal Bytes (Attributes)
--------------------------------        ----        ----        ------- ----- ------------
DSEG                                00000000    00000068 =         104. bytes (REL,CON)

      Value  Global                              Global Defined In Module
      -----  --------------------------------   ------------------------
           0000005C  G$tx_buffer$0$0                    fb_lpc922
           0000005C  _tx_buffer                         fb_lpc922
           00000064  G$telpos$0$0                       fb_lpc922
           00000064  _telpos                            fb_lpc922
           00000065  G$cs$0$0                           fb_lpc922
           00000065  _cs                                fb_lpc922
           00000066  G$fbrx_byte$0$0                    fb_lpc922
           00000066  _fbrx_byte                         fb_lpc922
           00000067  G$fb_pattern$0$0                   fb_lpc922
           00000067  _fb_pattern                        fb_lpc922
           00000068  G$fb_state$0$0                     fb_lpc922
           00000068  _fb_state                          fb_lpc922
           00000069  G$repeat_count$0$0                 fb_lpc922
           00000069  _repeat_count                      fb_lpc922
           0000006A  G$tx_nextwrite$0$0                 fb_lpc922
           0000006A  _tx_nextwrite                      fb_lpc922
           0000006B  G$tx_nextsend$0$0                  fb_lpc922
           0000006B  _tx_nextsend                       fb_lpc922
           0000006C  G$status60$0$0                     fb_lpc922
           0000006C  _status60                          fb_lpc922
           0000006D  _bp                                _bp

ASxxxx Linker V02.00 + NoICE + sdld,  page 15.
Hexadecimal  [32-Bits]

Area                                    Addr        Size        Decimal Bytes (Attributes)
--------------------------------        ----        ----        ------- ----- ------------
SSEG                                0000006E    00000092 =         146. bytes (REL,OVR)

      Value  Global                              Global Defined In Module
      -----  --------------------------------   ------------------------
           0000006E  __start__stack                     fb_counter

ASxxxx Linker V02.00 + NoICE + sdld,  page 16.
Hexadecimal  [32-Bits]

Area                                    Addr        Size        Decimal Bytes (Attributes)
--------------------------------        ----        ----        ------- ----- ------------
HOME                                00000000    00000043 =          67. bytes (REL,CON,CODE)

      Value  Global                              Global Defined In Module
      -----  --------------------------------   ------------------------
     0C:   00000000  A$fb_counter$520                   fb_counter
     0C:   00000003  A$fb_counter$521                   fb_counter
     0C:   0000000B  A$fb_counter$523                   fb_counter
     0C:   00000013  A$fb_counter$525                   fb_counter
     0C:   0000001B  A$fb_counter$527                   fb_counter
     0C:   00000023  A$fb_counter$529                   fb_counter
     0C:   0000002B  A$fb_counter$531                   fb_counter
     0C:   00000033  A$fb_counter$533                   fb_counter
     0C:   0000003B  A$fb_counter$535                   fb_counter
     0C:   0000003E  A$fb_counter$557                   fb_counter
     0C:   0000003E  __sdcc_program_startup             fb_counter
     0C:   00000041  A$fb_counter$559                   fb_counter
ASxxxx Linker V02.00 + NoICE + sdld,  page 17.
Hexadecimal  [32-Bits]

Area                                    Addr        Size        Decimal Bytes (Attributes)
--------------------------------        ----        ----        ------- ----- ------------
GSINIT0                             00000043    00000003 =           3. bytes (REL,CON,CODE)

      Value  Global                              Global Defined In Module
      -----  --------------------------------   ------------------------
     0C:   00000043  __sdcc_gsinit_startup              

ASxxxx Linker V02.00 + NoICE + sdld,  page 18.
Hexadecimal  [32-Bits]

Area                                    Addr        Size        Decimal Bytes (Attributes)
--------------------------------        ----        ----        ------- ----- ------------
GSINIT2                             00000046    0000000A =          10. bytes (REL,CON,CODE)

      Value  Global                              Global Defined In Module
      -----  --------------------------------   ------------------------
ASxxxx Linker V02.00 + NoICE + sdld,  page 19.
Hexadecimal  [32-Bits]

Area                                    Addr        Size        Decimal Bytes (Attributes)
--------------------------------        ----        ----        ------- ----- ------------
GSINIT3                             00000050    00000022 =          34. bytes (REL,CON,CODE)

      Value  Global                              Global Defined In Module
      -----  --------------------------------   ------------------------
     0C:   00000050  __mcs51_genXINIT                   

ASxxxx Linker V02.00 + NoICE + sdld,  page 20.
Hexadecimal  [32-Bits]

Area                                    Addr        Size        Decimal Bytes (Attributes)
--------------------------------        ----        ----        ------- ----- ------------
GSINIT4                             00000072    0000002A =          42. bytes (REL,CON,CODE)

      Value  Global                              Global Defined In Module
      -----  --------------------------------   ------------------------
     0C:   00000072  __mcs51_genRAMCLEAR                
     0C:   00000078  __mcs51_genXRAMCLEAR               

ASxxxx Linker V02.00 + NoICE + sdld,  page 21.
Hexadecimal  [32-Bits]

Area                                    Addr        Size        Decimal Bytes (Attributes)
--------------------------------        ----        ----        ------- ----- ------------
GSINIT                              0000009C    00000006 =           6. bytes (REL,CON,CODE)

      Value  Global                              Global Defined In Module
      -----  --------------------------------   ------------------------
     0C:   0000009C  A$fb_app_counter$617               fb_app_counter
     0C:   0000009E  A$fb_app_counter$621               fb_app_counter
     0C:   0000009E  C$fb_app_counter.c$49$1$1          fb_app_counter
     0C:   000000A0  A$fb_app_counter$625               fb_app_counter
     0C:   000000A0  C$fb_app_counter.c$51$1$1          fb_app_counter

ASxxxx Linker V02.00 + NoICE + sdld,  page 22.
Hexadecimal  [32-Bits]

Area                                    Addr        Size        Decimal Bytes (Attributes)
--------------------------------        ----        ----        ------- ----- ------------
GSFINAL                             000000A2    00000003 =           3. bytes (REL,CON,CODE)

      Value  Global                              Global Defined In Module
      -----  --------------------------------   ------------------------
     0C:   000000A2  A$fb_counter$550                   fb_counter

ASxxxx Linker V02.00 + NoICE + sdld,  page 23.
Hexadecimal  [32-Bits]

Area                                    Addr        Size        Decimal Bytes (Attributes)
--------------------------------        ----        ----        ------- ----- ------------
CSEG                                000000A5    00001BC5 =        7109. bytes (REL,CON,CODE)

      Value  Global                              Global Defined In Module
      -----  --------------------------------   ------------------------
     0C:   000000A5  A$fb_counter$591                   fb_counter
     0C:   000000A5  C$fb_counter.c$34$0$0              fb_counter
     0C:   000000A5  G$main$0$0                         fb_counter
     0C:   000000A5  _main                              fb_counter
     0C:   000000A7  A$fb_counter$592                   fb_counter
     0C:   000000AA  A$fb_counter$593                   fb_counter
     0C:   000000AC  A$fb_counter$596                   fb_counter
     0C:   000000AC  C$fb_counter.c$36$1$0              fb_counter
     0C:   000000AE  A$fb_counter$599                   fb_counter
     0C:   000000AE  C$fb_counter.c$47$1$0              fb_counter
     0C:   000000B0  A$fb_counter$602                   fb_counter
     0C:   000000B0  C$fb_counter.c$48$1$1              fb_counter
     0C:   000000B2  A$fb_counter$603                   fb_counter
     0C:   000000B3  A$fb_counter$604                   fb_counter
     0C:   000000B5  A$fb_counter$605                   fb_counter
     0C:   000000B6  A$fb_counter$606                   fb_counter
     0C:   000000B8  A$fb_counter$607                   fb_counter
     0C:   000000BA  A$fb_counter$610                   fb_counter
     0C:   000000BA  C$fb_counter.c$49$1$1              fb_counter
     0C:   000000BC  A$fb_counter$613                   fb_counter
     0C:   000000BC  C$fb_counter.c$50$1$1              fb_counter
     0C:   000000BF  A$fb_counter$614                   fb_counter
     0C:   000000C2  A$fb_counter$615                   fb_counter
     0C:   000000C4  A$fb_counter$616                   fb_counter
     0C:   000000C5  A$fb_counter$617                   fb_counter
     0C:   000000C7  A$fb_counter$618                   fb_counter
     0C:   000000C9  A$fb_counter$622                   fb_counter
     0C:   000000C9  C$fb_counter.c$51$1$1              fb_counter
     0C:   000000CC  A$fb_counter$623                   fb_counter
     0C:   000000CD  A$fb_counter$624                   fb_counter
     0C:   000000CE  A$fb_counter$625                   fb_counter
     0C:   000000CF  A$fb_counter$626                   fb_counter
     0C:   000000D1  A$fb_counter$627                   fb_counter
     0C:   000000D2  A$fb_counter$628                   fb_counter
     0C:   000000D4  A$fb_counter$632                   fb_counter
     0C:   000000D4  C$fb_counter.c$52$1$1              fb_counter
     0C:   000000D7  A$fb_counter$633                   fb_counter
     0C:   000000D8  A$fb_counter$634                   fb_counter
     0C:   000000D9  A$fb_counter$635                   fb_counter
     0C:   000000DB  A$fb_counter$636                   fb_counter
     0C:   000000DC  A$fb_counter$637                   fb_counter
     0C:   000000DD  A$fb_counter$638                   fb_counter
     0C:   000000DF  A$fb_counter$641                   fb_counter
     0C:   000000DF  C$fb_counter.c$53$1$1              fb_counter
     0C:   000000E2  A$fb_counter$644                   fb_counter
     0C:   000000E2  C$fb_counter.c$55$1$1              fb_counter
     0C:   000000E4  A$fb_counter$645                   fb_counter
     0C:   000000E6  A$fb_counter$646                   fb_counter
     0C:   000000E9  A$fb_counter$647                   fb_counter
     0C:   000000EB  A$fb_counter$650                   fb_counter
ASxxxx Linker V02.00 + NoICE + sdld,  page 24.
Hexadecimal  [32-Bits]

Area                                    Addr        Size        Decimal Bytes (Attributes)
--------------------------------        ----        ----        ------- ----- ------------
CSEG                                000000A5    00001BC5 =        7109. bytes (REL,CON,CODE)

      Value  Global                              Global Defined In Module
      -----  --------------------------------   ------------------------
     0C:   000000EB  C$fb_counter.c$58$1$1              fb_counter
     0C:   000000EE  A$fb_counter$653                   fb_counter
     0C:   000000EE  C$fb_counter.c$59$1$1              fb_counter
     0C:   000000F1  A$fb_counter$656                   fb_counter
     0C:   000000F1  C$fb_counter.c$60$1$1              fb_counter
     0C:   000000F4  A$fb_counter$659                   fb_counter
     0C:   000000F4  C$fb_counter.c$61$1$1              fb_counter
     0C:   000000F7  A$fb_counter$662                   fb_counter
     0C:   000000F7  C$fb_counter.c$62$1$1              fb_counter
     0C:   000000FA  A$fb_counter$665                   fb_counter
     0C:   000000FA  C$fb_counter.c$63$1$1              fb_counter
     0C:   000000FD  A$fb_counter$668                   fb_counter
     0C:   000000FD  C$fb_counter.c$64$1$1              fb_counter
     0C:   00000100  A$fb_counter$671                   fb_counter
     0C:   00000100  C$fb_counter.c$65$1$1              fb_counter
     0C:   00000103  A$fb_counter$674                   fb_counter
     0C:   00000103  C$fb_counter.c$66$1$1              fb_counter
     0C:   00000106  A$fb_counter$677                   fb_counter
     0C:   00000106  C$fb_counter.c$67$1$1              fb_counter
     0C:   00000109  A$fb_counter$680                   fb_counter
     0C:   00000109  C$fb_counter.c$73$1$1              fb_counter
     0C:   0000010B  A$fb_counter$681                   fb_counter
     0C:   0000010E  A$fb_counter$682                   fb_counter
     0C:   00000110  A$fb_counter$685                   fb_counter
     0C:   00000110  C$fb_counter.c$74$1$1              fb_counter
     0C:   00000112  A$fb_counter$686                   fb_counter
     0C:   00000115  A$fb_counter$687                   fb_counter
     0C:   00000117  A$fb_counter$688                   fb_counter
     0C:   00000119  A$fb_counter$691                   fb_counter
     0C:   00000119  C$fb_counter.c$77$1$1              fb_counter
     0C:   0000011C  A$fb_counter$694                   fb_counter
     0C:   0000011C  C$fb_counter.c$78$1$1              fb_counter
     0C:   0000011F  A$fb_counter$697                   fb_counter
     0C:   0000011F  C$fb_counter.c$83$1$1              fb_counter
     0C:   00000122  A$fb_counter$700                   fb_counter
     0C:   00000122  C$fb_counter.c$85$1$1              fb_counter
     0C:   00000124  A$fb_counter$702                   fb_counter
     0C:   00000127  A$fb_counter$704                   fb_counter
     0C:   00000129  A$fb_counter$707                   fb_counter
     0C:   00000129  C$fb_counter.c$86$3$3              fb_counter
     0C:   0000012B  A$fb_counter$710                   fb_counter
     0C:   0000012B  C$fb_counter.c$87$3$3              fb_counter
     0C:   0000012E  A$fb_counter$711                   fb_counter
     0C:   0000012F  A$fb_counter$712                   fb_counter
     0C:   00000130  A$fb_counter$713                   fb_counter
     0C:   00000132  A$fb_counter$716                   fb_counter
     0C:   00000132  C$fb_counter.c$88$3$3              fb_counter
     0C:   00000135  A$fb_counter$717                   fb_counter
     0C:   00000136  A$fb_counter$718                   fb_counter
     0C:   00000137  A$fb_counter$719                   fb_counter
     0C:   00000139  A$fb_counter$722                   fb_counter
ASxxxx Linker V02.00 + NoICE + sdld,  page 25.
Hexadecimal  [32-Bits]

Area                                    Addr        Size        Decimal Bytes (Attributes)
--------------------------------        ----        ----        ------- ----- ------------
CSEG                                000000A5    00001BC5 =        7109. bytes (REL,CON,CODE)

      Value  Global                              Global Defined In Module
      -----  --------------------------------   ------------------------
     0C:   00000139  C$fb_counter.c$89$3$3              fb_counter
     0C:   0000013B  A$fb_counter$725                   fb_counter
     0C:   0000013B  C$fb_counter.c$90$3$3              fb_counter
     0C:   0000013D  A$fb_counter$729                   fb_counter
     0C:   0000013D  C$fb_counter.c$91$3$3              fb_counter
     0C:   00000140  A$fb_counter$732                   fb_counter
     0C:   00000140  C$fb_counter.c$85$2$2              fb_counter
     0C:   00000141  A$fb_counter$733                   fb_counter
     0C:   00000143  A$fb_counter$737                   fb_counter
     0C:   00000143  C$fb_counter.c$97$1$1              fb_counter
     0C:   00000146  A$fb_counter$738                   fb_counter
     0C:   00000148  A$fb_counter$739                   fb_counter
     0C:   0000014A  A$fb_counter$740                   fb_counter
     0C:   0000014D  A$fb_counter$741                   fb_counter
     0C:   0000014F  A$fb_counter$742                   fb_counter
     0C:   00000151  A$fb_counter$746                   fb_counter
     0C:   00000151  C$fb_counter.c$99$1$1              fb_counter
     0C:   00000153  A$fb_counter$752                   fb_counter
     0C:   00000153  C$fb_counter.c$100$1$1             fb_counter
     0C:   00000153  C$fb_counter.c$109$2$4             fb_counter
     0C:   00000156  A$fb_counter$753                   fb_counter
     0C:   00000157  A$fb_counter$754                   fb_counter
     0C:   00000158  A$fb_counter$755                   fb_counter
     0C:   00000159  A$fb_counter$756                   fb_counter
     0C:   0000015C  A$fb_counter$757                   fb_counter
     0C:   0000015E  A$fb_counter$759                   fb_counter
     0C:   00000161  A$fb_counter$761                   fb_counter
     0C:   00000164  A$fb_counter$762                   fb_counter
     0C:   00000167  A$fb_counter$764                   fb_counter
     0C:   00000169  A$fb_counter$765                   fb_counter
     0C:   0000016C  A$fb_counter$766                   fb_counter
     0C:   0000016F  A$fb_counter$770                   fb_counter
     0C:   0000016F  C$fb_counter.c$110$3$5             fb_counter
     0C:   00000171  A$fb_counter$773                   fb_counter
     0C:   00000171  C$fb_counter.c$112$3$5             fb_counter
     0C:   00000174  A$fb_counter$776                   fb_counter
     0C:   00000174  C$fb_counter.c$116$3$5             fb_counter
     0C:   00000176  A$fb_counter$777                   fb_counter
     0C:   00000179  A$fb_counter$778                   fb_counter
     0C:   0000017B  A$fb_counter$782                   fb_counter
     0C:   0000017B  C$fb_counter.c$118$5$7             fb_counter
     0C:   0000017D  A$fb_counter$784                   fb_counter
     0C:   00000180  A$fb_counter$786                   fb_counter
     0C:   00000182  A$fb_counter$789                   fb_counter
     0C:   00000182  C$fb_counter.c$120$5$7             fb_counter
     0C:   00000184  A$fb_counter$790                   fb_counter
     0C:   00000186  A$fb_counter$791                   fb_counter
     0C:   00000187  A$fb_counter$792                   fb_counter
     0C:   00000188  A$fb_counter$793                   fb_counter
     0C:   0000018B  A$fb_counter$794                   fb_counter
     0C:   0000018C  A$fb_counter$795                   fb_counter
ASxxxx Linker V02.00 + NoICE + sdld,  page 26.
Hexadecimal  [32-Bits]

Area                                    Addr        Size        Decimal Bytes (Attributes)
--------------------------------        ----        ----        ------- ----- ------------
CSEG                                000000A5    00001BC5 =        7109. bytes (REL,CON,CODE)

      Value  Global                              Global Defined In Module
      -----  --------------------------------   ------------------------
     0C:   0000018D  A$fb_counter$796                   fb_counter
     0C:   0000018E  A$fb_counter$797                   fb_counter
     0C:   00000190  A$fb_counter$800                   fb_counter
     0C:   00000190  C$fb_counter.c$122$6$8             fb_counter
     0C:   00000192  A$fb_counter$801                   fb_counter
     0C:   00000194  A$fb_counter$802                   fb_counter
     0C:   00000196  A$fb_counter$803                   fb_counter
     0C:   00000198  A$fb_counter$804                   fb_counter
     0C:   0000019B  A$fb_counter$805                   fb_counter
     0C:   0000019D  A$fb_counter$806                   fb_counter
     0C:   0000019F  A$fb_counter$807                   fb_counter
     0C:   000001A1  A$fb_counter$811                   fb_counter
     0C:   000001A1  C$fb_counter.c$118$4$6             fb_counter
     0C:   000001A2  A$fb_counter$812                   fb_counter
     0C:   000001A3  A$fb_counter$813                   fb_counter
     0C:   000001A5  A$fb_counter$817                   fb_counter
     0C:   000001A5  C$fb_counter.c$125$4$6             fb_counter
     0C:   000001A8  A$fb_counter$822                   fb_counter
     0C:   000001A8  C$fb_counter.c$130$1$1             fb_counter
     0C:   000001AA  A$fb_counter$823                   fb_counter
     0C:   000001AC  A$fb_counter$824                   fb_counter
     0C:   000001AF  A$fb_counter$826                   fb_counter
     0C:   000001B1  A$fb_counter$827                   fb_counter
     0C:   000001B3  A$fb_counter$828                   fb_counter
     0C:   000001B5  A$fb_counter$829                   fb_counter
     0C:   000001B8  A$fb_counter$833                   fb_counter
     0C:   000001B8  C$fb_counter.c$131$4$9             fb_counter
     0C:   000001BA  A$fb_counter$836                   fb_counter
     0C:   000001BA  C$fb_counter.c$132$4$9             fb_counter
     0C:   000001BD  A$fb_counter$837                   fb_counter
     0C:   000001BF  A$fb_counter$838                   fb_counter
     0C:   000001C1  A$fb_counter$839                   fb_counter
     0C:   000001C3  A$fb_counter$840                   fb_counter
     0C:   000001C6  A$fb_counter$841                   fb_counter
     0C:   000001C8  A$fb_counter$842                   fb_counter
     0C:   000001CA  A$fb_counter$843                   fb_counter
     0C:   000001CC  A$fb_counter$844                   fb_counter
     0C:   000001CD  A$fb_counter$845                   fb_counter
     0C:   000001CF  A$fb_counter$846                   fb_counter
     0C:   000001D1  A$fb_counter$847                   fb_counter
     0C:   000001D3  A$fb_counter$848                   fb_counter
     0C:   000001D4  A$fb_counter$849                   fb_counter
     0C:   000001D5  A$fb_counter$850                   fb_counter
     0C:   000001D6  A$fb_counter$851                   fb_counter
     0C:   000001D7  A$fb_counter$854                   fb_counter
     0C:   000001D7  C$fb_counter.c$133$5$10            fb_counter
     0C:   000001D9  A$fb_counter$855                   fb_counter
     0C:   000001DB  A$fb_counter$856                   fb_counter
     0C:   000001DC  A$fb_counter$857                   fb_counter
     0C:   000001DD  A$fb_counter$858                   fb_counter
     0C:   000001DF  A$fb_counter$859                   fb_counter
ASxxxx Linker V02.00 + NoICE + sdld,  page 27.
Hexadecimal  [32-Bits]

Area                                    Addr        Size        Decimal Bytes (Attributes)
--------------------------------        ----        ----        ------- ----- ------------
CSEG                                000000A5    00001BC5 =        7109. bytes (REL,CON,CODE)

      Value  Global                              Global Defined In Module
      -----  --------------------------------   ------------------------
     0C:   000001E0  A$fb_counter$860                   fb_counter
     0C:   000001E1  A$fb_counter$861                   fb_counter
     0C:   000001E3  A$fb_counter$862                   fb_counter
     0C:   000001E4  A$fb_counter$863                   fb_counter
     0C:   000001E6  A$fb_counter$864                   fb_counter
     0C:   000001E8  A$fb_counter$867                   fb_counter
     0C:   000001E8  C$fb_counter.c$134$5$10            fb_counter
     0C:   000001EA  A$fb_counter$868                   fb_counter
     0C:   000001EB  A$fb_counter$869                   fb_counter
     0C:   000001EC  A$fb_counter$870                   fb_counter
     0C:   000001ED  A$fb_counter$871                   fb_counter
     0C:   000001EE  A$fb_counter$872                   fb_counter
     0C:   000001EF  A$fb_counter$873                   fb_counter
     0C:   000001F1  A$fb_counter$874                   fb_counter
     0C:   000001F2  A$fb_counter$875                   fb_counter
     0C:   000001F3  A$fb_counter$876                   fb_counter
     0C:   000001F5  A$fb_counter$877                   fb_counter
     0C:   000001F6  A$fb_counter$878                   fb_counter
     0C:   000001F7  A$fb_counter$879                   fb_counter
     0C:   000001F9  A$fb_counter$880                   fb_counter
     0C:   000001FA  A$fb_counter$881                   fb_counter
     0C:   000001FB  A$fb_counter$882                   fb_counter
     0C:   000001FD  A$fb_counter$883                   fb_counter
     0C:   000001FE  A$fb_counter$884                   fb_counter
     0C:   00000200  A$fb_counter$885                   fb_counter
     0C:   00000202  A$fb_counter$886                   fb_counter
     0C:   00000204  A$fb_counter$887                   fb_counter
     0C:   00000206  A$fb_counter$888                   fb_counter
     0C:   00000208  A$fb_counter$892                   fb_counter
     0C:   00000208  C$fb_counter.c$138$5$11            fb_counter
     0C:   0000020A  A$fb_counter$893                   fb_counter
     0C:   0000020C  A$fb_counter$894                   fb_counter
     0C:   0000020D  A$fb_counter$895                   fb_counter
     0C:   0000020F  A$fb_counter$896                   fb_counter
     0C:   00000210  A$fb_counter$897                   fb_counter
     0C:   00000211  A$fb_counter$898                   fb_counter
     0C:   00000213  A$fb_counter$899                   fb_counter
     0C:   00000214  A$fb_counter$900                   fb_counter
     0C:   00000216  A$fb_counter$901                   fb_counter
     0C:   00000218  A$fb_counter$904                   fb_counter
     0C:   00000218  C$fb_counter.c$139$5$11            fb_counter
     0C:   0000021A  A$fb_counter$905                   fb_counter
     0C:   0000021B  A$fb_counter$906                   fb_counter
     0C:   0000021C  A$fb_counter$907                   fb_counter
     0C:   0000021D  A$fb_counter$908                   fb_counter
     0C:   0000021E  A$fb_counter$909                   fb_counter
     0C:   0000021F  A$fb_counter$910                   fb_counter
     0C:   00000221  A$fb_counter$911                   fb_counter
     0C:   00000222  A$fb_counter$912                   fb_counter
     0C:   00000223  A$fb_counter$913                   fb_counter
     0C:   00000225  A$fb_counter$914                   fb_counter
ASxxxx Linker V02.00 + NoICE + sdld,  page 28.
Hexadecimal  [32-Bits]

Area                                    Addr        Size        Decimal Bytes (Attributes)
--------------------------------        ----        ----        ------- ----- ------------
CSEG                                000000A5    00001BC5 =        7109. bytes (REL,CON,CODE)

      Value  Global                              Global Defined In Module
      -----  --------------------------------   ------------------------
     0C:   00000226  A$fb_counter$915                   fb_counter
     0C:   00000227  A$fb_counter$916                   fb_counter
     0C:   00000229  A$fb_counter$917                   fb_counter
     0C:   0000022A  A$fb_counter$918                   fb_counter
     0C:   0000022B  A$fb_counter$919                   fb_counter
     0C:   0000022D  A$fb_counter$920                   fb_counter
     0C:   0000022E  A$fb_counter$921                   fb_counter
     0C:   00000230  A$fb_counter$922                   fb_counter
     0C:   00000232  A$fb_counter$923                   fb_counter
     0C:   00000234  A$fb_counter$924                   fb_counter
     0C:   00000236  A$fb_counter$928                   fb_counter
     0C:   00000236  C$fb_counter.c$141$4$9             fb_counter
     0C:   00000238  A$fb_counter$929                   fb_counter
     0C:   00000239  A$fb_counter$930                   fb_counter
     0C:   0000023A  A$fb_counter$931                   fb_counter
     0C:   0000023C  A$fb_counter$932                   fb_counter
     0C:   0000023F  A$fb_counter$937                   fb_counter
     0C:   0000023F  C$fb_counter.c$143$1$1             fb_counter
     0C:   00000241  A$fb_counter$938                   fb_counter
     0C:   00000243  A$fb_counter$939                   fb_counter
     0C:   00000246  A$fb_counter$941                   fb_counter
     0C:   00000248  A$fb_counter$942                   fb_counter
     0C:   0000024A  A$fb_counter$943                   fb_counter
     0C:   0000024C  A$fb_counter$944                   fb_counter
     0C:   0000024F  A$fb_counter$948                   fb_counter
     0C:   0000024F  C$fb_counter.c$144$4$12            fb_counter
     0C:   00000251  A$fb_counter$951                   fb_counter
     0C:   00000251  C$fb_counter.c$145$4$12            fb_counter
     0C:   00000254  A$fb_counter$952                   fb_counter
     0C:   00000256  A$fb_counter$953                   fb_counter
     0C:   00000258  A$fb_counter$954                   fb_counter
     0C:   0000025A  A$fb_counter$955                   fb_counter
     0C:   0000025D  A$fb_counter$956                   fb_counter
     0C:   0000025F  A$fb_counter$957                   fb_counter
     0C:   00000261  A$fb_counter$958                   fb_counter
     0C:   00000263  A$fb_counter$959                   fb_counter
     0C:   00000264  A$fb_counter$960                   fb_counter
     0C:   00000266  A$fb_counter$961                   fb_counter
     0C:   00000268  A$fb_counter$962                   fb_counter
     0C:   0000026A  A$fb_counter$963                   fb_counter
     0C:   0000026B  A$fb_counter$964                   fb_counter
     0C:   0000026C  A$fb_counter$965                   fb_counter
     0C:   0000026D  A$fb_counter$966                   fb_counter
     0C:   0000026E  A$fb_counter$969                   fb_counter
     0C:   0000026E  C$fb_counter.c$146$5$13            fb_counter
     0C:   00000270  A$fb_counter$970                   fb_counter
     0C:   00000272  A$fb_counter$971                   fb_counter
     0C:   00000273  A$fb_counter$972                   fb_counter
     0C:   00000274  A$fb_counter$973                   fb_counter
     0C:   00000276  A$fb_counter$974                   fb_counter
     0C:   00000277  A$fb_counter$975                   fb_counter
ASxxxx Linker V02.00 + NoICE + sdld,  page 29.
Hexadecimal  [32-Bits]

Area                                    Addr        Size        Decimal Bytes (Attributes)
--------------------------------        ----        ----        ------- ----- ------------
CSEG                                000000A5    00001BC5 =        7109. bytes (REL,CON,CODE)

      Value  Global                              Global Defined In Module
      -----  --------------------------------   ------------------------
     0C:   00000278  A$fb_counter$976                   fb_counter
     0C:   0000027A  A$fb_counter$977                   fb_counter
     0C:   0000027B  A$fb_counter$978                   fb_counter
     0C:   0000027D  A$fb_counter$979                   fb_counter
     0C:   0000027F  A$fb_counter$982                   fb_counter
     0C:   0000027F  C$fb_counter.c$147$5$13            fb_counter
     0C:   00000281  A$fb_counter$983                   fb_counter
     0C:   00000282  A$fb_counter$984                   fb_counter
     0C:   00000283  A$fb_counter$985                   fb_counter
     0C:   00000284  A$fb_counter$986                   fb_counter
     0C:   00000285  A$fb_counter$987                   fb_counter
     0C:   00000286  A$fb_counter$988                   fb_counter
     0C:   00000288  A$fb_counter$989                   fb_counter
     0C:   00000289  A$fb_counter$990                   fb_counter
     0C:   0000028A  A$fb_counter$991                   fb_counter
     0C:   0000028C  A$fb_counter$992                   fb_counter
     0C:   0000028D  A$fb_counter$993                   fb_counter
     0C:   0000028E  A$fb_counter$994                   fb_counter
     0C:   00000290  A$fb_counter$995                   fb_counter
     0C:   00000291  A$fb_counter$996                   fb_counter
     0C:   00000292  A$fb_counter$997                   fb_counter
     0C:   00000294  A$fb_counter$998                   fb_counter
     0C:   00000295  A$fb_counter$999                   fb_counter
     0C:   00000297  A$fb_counter$1000                  fb_counter
     0C:   00000299  A$fb_counter$1001                  fb_counter
     0C:   0000029B  A$fb_counter$1002                  fb_counter
     0C:   0000029D  A$fb_counter$1003                  fb_counter
     0C:   0000029F  A$fb_counter$1007                  fb_counter
     0C:   0000029F  C$fb_counter.c$150$5$14            fb_counter
     0C:   000002A1  A$fb_counter$1008                  fb_counter
     0C:   000002A3  A$fb_counter$1009                  fb_counter
     0C:   000002A4  A$fb_counter$1010                  fb_counter
     0C:   000002A6  A$fb_counter$1011                  fb_counter
     0C:   000002A7  A$fb_counter$1012                  fb_counter
     0C:   000002A8  A$fb_counter$1013                  fb_counter
     0C:   000002AA  A$fb_counter$1014                  fb_counter
     0C:   000002AB  A$fb_counter$1015                  fb_counter
     0C:   000002AD  A$fb_counter$1016                  fb_counter
     0C:   000002AF  A$fb_counter$1019                  fb_counter
     0C:   000002AF  C$fb_counter.c$151$5$14            fb_counter
     0C:   000002B1  A$fb_counter$1020                  fb_counter
     0C:   000002B2  A$fb_counter$1021                  fb_counter
     0C:   000002B3  A$fb_counter$1022                  fb_counter
     0C:   000002B4  A$fb_counter$1023                  fb_counter
     0C:   000002B5  A$fb_counter$1024                  fb_counter
     0C:   000002B6  A$fb_counter$1025                  fb_counter
     0C:   000002B8  A$fb_counter$1026                  fb_counter
     0C:   000002B9  A$fb_counter$1027                  fb_counter
     0C:   000002BA  A$fb_counter$1028                  fb_counter
     0C:   000002BC  A$fb_counter$1029                  fb_counter
     0C:   000002BD  A$fb_counter$1030                  fb_counter
ASxxxx Linker V02.00 + NoICE + sdld,  page 30.
Hexadecimal  [32-Bits]

Area                                    Addr        Size        Decimal Bytes (Attributes)
--------------------------------        ----        ----        ------- ----- ------------
CSEG                                000000A5    00001BC5 =        7109. bytes (REL,CON,CODE)

      Value  Global                              Global Defined In Module
      -----  --------------------------------   ------------------------
     0C:   000002BE  A$fb_counter$1031                  fb_counter
     0C:   000002C0  A$fb_counter$1032                  fb_counter
     0C:   000002C1  A$fb_counter$1033                  fb_counter
     0C:   000002C2  A$fb_counter$1034                  fb_counter
     0C:   000002C4  A$fb_counter$1035                  fb_counter
     0C:   000002C5  A$fb_counter$1036                  fb_counter
     0C:   000002C7  A$fb_counter$1037                  fb_counter
     0C:   000002C9  A$fb_counter$1038                  fb_counter
     0C:   000002CB  A$fb_counter$1039                  fb_counter
     0C:   000002CD  A$fb_counter$1043                  fb_counter
     0C:   000002CD  C$fb_counter.c$153$4$12            fb_counter
     0C:   000002CF  A$fb_counter$1044                  fb_counter
     0C:   000002D0  A$fb_counter$1045                  fb_counter
     0C:   000002D1  A$fb_counter$1046                  fb_counter
     0C:   000002D3  A$fb_counter$1047                  fb_counter
     0C:   000002D6  A$fb_counter$1051                  fb_counter
     0C:   000002D6  C$fb_counter.c$158$3$5             fb_counter
     0C:   000002D8  A$fb_counter$1052                  fb_counter
     0C:   000002DA  A$fb_counter$1053                  fb_counter
     0C:   000002DC  A$fb_counter$1056                  fb_counter
     0C:   000002DC  C$fb_counter.c$159$4$15            fb_counter
     0C:   000002DE  A$fb_counter$1057                  fb_counter
     0C:   000002E0  A$fb_counter$1058                  fb_counter
     0C:   000002E3  A$fb_counter$1059                  fb_counter
     0C:   000002E5  A$fb_counter$1060                  fb_counter
     0C:   000002E7  A$fb_counter$1064                  fb_counter
     0C:   000002E7  C$fb_counter.c$164$1$1             fb_counter
     0C:   000002E9  A$fb_counter$1066                  fb_counter
     0C:   000002EC  A$fb_counter$1068                  fb_counter
     0C:   000002EE  A$fb_counter$1071                  fb_counter
     0C:   000002EE  C$fb_counter.c$165$4$16            fb_counter
     0C:   000002EF  A$fb_counter$1072                  fb_counter
     0C:   000002F1  A$fb_counter$1073                  fb_counter
     0C:   000002F2  A$fb_counter$1074                  fb_counter
     0C:   000002F3  A$fb_counter$1075                  fb_counter
     0C:   000002F4  A$fb_counter$1076                  fb_counter
     0C:   000002F7  A$fb_counter$1079                  fb_counter
     0C:   000002F7  C$fb_counter.c$166$5$17            fb_counter
     0C:   000002FA  A$fb_counter$1082                  fb_counter
     0C:   000002FA  C$fb_counter.c$167$6$18            fb_counter
     0C:   000002FD  A$fb_counter$1083                  fb_counter
     0C:   000002FE  A$fb_counter$1084                  fb_counter
     0C:   000002FF  A$fb_counter$1085                  fb_counter
     0C:   00000300  A$fb_counter$1086                  fb_counter
     0C:   00000302  A$fb_counter$1087                  fb_counter
     0C:   00000304  A$fb_counter$1088                  fb_counter
     0C:   00000306  A$fb_counter$1089                  fb_counter
     0C:   00000308  A$fb_counter$1090                  fb_counter
     0C:   0000030B  A$fb_counter$1091                  fb_counter
     0C:   0000030D  A$fb_counter$1092                  fb_counter
     0C:   00000310  A$fb_counter$1093                  fb_counter
ASxxxx Linker V02.00 + NoICE + sdld,  page 31.
Hexadecimal  [32-Bits]

Area                                    Addr        Size        Decimal Bytes (Attributes)
--------------------------------        ----        ----        ------- ----- ------------
CSEG                                000000A5    00001BC5 =        7109. bytes (REL,CON,CODE)

      Value  Global                              Global Defined In Module
      -----  --------------------------------   ------------------------
     0C:   00000312  A$fb_counter$1094                  fb_counter
     0C:   00000314  A$fb_counter$1095                  fb_counter
     0C:   00000316  A$fb_counter$1098                  fb_counter
     0C:   00000316  C$fb_counter.c$168$6$18            fb_counter
     0C:   00000317  A$fb_counter$1099                  fb_counter
     0C:   00000319  A$fb_counter$1100                  fb_counter
     0C:   0000031A  A$fb_counter$1101                  fb_counter
     0C:   0000031B  A$fb_counter$1102                  fb_counter
     0C:   0000031C  A$fb_counter$1103                  fb_counter
     0C:   0000031F  A$fb_counter$1106                  fb_counter
     0C:   0000031F  C$fb_counter.c$169$7$19            fb_counter
     0C:   00000320  A$fb_counter$1107                  fb_counter
     0C:   00000321  A$fb_counter$1108                  fb_counter
     0C:   00000323  A$fb_counter$1109                  fb_counter
     0C:   00000324  A$fb_counter$1110                  fb_counter
     0C:   00000326  A$fb_counter$1111                  fb_counter
     0C:   00000327  A$fb_counter$1112                  fb_counter
     0C:   00000329  A$fb_counter$1113                  fb_counter
     0C:   0000032A  A$fb_counter$1114                  fb_counter
     0C:   0000032C  A$fb_counter$1115                  fb_counter
     0C:   0000032E  A$fb_counter$1119                  fb_counter
     0C:   0000032E  C$fb_counter.c$172$7$20            fb_counter
     0C:   0000032F  A$fb_counter$1120                  fb_counter
     0C:   00000330  A$fb_counter$1121                  fb_counter
     0C:   00000331  A$fb_counter$1122                  fb_counter
     0C:   00000333  A$fb_counter$1123                  fb_counter
     0C:   00000334  A$fb_counter$1124                  fb_counter
     0C:   00000336  A$fb_counter$1125                  fb_counter
     0C:   00000337  A$fb_counter$1126                  fb_counter
     0C:   00000339  A$fb_counter$1130                  fb_counter
     0C:   00000339  C$fb_counter.c$174$6$18            fb_counter
     0C:   0000033B  A$fb_counter$1131                  fb_counter
     0C:   0000033C  A$fb_counter$1132                  fb_counter
     0C:   0000033D  A$fb_counter$1136                  fb_counter
     0C:   0000033D  C$fb_counter.c$164$3$5             fb_counter
     0C:   0000033E  A$fb_counter$1137                  fb_counter
     0C:   0000033F  A$fb_counter$1138                  fb_counter
     0C:   00000341  A$fb_counter$1142                  fb_counter
     0C:   00000341  C$fb_counter.c$182$2$4             fb_counter
     0C:   00000343  A$fb_counter$1148                  fb_counter
     0C:   00000343  C$fb_counter.c$184$2$4             fb_counter
     0C:   00000343  C$fb_counter.c$185$3$21            fb_counter
     0C:   00000346  A$fb_counter$1149                  fb_counter
     0C:   00000348  A$fb_counter$1153                  fb_counter
     0C:   00000348  C$fb_counter.c$186$3$21            fb_counter
     0C:   0000034A  A$fb_counter$1156                  fb_counter
     0C:   0000034A  C$fb_counter.c$187$3$21            fb_counter
     0C:   0000034C  A$fb_counter$1157                  fb_counter
     0C:   0000034E  A$fb_counter$1158                  fb_counter
     0C:   00000351  A$fb_counter$1159                  fb_counter
     0C:   00000353  A$fb_counter$1160                  fb_counter
ASxxxx Linker V02.00 + NoICE + sdld,  page 32.
Hexadecimal  [32-Bits]

Area                                    Addr        Size        Decimal Bytes (Attributes)
--------------------------------        ----        ----        ------- ----- ------------
CSEG                                000000A5    00001BC5 =        7109. bytes (REL,CON,CODE)

      Value  Global                              Global Defined In Module
      -----  --------------------------------   ------------------------
     0C:   00000355  A$fb_counter$1161                  fb_counter
     0C:   00000357  A$fb_counter$1165                  fb_counter
     0C:   00000357  C$fb_counter.c$190$3$4             fb_counter
     0C:   00000359  A$fb_counter$1167                  fb_counter
     0C:   0000035B  A$fb_counter$1168                  fb_counter
     0C:   0000035C  A$fb_counter$1169                  fb_counter
     0C:   0000035E  A$fb_counter$1170                  fb_counter
     0C:   0000035F  A$fb_counter$1171                  fb_counter
     0C:   00000361  A$fb_counter$1177                  fb_counter
     0C:   00000361  C$fb_counter.c$196$2$4             fb_counter
     0C:   00000361  C$fb_counter.c$197$3$23            fb_counter
     0C:   00000364  A$fb_counter$1178                  fb_counter
     0C:   00000366  A$fb_counter$1182                  fb_counter
     0C:   00000366  C$fb_counter.c$198$3$23            fb_counter
     0C:   00000368  A$fb_counter$1185                  fb_counter
     0C:   00000368  C$fb_counter.c$199$3$23            fb_counter
     0C:   0000036B  A$fb_counter$1191                  fb_counter
     0C:   0000036B  C$fb_counter.c$200$4$24            fb_counter
     0C:   0000036B  C$fb_counter.c$201$4$24            fb_counter
     0C:   0000036E  A$fb_counter$1192                  fb_counter
     0C:   00000370  A$fb_counter$1196                  fb_counter
     0C:   00000370  C$fb_counter.c$202$4$24            fb_counter
     0C:   00000373  A$fb_counter$1200                  fb_counter
     0C:   00000373  C$fb_counter.c$204$3$23            fb_counter
     0C:   00000376  A$fb_counter$1203                  fb_counter
     0C:   00000376  C$fb_counter.c$205$4$25            fb_counter
     0C:   00000378  A$fb_counter$1206                  fb_counter
     0C:   00000378  C$fb_counter.c$206$4$25            fb_counter
[...]
     0C:   00001A81  A$fb_lpc922$2822                   fb_lpc922
     0C:   00001A81  C$fb_lpc922.c$656$1$1              fb_lpc922
ASxxxx Linker V02.00 + NoICE + sdld,  page 111.
Hexadecimal  [32-Bits]

Area                                    Addr        Size        Decimal Bytes (Attributes)
--------------------------------        ----        ----        ------- ----- ------------
CSEG                                000000A5    00001BC5 =        7109. bytes (REL,CON,CODE)

      Value  Global                              Global Defined In Module
      -----  --------------------------------   ------------------------
     0C:   00001A81  XG$read_objflags$0$0               fb_lpc922
     0C:   00001A83  A$fb_lpc922$2823                   fb_lpc922
     0C:   00001A84  A$fb_lpc922$2844                   fb_lpc922
     0C:   00001A84  C$fb_lpc922.c$660$1$1              fb_lpc922
     0C:   00001A84  G$find_first_objno$0$0             fb_lpc922
     0C:   00001A84  _find_first_objno                  fb_lpc922
     0C:   00001A86  A$fb_lpc922$2845                   fb_lpc922
     0C:   00001A89  A$fb_lpc922$2846                   fb_lpc922
     0C:   00001A8B  A$fb_lpc922$2849                   fb_lpc922
     0C:   00001A8B  C$fb_lpc922.c$664$1$1              fb_lpc922
     0C:   00001A8D  A$fb_lpc922$2852                   fb_lpc922
     0C:   00001A8D  C$fb_lpc922.c$665$1$1              fb_lpc922
     0C:   00001A8F  A$fb_lpc922$2853                   fb_lpc922
     0C:   00001A91  A$fb_lpc922$2854                   fb_lpc922
     0C:   00001A93  A$fb_lpc922$2855                   fb_lpc922
     0C:   00001A94  A$fb_lpc922$2856                   fb_lpc922
     0C:   00001A95  A$fb_lpc922$2857                   fb_lpc922
     0C:   00001A97  A$fb_lpc922$2858                   fb_lpc922
     0C:   00001A99  A$fb_lpc922$2859                   fb_lpc922
     0C:   00001A9C  A$fb_lpc922$2860                   fb_lpc922
     0C:   00001A9E  A$fb_lpc922$2861                   fb_lpc922
     0C:   00001AA0  A$fb_lpc922$2862                   fb_lpc922
     0C:   00001AA2  A$fb_lpc922$2865                   fb_lpc922
     0C:   00001AA2  C$fb_lpc922.c$667$1$1              fb_lpc922
     0C:   00001AA5  A$fb_lpc922$2866                   fb_lpc922
     0C:   00001AA6  A$fb_lpc922$2867                   fb_lpc922
     0C:   00001AA7  A$fb_lpc922$2870                   fb_lpc922
     0C:   00001AA7  C$fb_lpc922.c$668$1$1              fb_lpc922
     0C:   00001AA8  A$fb_lpc922$2871                   fb_lpc922
     0C:   00001AAA  A$fb_lpc922$2872                   fb_lpc922
     0C:   00001AAD  A$fb_lpc922$2873                   fb_lpc922
     0C:   00001AAE  A$fb_lpc922$2874                   fb_lpc922
     0C:   00001AAF  A$fb_lpc922$2875                   fb_lpc922
     0C:   00001AB0  A$fb_lpc922$2878                   fb_lpc922
     0C:   00001AB0  C$fb_lpc922.c$669$1$1              fb_lpc922
     0C:   00001AB3  A$fb_lpc922$2879                   fb_lpc922
     0C:   00001AB5  A$fb_lpc922$2883                   fb_lpc922
     0C:   00001AB5  C$fb_lpc922.c$670$2$2              fb_lpc922
     0C:   00001AB7  A$fb_lpc922$2886                   fb_lpc922
     0C:   00001AB7  C$fb_lpc922.c$671$2$2              fb_lpc922
     0C:   00001AB8  A$fb_lpc922$2890                   fb_lpc922
     0C:   00001AB8  C$fb_lpc922.c$672$1$1              fb_lpc922
     0C:   00001AB9  A$fb_lpc922$2891                   fb_lpc922
     0C:   00001ABA  A$fb_lpc922$2892                   fb_lpc922
     0C:   00001ABB  A$fb_lpc922$2893                   fb_lpc922
     0C:   00001ABD  A$fb_lpc922$2896                   fb_lpc922
     0C:   00001ABD  C$fb_lpc922.c$673$3$3              fb_lpc922
     0C:   00001ABF  A$fb_lpc922$2897                   fb_lpc922
     0C:   00001AC2  A$fb_lpc922$2898                   fb_lpc922
     0C:   00001AC3  A$fb_lpc922$2899                   fb_lpc922
     0C:   00001AC4  A$fb_lpc922$2900                   fb_lpc922
ASxxxx Linker V02.00 + NoICE + sdld,  page 112.
Hexadecimal  [32-Bits]

Area                                    Addr        Size        Decimal Bytes (Attributes)
--------------------------------        ----        ----        ------- ----- ------------
CSEG                                000000A5    00001BC5 =        7109. bytes (REL,CON,CODE)

      Value  Global                              Global Defined In Module
      -----  --------------------------------   ------------------------
     0C:   00001AC5  A$fb_lpc922$2903                   fb_lpc922
     0C:   00001AC5  C$fb_lpc922.c$674$3$3              fb_lpc922
     0C:   00001AC6  A$fb_lpc922$2904                   fb_lpc922
     0C:   00001AC9  A$fb_lpc922$2907                   fb_lpc922
     0C:   00001AC9  C$fb_lpc922.c$675$4$4              fb_lpc922
     0C:   00001ACA  A$fb_lpc922$2908                   fb_lpc922
     0C:   00001ACB  A$fb_lpc922$2909                   fb_lpc922
     0C:   00001ACE  A$fb_lpc922$2910                   fb_lpc922
     0C:   00001ACF  A$fb_lpc922$2911                   fb_lpc922
     0C:   00001AD0  A$fb_lpc922$2912                   fb_lpc922
     0C:   00001AD1  A$fb_lpc922$2915                   fb_lpc922
     0C:   00001AD1  C$fb_lpc922.c$676$4$4              fb_lpc922
     0C:   00001AD3  A$fb_lpc922$2919                   fb_lpc922
     0C:   00001AD3  C$fb_lpc922.c$678$3$3              fb_lpc922
     0C:   00001AD4  A$fb_lpc922$2922                   fb_lpc922
     0C:   00001AD4  C$fb_lpc922.c$679$3$3              fb_lpc922
     0C:   00001AD5  A$fb_lpc922$2923                   fb_lpc922
     0C:   00001AD6  A$fb_lpc922$2924                   fb_lpc922
     0C:   00001AD8  A$fb_lpc922$2928                   fb_lpc922
     0C:   00001AD8  C$fb_lpc922.c$682$1$1              fb_lpc922
     0C:   00001ADA  A$fb_lpc922$2929                   fb_lpc922
     0C:   00001ADC  A$fb_lpc922$2932                   fb_lpc922
     0C:   00001ADC  C$fb_lpc922.c$683$1$1              fb_lpc922
     0C:   00001ADC  XG$find_first_objno$0$0            fb_lpc922
     0C:   00001ADD  A$fb_lpc922$2949                   fb_lpc922
     0C:   00001ADD  C$fb_lpc922.c$687$1$1              fb_lpc922
     0C:   00001ADD  G$find_ga$0$0                      fb_lpc922
     0C:   00001ADD  _find_ga                           fb_lpc922
     0C:   00001ADF  A$fb_lpc922$2952                   fb_lpc922
     0C:   00001ADF  C$fb_lpc922.c$692$1$1              fb_lpc922
     0C:   00001AE1  A$fb_lpc922$2955                   fb_lpc922
     0C:   00001AE1  C$fb_lpc922.c$693$1$1              fb_lpc922
     0C:   00001AE4  A$fb_lpc922$2956                   fb_lpc922
     0C:   00001AE5  A$fb_lpc922$2957                   fb_lpc922
     0C:   00001AE6  A$fb_lpc922$2958                   fb_lpc922
     0C:   00001AE7  A$fb_lpc922$2961                   fb_lpc922
     0C:   00001AE7  C$fb_lpc922.c$694$1$1              fb_lpc922
     0C:   00001AE8  A$fb_lpc922$2962                   fb_lpc922
     0C:   00001AE9  A$fb_lpc922$2963                   fb_lpc922
     0C:   00001AEA  A$fb_lpc922$2964                   fb_lpc922
     0C:   00001AEB  A$fb_lpc922$2967                   fb_lpc922
     0C:   00001AEB  C$fb_lpc922.c$696$1$1              fb_lpc922
     0C:   00001AEC  A$fb_lpc922$2968                   fb_lpc922
     0C:   00001AED  A$fb_lpc922$2969                   fb_lpc922
     0C:   00001AF0  A$fb_lpc922$2970                   fb_lpc922
     0C:   00001AF1  A$fb_lpc922$2971                   fb_lpc922
     0C:   00001AF2  A$fb_lpc922$2972                   fb_lpc922
     0C:   00001AF5  A$fb_lpc922$2973                   fb_lpc922
     0C:   00001AF7  A$fb_lpc922$2974                   fb_lpc922
     0C:   00001AFA  A$fb_lpc922$2975                   fb_lpc922
     0C:   00001AFB  A$fb_lpc922$2976                   fb_lpc922
ASxxxx Linker V02.00 + NoICE + sdld,  page 113.
Hexadecimal  [32-Bits]

Area                                    Addr        Size        Decimal Bytes (Attributes)
--------------------------------        ----        ----        ------- ----- ------------
CSEG                                000000A5    00001BC5 =        7109. bytes (REL,CON,CODE)

      Value  Global                              Global Defined In Module
      -----  --------------------------------   ------------------------
     0C:   00001AFC  A$fb_lpc922$2977                   fb_lpc922
     0C:   00001AFD  A$fb_lpc922$2978                   fb_lpc922
     0C:   00001AFE  A$fb_lpc922$2982                   fb_lpc922
     0C:   00001AFE  C$fb_lpc922.c$698$1$1              fb_lpc922
     0C:   00001B01  A$fb_lpc922$2983                   fb_lpc922
     0C:   00001B03  A$fb_lpc922$2987                   fb_lpc922
     0C:   00001B03  C$fb_lpc922.c$700$2$2              fb_lpc922
     0C:   00001B04  A$fb_lpc922$2988                   fb_lpc922
     0C:   00001B05  A$fb_lpc922$2989                   fb_lpc922
     0C:   00001B06  A$fb_lpc922$2990                   fb_lpc922
     0C:   00001B08  A$fb_lpc922$2991                   fb_lpc922
     0C:   00001B0B  A$fb_lpc922$2992                   fb_lpc922
     0C:   00001B0C  A$fb_lpc922$2993                   fb_lpc922
     0C:   00001B0D  A$fb_lpc922$2994                   fb_lpc922
     0C:   00001B0F  A$fb_lpc922$2997                   fb_lpc922
     0C:   00001B0F  C$fb_lpc922.c$701$2$2              fb_lpc922
     0C:   00001B11  A$fb_lpc922$2998                   fb_lpc922
     0C:   00001B12  A$fb_lpc922$2999                   fb_lpc922
     0C:   00001B15  A$fb_lpc922$3000                   fb_lpc922
     0C:   00001B16  A$fb_lpc922$3001                   fb_lpc922
     0C:   00001B17  A$fb_lpc922$3002                   fb_lpc922
     0C:   00001B19  A$fb_lpc922$3003                   fb_lpc922
     0C:   00001B1A  A$fb_lpc922$3004                   fb_lpc922
     0C:   00001B1B  A$fb_lpc922$3005                   fb_lpc922
     0C:   00001B1C  A$fb_lpc922$3006                   fb_lpc922
     0C:   00001B1D  A$fb_lpc922$3007                   fb_lpc922
     0C:   00001B1E  A$fb_lpc922$3008                   fb_lpc922
     0C:   00001B20  A$fb_lpc922$3012                   fb_lpc922
     0C:   00001B20  C$fb_lpc922.c$703$1$1              fb_lpc922
     0C:   00001B22  A$fb_lpc922$3013                   fb_lpc922
     0C:   00001B24  A$fb_lpc922$3017                   fb_lpc922
     0C:   00001B24  C$fb_lpc922.c$705$1$1              fb_lpc922
     0C:   00001B26  A$fb_lpc922$3018                   fb_lpc922
     0C:   00001B28  A$fb_lpc922$3021                   fb_lpc922
     0C:   00001B28  C$fb_lpc922.c$706$1$1              fb_lpc922
     0C:   00001B28  XG$find_ga$0$0                     fb_lpc922
     0C:   00001B29  A$fb_lpc922$3034                   fb_lpc922
     0C:   00001B29  C$fb_lpc922.c$711$1$1              fb_lpc922
     0C:   00001B29  C$fb_lpc922.c$713$1$1              fb_lpc922
     0C:   00001B29  G$restart_hw$0$0                   fb_lpc922
     0C:   00001B29  _restart_hw                        fb_lpc922
     0C:   00001B2C  A$fb_lpc922$3037                   fb_lpc922
     0C:   00001B2C  C$fb_lpc922.c$715$1$1              fb_lpc922
     0C:   00001B2F  A$fb_lpc922$3040                   fb_lpc922
     0C:   00001B2F  C$fb_lpc922.c$716$1$1              fb_lpc922
     0C:   00001B32  A$fb_lpc922$3043                   fb_lpc922
     0C:   00001B32  C$fb_lpc922.c$720$1$1              fb_lpc922
     0C:   00001B34  A$fb_lpc922$3046                   fb_lpc922
     0C:   00001B34  C$fb_lpc922.c$722$1$1              fb_lpc922
     0C:   00001B37  A$fb_lpc922$3049                   fb_lpc922
     0C:   00001B37  C$fb_lpc922.c$723$1$1              fb_lpc922
ASxxxx Linker V02.00 + NoICE + sdld,  page 114.
Hexadecimal  [32-Bits]

Area                                    Addr        Size        Decimal Bytes (Attributes)
--------------------------------        ----        ----        ------- ----- ------------
CSEG                                000000A5    00001BC5 =        7109. bytes (REL,CON,CODE)

      Value  Global                              Global Defined In Module
      -----  --------------------------------   ------------------------
     0C:   00001B3A  A$fb_lpc922$3052                   fb_lpc922
     0C:   00001B3A  C$fb_lpc922.c$724$1$1              fb_lpc922
     0C:   00001B3C  A$fb_lpc922$3055                   fb_lpc922
     0C:   00001B3C  C$fb_lpc922.c$725$1$1              fb_lpc922
     0C:   00001B3E  A$fb_lpc922$3058                   fb_lpc922
     0C:   00001B3E  C$fb_lpc922.c$726$1$1              fb_lpc922
     0C:   00001B41  A$fb_lpc922$3061                   fb_lpc922
     0C:   00001B41  C$fb_lpc922.c$727$1$1              fb_lpc922
     0C:   00001B44  A$fb_lpc922$3064                   fb_lpc922
     0C:   00001B44  C$fb_lpc922.c$728$1$1              fb_lpc922
     0C:   00001B46  A$fb_lpc922$3067                   fb_lpc922
     0C:   00001B46  C$fb_lpc922.c$730$1$1              fb_lpc922
     0C:   00001B49  A$fb_lpc922$3070                   fb_lpc922
     0C:   00001B49  C$fb_lpc922.c$731$1$1              fb_lpc922
     0C:   00001B4C  A$fb_lpc922$3073                   fb_lpc922
     0C:   00001B4C  C$fb_lpc922.c$732$1$1              fb_lpc922
     0C:   00001B4F  A$fb_lpc922$3076                   fb_lpc922
     0C:   00001B4F  C$fb_lpc922.c$734$1$1              fb_lpc922
     0C:   00001B51  A$fb_lpc922$3079                   fb_lpc922
     0C:   00001B51  C$fb_lpc922.c$735$1$1              fb_lpc922
     0C:   00001B54  A$fb_lpc922$3082                   fb_lpc922
     0C:   00001B54  C$fb_lpc922.c$736$1$1              fb_lpc922
     0C:   00001B57  A$fb_lpc922$3085                   fb_lpc922
     0C:   00001B57  C$fb_lpc922.c$738$1$1              fb_lpc922
     0C:   00001B59  A$fb_lpc922$3088                   fb_lpc922
     0C:   00001B59  C$fb_lpc922.c$739$1$1              fb_lpc922
     0C:   00001B5B  A$fb_lpc922$3091                   fb_lpc922
     0C:   00001B5B  C$fb_lpc922.c$740$1$1              fb_lpc922
     0C:   00001B5D  A$fb_lpc922$3094                   fb_lpc922
     0C:   00001B5D  C$fb_lpc922.c$741$1$1              fb_lpc922
     0C:   00001B5F  A$fb_lpc922$3097                   fb_lpc922
     0C:   00001B5F  C$fb_lpc922.c$743$1$1              fb_lpc922
     0C:   00001B62  A$fb_lpc922$3100                   fb_lpc922
     0C:   00001B62  C$fb_lpc922.c$744$1$1              fb_lpc922
     0C:   00001B65  A$fb_lpc922$3103                   fb_lpc922
     0C:   00001B65  C$fb_lpc922.c$745$1$1              fb_lpc922
     0C:   00001B67  A$fb_lpc922$3106                   fb_lpc922
     0C:   00001B67  C$fb_lpc922.c$747$1$1              fb_lpc922
     0C:   00001B6A  A$fb_lpc922$3109                   fb_lpc922
     0C:   00001B6A  C$fb_lpc922.c$749$1$1              fb_lpc922
     0C:   00001B6C  A$fb_lpc922$3112                   fb_lpc922
     0C:   00001B6C  C$fb_lpc922.c$750$1$1              fb_lpc922
     0C:   00001B6E  A$fb_lpc922$3115                   fb_lpc922
     0C:   00001B6E  C$fb_lpc922.c$751$1$1              fb_lpc922
     0C:   00001B70  A$fb_lpc922$3118                   fb_lpc922
     0C:   00001B70  C$fb_lpc922.c$752$1$1              fb_lpc922
     0C:   00001B72  A$fb_lpc922$3121                   fb_lpc922
     0C:   00001B72  C$fb_lpc922.c$753$1$1              fb_lpc922
     0C:   00001B74  A$fb_lpc922$3124                   fb_lpc922
     0C:   00001B74  C$fb_lpc922.c$754$1$1              fb_lpc922
     0C:   00001B76  A$fb_lpc922$3127                   fb_lpc922
ASxxxx Linker V02.00 + NoICE + sdld,  page 115.
Hexadecimal  [32-Bits]

Area                                    Addr        Size        Decimal Bytes (Attributes)
--------------------------------        ----        ----        ------- ----- ------------
CSEG                                000000A5    00001BC5 =        7109. bytes (REL,CON,CODE)

      Value  Global                              Global Defined In Module
      -----  --------------------------------   ------------------------
     0C:   00001B76  C$fb_lpc922.c$755$1$1              fb_lpc922
     0C:   00001B79  A$fb_lpc922$3130                   fb_lpc922
     0C:   00001B79  C$fb_lpc922.c$756$1$1              fb_lpc922
     0C:   00001B7C  A$fb_lpc922$3133                   fb_lpc922
     0C:   00001B7C  C$fb_lpc922.c$757$1$1              fb_lpc922
     0C:   00001B7F  A$fb_lpc922$3136                   fb_lpc922
     0C:   00001B7F  C$fb_lpc922.c$758$1$1              fb_lpc922
     0C:   00001B81  A$fb_lpc922$3139                   fb_lpc922
     0C:   00001B81  C$fb_lpc922.c$759$1$1              fb_lpc922
     0C:   00001B83  A$fb_lpc922$3142                   fb_lpc922
     0C:   00001B83  C$fb_lpc922.c$760$1$1              fb_lpc922
     0C:   00001B85  A$fb_lpc922$3145                   fb_lpc922
     0C:   00001B85  C$fb_lpc922.c$761$1$1              fb_lpc922
     0C:   00001B88  A$fb_lpc922$3148                   fb_lpc922
     0C:   00001B88  C$fb_lpc922.c$762$1$1              fb_lpc922
     0C:   00001B88  XG$restart_hw$0$0                  fb_lpc922
     0C:   00001B89  __divulong                         _divulong
     0C:   00001B8F  __divlong                          _divulong
     0C:   00001BF6  __mullong                          _mullong
     0C:   00001BF6  __mullong_dummy                    _mullong
     0C:   00001C66  __sdcc_external_startup            _startup

ASxxxx Linker V02.00 + NoICE + sdld,  page 116.
Hexadecimal  [32-Bits]

Area                                    Addr        Size        Decimal Bytes (Attributes)
--------------------------------        ----        ----        ------- ----- ------------
CONST                               00001C6A    00000018 =          24. bytes (REL,CON,CODE)

      Value  Global                              Global Defined In Module
      -----  --------------------------------   ------------------------
     0C:   00001C6A  G$bitmask_1$0$0                    fb_counter
     0C:   00001C6A  _bitmask_1                         fb_counter
     0C:   00001C72  G$paraindex_timer$0$0              fb_app_counter
     0C:   00001C72  _paraindex_timer                   fb_app_counter
     0C:   00001C7A  G$objno_timer$0$0                  fb_app_counter
     0C:   00001C7A  _objno_timer                       fb_app_counter
ASxxxx Linker V02.00 + NoICE + sdld,  page 117.

Files Linked                              [ module(s) ]

fb_counter.rel                            [  ]
fb_app_counter.rel                        [  ]


Libraries Linked                          [ object file ]

C:\Freebus\C_Programme\oldisprogramm\lib_lpc922\Release/fb_lpc922.lib
                                          [ fb_lpc922 ]
C:\Programme\SDCC\bin\..\lib\small-stack-auto/mcs51.lib
                                          [ crtclear.rel ]
C:\Programme\SDCC\bin\..\lib\small-stack-auto/mcs51.lib
                                          [ crtxinit.rel ]
C:\Programme\SDCC\bin\..\lib\small-stack-auto/mcs51.lib
                                          [ crtxclear.rel ]
C:\Programme\SDCC\bin\..\lib\small-stack-auto/liblong.lib
                                          [ _divulong.rel ]
C:\Programme\SDCC\bin\..\lib\small-stack-auto/libsdcc.lib
                                          [ _bp.rel ]
C:\Programme\SDCC\bin\..\lib\small-stack-auto/mcs51.lib
                                          [ crtpagesfr.rel ]
C:\Programme\SDCC\bin\..\lib\small-stack-auto/mcs51.lib
                                          [ crtstart.rel ]
C:\Programme\SDCC\bin\..\lib\small-stack-auto/liblong.lib
                                          [ _mullong.rel ]
C:\Programme\SDCC\bin\..\lib\small-stack-auto/libsdcc.lib
                                          [ _startup.rel ]

ASxxxx Linker V02.00 + NoICE + sdld,  page 118.

User Base Address Definitions

HOME = 0x0000
DSEG = 0x0020
ISEG = 0x0000
BSEG = 0x0000

